Archive member included because of file (symbol)

../common/lib/libsymm_mpc8313_PtpGpsSe.a(sc_chan_gps.o)
                              ../common/user_if/sc_ui_gps.o (SC_ChanSwtMode)
../common/lib/libsymm_mpc8313_PtpGpsSe.a(sc_alarms_gps.o)
                              ../common/lib/libsymm_mpc8313_PtpGpsSe.a(sc_chan_gps.o) (sc_alarm_lst)
../common/lib/libsymm_mpc8313_PtpGpsSe.a(CLK_gps.o)
                              ../common/lib/libsymm_mpc8313_PtpGpsSe.a(sc_chan_gps.o) (Get_servoAccept)
../common/lib/libsymm_mpc8313_PtpGpsSe.a(clk_ana_gps.o)
                              ../common/lib/libsymm_mpc8313_PtpGpsSe.a(CLK_gps.o) (fll_status_1min)
../common/lib/libsymm_mpc8313_PtpGpsSe.a(clk_acq_gps.o)
                              ../common/lib/libsymm_mpc8313_PtpGpsSe.a(CLK_gps.o) (min_detilt)
../common/lib/libsymm_mpc8313_PtpGpsSe.a(clk_input_gps.o)
                              ../common/lib/libsymm_mpc8313_PtpGpsSe.a(CLK_gps.o) (set_update_phy_flag)
../common/lib/libsymm_mpc8313_PtpGpsSe.a(clk_main_gps.o)
                              ../common/lib/libsymm_mpc8313_PtpGpsSe.a(CLK_gps.o) (jam_now_flag)
../common/lib/libsymm_mpc8313_PtpGpsSe.a(sc_ptp_servo_gps.o)
                              ../common/lib/libsymm_mpc8313_PtpGpsSe.a(CLK_gps.o) (kOscOffsetLimit)
../common/lib/libsymm_mpc8313_PtpGpsSe.a(sc_system_gps.o)
                              ../common/config_if/sc_readconfig_gps.o (SC_InitPtpConfig)
../common/lib/libsymm_mpc8313_PtpGpsSe.a(DBG_gps.o)
                              ../common/user_if/sc_ui_gps.o (SC_DbgConfig)
../common/lib/libsymm_mpc8313_PtpGpsSe.a(sc_mnt_gps.o)
                              ../common/lib/libsymm_mpc8313_PtpGpsSe.a(sc_system_gps.o) (SC_InitMnt)
../common/lib/libsymm_mpc8313_PtpGpsSe.a(THD_gps.o)
                              ../common/lib/libsymm_mpc8313_PtpGpsSe.a(sc_system_gps.o) (THD_InitTimeRes)
../common/lib/libsymm_mpc8313_PtpGpsSe.a(sc_gps.o)
                              ../common/user_if/sc_ui_gps.o (SC_GpsStat)
../common/lib/libsymm_mpc8313_PtpGpsSe.a(GPS.o)
                              ../common/lib/libsymm_mpc8313_PtpGpsSe.a(sc_system_gps.o) (GPS_Init)
../common/lib/libsymm_mpc8313_PtpGpsSe.a(SE.o)
                              ../common/lib/libsymm_mpc8313_PtpGpsSe.a(sc_system_gps.o) (SE_Init)
../common/lib/libsymm_mpc8313_PtpGpsSe.a(PTP_gps.o)
                              ../common/lib/libsymm_mpc8313_PtpGpsSe.a(sc_system_gps.o) (PTP_Init)
../common/lib/libsymm_mpc8313_PtpGpsSe.a(CTLmain_gps.o)
                              ../common/lib/libsymm_mpc8313_PtpGpsSe.a(sc_mnt_gps.o) (CTL_s_comIf)
../common/lib/libsymm_mpc8313_PtpGpsSe.a(CTLflt_gps.o)
                              ../common/lib/libsymm_mpc8313_PtpGpsSe.a(PTP_gps.o) (CTLflt_Init)
../common/lib/libsymm_mpc8313_PtpGpsSe.a(CTLds_gps.o)
                              ../common/lib/libsymm_mpc8313_PtpGpsSe.a(CTLmain_gps.o) (CTL_InitClockDS)
../common/lib/libsymm_mpc8313_PtpGpsSe.a(CLKflt_gps.o)
                              ../common/lib/libsymm_mpc8313_PtpGpsSe.a(CTLflt_gps.o) (SC_ClkFltInit)
../common/lib/libsymm_mpc8313_PtpGpsSe.a(SLVdel_gps.o)
                              ../common/lib/libsymm_mpc8313_PtpGpsSe.a(CTLmain_gps.o) (SLV_SetDelReqInt)
../common/lib/libsymm_mpc8313_PtpGpsSe.a(SLVdel_queue_gps.o)
                              ../common/lib/libsymm_mpc8313_PtpGpsSe.a(SLVdel_gps.o) (Put_Delay_Timestamp)
../common/lib/libsymm_mpc8313_PtpGpsSe.a(SLVsyn_gps.o)
                              ../common/lib/libsymm_mpc8313_PtpGpsSe.a(CTLmain_gps.o) (SLV_SetSyncInt)
../common/lib/libsymm_mpc8313_PtpGpsSe.a(SLVmain_gps.o)
                              ../common/lib/libsymm_mpc8313_PtpGpsSe.a(SLVdel_gps.o) (SLV_as_portId)
../common/lib/libsymm_mpc8313_PtpGpsSe.a(MNTmain_gps.o)
                              ../common/lib/libsymm_mpc8313_PtpGpsSe.a(CTLmain_gps.o) (MNT_Init)
../common/lib/libsymm_mpc8313_PtpGpsSe.a(MNTapi_gps.o)
                              ../common/lib/libsymm_mpc8313_PtpGpsSe.a(sc_mnt_gps.o) (MNTapi_ClkDesc)
../common/lib/libsymm_mpc8313_PtpGpsSe.a(MNTmsg_gps.o)
                              ../common/lib/libsymm_mpc8313_PtpGpsSe.a(MNTmain_gps.o) (MNTmsg_HandleGet)
../common/lib/libsymm_mpc8313_PtpGpsSe.a(NIFmain_gps.o)
                              ../common/lib/libsymm_mpc8313_PtpGpsSe.a(CTLmain_gps.o) (NIF_Init)
../common/lib/libsymm_mpc8313_PtpGpsSe.a(NIFtx_gps.o)
                              ../common/lib/libsymm_mpc8313_PtpGpsSe.a(CTLmain_gps.o) (NIF_Set_PTP_subdomain)
../common/lib/libsymm_mpc8313_PtpGpsSe.a(UCMmain_gps.o)
                              ../common/lib/libsymm_mpc8313_PtpGpsSe.a(CTLmain_gps.o) (UCM_Init)
../common/lib/libsymm_mpc8313_PtpGpsSe.a(DISmain_gps.o)
                              ../common/lib/libsymm_mpc8313_PtpGpsSe.a(CTLmain_gps.o) (DIS_Init)
../common/lib/libsymm_mpc8313_PtpGpsSe.a(DISnet_gps.o)
                              ../common/lib/libsymm_mpc8313_PtpGpsSe.a(CTLmain_gps.o) (DISnet_Init)
[...]
Memory Configuration

Name             Origin             Length             Attributes
*default*        0x00000000         0xffffffff

Linker script and memory map

LOAD /opt/sourcery-arm-201203/bin/../arm-none-linux-gnueabi/libc/usr/lib/crt1.o
LOAD /opt/sourcery-arm-201203/bin/../arm-none-linux-gnueabi/libc/usr/lib/crti.o
LOAD /opt/sourcery-arm-201203/bin/../lib/gcc/arm-none-linux-gnueabi/4.6.3/crtbegin.o
LOAD ./natsemi_util/epl_1588_gps.o
LOAD ./timestamper_if/sc_timestamp_gps.o
LOAD ./clock_if/sc_clock_if_gps.o
LOAD ../common/network_if/sc_network_if_gps.o
LOAD ../common/log/sc_log_gps.o
LOAD ../common/user_if/sc_ui_gps.o
LOAD ../common/config_if/sc_readconfig_gps.o
LOAD ../common/chan_processing_if/sc_SSM_handling_gps.o
LOAD ../common/main_gps.o
LOAD ../common/se_if/sc_se_if.o
LOAD ../common/gps_if/sc_gps_if.o
LOAD ../common/lib/libsymm_mpc8313_PtpGpsSe.a
LOAD ../../../Mstate/libzss_mstate.so
LOAD ../../../Clock/libzss_clock.so
LOAD /opt/sourcery-arm-201203/bin/../arm-none-linux-gnueabi/libc/usr/lib/libpthread.so
START GROUP
LOAD /opt/sourcery-arm-201203/bin/../arm-none-linux-gnueabi/libc/lib/libpthread.so.0
LOAD /opt/sourcery-arm-201203/bin/../arm-none-linux-gnueabi/libc/usr/lib/libpthread_nonshared.a
END GROUP
LOAD /opt/sourcery-arm-201203/bin/../arm-none-linux-gnueabi/libc/usr/lib/librt.so
LOAD /opt/sourcery-arm-201203/bin/../arm-none-linux-gnueabi/libc/usr/lib/libm.so
LOAD /opt/sourcery-arm-201203/bin/../lib/gcc/arm-none-linux-gnueabi/4.6.3/libgcc.a
LOAD /opt/sourcery-arm-201203/bin/../arm-none-linux-gnueabi/libc/lib/libgcc_s.so
START GROUP
LOAD /opt/sourcery-arm-201203/bin/../arm-none-linux-gnueabi/libc/lib/libgcc_s.so.1
LOAD /opt/sourcery-arm-201203/bin/../lib/gcc/arm-none-linux-gnueabi/4.6.3/libgcc.a
END GROUP
LOAD /opt/sourcery-arm-201203/bin/../arm-none-linux-gnueabi/libc/usr/lib/libc.so
START GROUP
LOAD /opt/sourcery-arm-201203/bin/../arm-none-linux-gnueabi/libc/lib/libc.so.6
LOAD /opt/sourcery-arm-201203/bin/../arm-none-linux-gnueabi/libc/usr/lib/libc_nonshared.a
LOAD /opt/sourcery-arm-201203/bin/../arm-none-linux-gnueabi/libc/lib/ld-linux.so.3
END GROUP
LOAD /opt/sourcery-arm-201203/bin/../lib/gcc/arm-none-linux-gnueabi/4.6.3/libgcc.a
LOAD /opt/sourcery-arm-201203/bin/../arm-none-linux-gnueabi/libc/lib/libgcc_s.so
START GROUP
LOAD /opt/sourcery-arm-201203/bin/../arm-none-linux-gnueabi/libc/lib/libgcc_s.so.1
LOAD /opt/sourcery-arm-201203/bin/../lib/gcc/arm-none-linux-gnueabi/4.6.3/libgcc.a
END GROUP
LOAD /opt/sourcery-arm-201203/bin/../lib/gcc/arm-none-linux-gnueabi/4.6.3/crtend.o
LOAD /opt/sourcery-arm-201203/bin/../arm-none-linux-gnueabi/libc/usr/lib/crtn.o
                0x00008000                PROVIDE (__executable_start, 0x8000)
                0x00008134                . = (0x8000 + SIZEOF_HEADERS)

.interp         0x00008134       0x13
 *(.interp)
 .interp        0x00008134       0x13 /opt/sourcery-arm-201203/bin/../arm-none-linux-gnueabi/libc/usr/lib/crt1.o

.note.ABI-tag   0x00008148       0x20
 .note.ABI-tag  0x00008148       0x20 /opt/sourcery-arm-201203/bin/../arm-none-linux-gnueabi/libc/usr/lib/crt1.o

.note.gnu.build-id
 *(.note.gnu.build-id)

.hash           0x00008168      0xafc
 *(.hash)
 .hash          0x00008168      0xafc /opt/sourcery-arm-201203/bin/../arm-none-linux-gnueabi/libc/usr/lib/crt1.o

.gnu.hash
 *(.gnu.hash)

.dynsym         0x00008c64     0x1b60
 *(.dynsym)
 .dynsym        0x00008c64     0x1b60 /opt/sourcery-arm-201203/bin/../arm-none-linux-gnueabi/libc/usr/lib/crt1.o

.dynstr         0x0000a7c4     0x17e4
 *(.dynstr)
 .dynstr        0x0000a7c4     0x17e4 /opt/sourcery-arm-201203/bin/../arm-none-linux-gnueabi/libc/usr/lib/crt1.o

.gnu.version    0x0000bfa8      0x36c
 *(.gnu.version)
 .gnu.version   0x0000bfa8      0x36c /opt/sourcery-arm-201203/bin/../arm-none-linux-gnueabi/libc/usr/lib/crt1.o

.gnu.version_d  0x0000c314        0x0
 *(.gnu.version_d)
 .gnu.version_d
                0x00000000        0x0 /opt/sourcery-arm-201203/bin/../arm-none-linux-gnueabi/libc/usr/lib/crt1.o

.gnu.version_r  0x0000c314       0x90
 *(.gnu.version_r)
 .gnu.version_r
                0x0000c314       0x90 /opt/sourcery-arm-201203/bin/../arm-none-linux-gnueabi/libc/usr/lib/crt1.o

.rel.dyn        0x0000c3a4       0x20
 *(.rel.init)
 *(.rel.text .rel.text.* .rel.gnu.linkonce.t.*)
 *(.rel.fini)
 *(.rel.rodata .rel.rodata.* .rel.gnu.linkonce.r.*)
 *(.rel.data.rel.ro* .rel.gnu.linkonce.d.rel.ro.*)
 *(.rel.data .rel.data.* .rel.gnu.linkonce.d.*)
 *(.rel.tdata .rel.tdata.* .rel.gnu.linkonce.td.*)
 *(.rel.tbss .rel.tbss.* .rel.gnu.linkonce.tb.*)
 *(.rel.ctors)
 *(.rel.dtors)
 *(.rel.got)
 .rel.got       0x0000c3a4       0x10 /opt/sourcery-arm-201203/bin/../arm-none-linux-gnueabi/libc/usr/lib/crt1.o
 *(.rel.bss .rel.bss.* .rel.gnu.linkonce.b.*)
 .rel.bss       0x0000c3b4       0x10 /opt/sourcery-arm-201203/bin/../arm-none-linux-gnueabi/libc/usr/lib/crt1.o
                0x0000c3c4                PROVIDE (__rel_iplt_start, .)
 *(.rel.iplt)
 .rel.iplt      0x00000000        0x0 /opt/sourcery-arm-201203/bin/../arm-none-linux-gnueabi/libc/usr/lib/crt1.o
                0x0000c3c4                PROVIDE (__rel_iplt_end, .)
                0x0000c3c4                PROVIDE (__rela_iplt_start, .)
                0x0000c3c4                PROVIDE (__rela_iplt_end, .)

.rela.dyn       0x0000c3c4        0x0
 *(.rela.init)
 *(.rela.text .rela.text.* .rela.gnu.linkonce.t.*)
 *(.rela.fini)
 *(.rela.rodata .rela.rodata.* .rela.gnu.linkonce.r.*)
 *(.rela.data .rela.data.* .rela.gnu.linkonce.d.*)
 *(.rela.tdata .rela.tdata.* .rela.gnu.linkonce.td.*)
 *(.rela.tbss .rela.tbss.* .rela.gnu.linkonce.tb.*)
 *(.rela.ctors)
 *(.rela.dtors)
 *(.rela.got)
 *(.rela.bss .rela.bss.* .rela.gnu.linkonce.b.*)
                0x0000c3c4                PROVIDE (__rel_iplt_start, .)
                0x0000c3c4                PROVIDE (__rel_iplt_end, .)
                0x0000c3c4                PROVIDE (__rela_iplt_start, .)
 *(.rela.iplt)
                0x0000c3c4                PROVIDE (__rela_iplt_end, .)

.rel.plt        0x0000c3c4      0x2d0
 *(.rel.plt)
 .rel.plt       0x0000c3c4      0x2d0 /opt/sourcery-arm-201203/bin/../arm-none-linux-gnueabi/libc/usr/lib/crt1.o

.rela.plt
 *(.rela.plt)

.init           0x0000c694        0xc
 *(.init)
 .init          0x0000c694        0x8 /opt/sourcery-arm-201203/bin/../arm-none-linux-gnueabi/libc/usr/lib/crti.o
                0x0000c694                _init
 .init          0x0000c69c        0x4 /opt/sourcery-arm-201203/bin/../arm-none-linux-gnueabi/libc/usr/lib/crtn.o

.plt            0x0000c6a0      0x44c
 *(.plt)
 .plt           0x0000c6a0      0x44c /opt/sourcery-arm-201203/bin/../arm-none-linux-gnueabi/libc/usr/lib/crt1.o
                0x0000c6b4                open@@GLIBC_2.4
                0x0000c6c0                strerror@@GLIBC_2.4
                0x0000c6cc                abort@@GLIBC_2.4
                0x0000c6d8                srand@@GLIBC_2.4
                0x0000c6e4                vprintf@@GLIBC_2.4
                0x0000c6f0                clock_getres@@GLIBC_2.4
                0x0000c6fc                memcmp@@GLIBC_2.4
                0x0000c708                syslog@@GLIBC_2.4
                0x0000c714                pthread_exit@@GLIBC_2.4
                0x0000c720                clock_gettime@@GLIBC_2.4
                0x0000c72c                __libc_start_main@@GLIBC_2.4
                0x0000c738                mstated_get_param
                0x0000c744                inet_ntoa@@GLIBC_2.4
                0x0000c750                signal@@GLIBC_2.4
                0x0000c768                __isoc99_sscanf@@GLIBC_2.7
                0x0000c774                inet_addr@@GLIBC_2.4
                0x0000c780                vsprintf@@GLIBC_2.4
                0x0000c78c                strncpy@@GLIBC_2.4
                0x0000c798                fclose@@GLIBC_2.4
                0x0000c7a4                fgets@@GLIBC_2.4
                0x0000c7b0                recv@@GLIBC_2.4
                0x0000c7bc                system@@GLIBC_2.4
                0x0000c7c8                strchr@@GLIBC_2.4
                0x0000c7d4                putchar@@GLIBC_2.4
                0x0000c7e0                listen@@GLIBC_2.4
                0x0000c7ec                ctime_r@@GLIBC_2.4
                0x0000c7f8                sem_init@@GLIBC_2.4
                0x0000c804                sendto@@GLIBC_2.4
                0x0000c810                fopen@@GLIBC_2.4
                0x0000c81c                sched_setscheduler@@GLIBC_2.4
                0x0000c828                memset@@GLIBC_2.4
                0x0000c834                sem_destroy@@GLIBC_2.4
                0x0000c840                setitimer@@GLIBC_2.4
                0x0000c84c                __assert_fail@@GLIBC_2.4
                0x0000c858                usleep@@GLIBC_2.4
                0x0000c864                read@@GLIBC_2.4
                0x0000c870                write@@GLIBC_2.4
                0x0000c87c                accept@@GLIBC_2.4
                0x0000c888                __strtok_r@@GLIBC_2.4
                0x0000c894                pthread_mutex_unlock@@GLIBC_2.4
                0x0000c8a0                socket@@GLIBC_2.4
                0x0000c8ac                fflush@@GLIBC_2.4
                0x0000c8b8                ioctl@@GLIBC_2.4
                0x0000c8c4                pthread_mutex_lock@@GLIBC_2.4
                0x0000c8d0                strlen@@GLIBC_2.4
                0x0000c8dc                unlink@@GLIBC_2.4
                0x0000c8e8                getopt@@GLIBC_2.4
                0x0000c8f4                pthread_create@@GLIBC_2.4
                0x0000c900                memcpy@@GLIBC_2.4
                0x0000c90c                fgetc@@GLIBC_2.4
                0x0000c918                strtol@@GLIBC_2.4
                0x0000c924                strcpy@@GLIBC_2.4
                0x0000c930                sem_post@@GLIBC_2.4
                0x0000c93c                strncat@@GLIBC_2.4
                0x0000c948                pthread_mutex_destroy@@GLIBC_2.4
                0x0000c954                printf@@GLIBC_2.4
                0x0000c960                raise@@GLIBC_2.4
                0x0000c96c                pthread_mutex_init@@GLIBC_2.4
                0x0000c978                bind@@GLIBC_2.4
                0x0000c984                strstr@@GLIBC_2.4
                0x0000c990                select@@GLIBC_2.4
                0x0000c99c                close@@GLIBC_2.4
                0x0000c9a8                fwrite@@GLIBC_2.4
                0x0000c9b4                time@@GLIBC_2.4
                0x0000c9c0                __ctype_b_loc@@GLIBC_2.4
                0x0000c9cc                fprintf@@GLIBC_2.4
                0x0000c9d8                malloc@@GLIBC_2.4
                0x0000c9e4                gmtime_r@@GLIBC_2.4
                0x0000c9f0                fputc@@GLIBC_2.4
                0x0000c9fc                sleep@@GLIBC_2.4
                0x0000ca08                send@@GLIBC_2.4
                0x0000ca14                strcat@@GLIBC_2.4
                0x0000ca20                memmove@@GLIBC_2.4
                0x0000ca2c                puts@@GLIBC_2.4
                0x0000ca38                clock_get_source_refvalid
                0x0000ca44                fcntl@@GLIBC_2.4
                0x0000ca50                snprintf@@GLIBC_2.4
                0x0000ca5c                fread@@GLIBC_2.4
                0x0000ca68                strncmp@@GLIBC_2.4
                0x0000ca74                gmtime@@GLIBC_2.4
                0x0000ca80                recvfrom@@GLIBC_2.4
                0x0000ca8c                setsockopt@@GLIBC_2.4
                0x0000ca98                getitimer@@GLIBC_2.4
                0x0000caa4                sem_wait@@GLIBC_2.4
                0x0000cab0                strcmp@@GLIBC_2.4
                0x0000cabc                exit@@GLIBC_2.4
                0x0000cac8                __errno_location@@GLIBC_2.4
                0x0000cad4                sprintf@@GLIBC_2.4
                0x0000cae0                pthread_join@@GLIBC_2.4

.iplt           0x0000caec        0x0
 *(.iplt)
 .iplt          0x00000000        0x0 /opt/sourcery-arm-201203/bin/../arm-none-linux-gnueabi/libc/usr/lib/crt1.o

.text           0x0000caf0    0x7e10c
 *(.text.unlikely .text.*_unlikely)
 *(.text.exit .text.exit.*)
 *(.text.startup .text.startup.*)
 .text.startup  0x0000caf0     0x1244 ../common/main_gps.o
                0x0000caf0                main
 *(.text.hot .text.hot.*)
 *(.text .stub .text.* .gnu.linkonce.t.*)
 .text          0x0000dd34       0x3c /opt/sourcery-arm-201203/bin/../arm-none-linux-gnueabi/libc/usr/lib/crt1.o
                0x0000dd34                _start
 .text          0x0000dd70       0x24 /opt/sourcery-arm-201203/bin/../arm-none-linux-gnueabi/libc/usr/lib/crti.o
 .text          0x0000dd94       0x4c /opt/sourcery-arm-201203/bin/../lib/gcc/arm-none-linux-gnueabi/4.6.3/crtbegin.o
 .text          0x0000dde0     0x1d58 ./natsemi_util/epl_1588_gps.o
                0x0000dde0                Init_PHY_Resource
                0x0000dee4                Get_MII_Resource
                0x0000def0                Release_MII_Resource
                0x0000defc                mdio_read
                0x0000df68                mdio_write
                0x0000dfcc                write_phy_reg
                0x0000e048                read_phy_reg
                0x0000e0bc                send_to_MMFR
                0x0000e1a8                read_from_MMFR
                0x0000e2ac                read_from_MMFR_no_paging
                0x0000e2b4                OAIBeginMultiCriticalSection
                0x0000e2c0                OAIEndMultiCriticalSection
                0x0000e2cc                EPLReadReg
                0x0000e2e4                EPLWriteReg
                0x0000e3d0                PTPEnable
                0x0000e3e4                PTPSetTriggerConfig
                0x0000e424                PTPSetEventConfig
                0x0000e474                PTPSetTransmitConfig
                0x0000e4f4                PTPSetPhyStatusFrameConfig
                0x0000e5dc                PTPSetReceiveConfig
                0x0000e74c                PTPCalcSourceIdHash
                0x0000eeb4                PTPSetTempRateDurationConfig
                0x0000eee4                PTPSetClockConfig
                0x0000ef54                PTPSetGpioInterruptConfig
                0x0000ef60                PTPSetMiscConfig
                0x0000efa8                PTPClockReadCurrent
                0x0000f034                PTPClockStepAdjustment
                0x0000f0c0                PTPClockSet
                0x0000f144                PTPClockSetRateAdjustment
                0x0000f1a4                PTPCheckForEvents
                0x0000f1e0                PTPGetTransmitTimestamp
                0x0000f26c                PTPGetReceiveTimestamp
                0x0000f338                PTPGetTimestampFromFrame
                0x0000f3f0                PTPArmTrigger
                0x0000f514                PTPArmTrigger_ns
                0x0000f574                PTPHasTriggerExpired
                0x0000f5c0                PTPCancelTrigger
                0x0000f5fc                PTPGetEvent
                0x0000f79c                MonitorGpioSignals
                0x0000f7b0                IsPhyStatusFrame
                0x0000f8c4                GetNextPhyMessage
 .text          0x0000fb38       0x5c ./timestamper_if/sc_timestamp_gps.o
                0x0000fb38                SC_InitTimeStamper
                0x0000fb44                SC_GetRxTimeStamp
                0x0000fb68                SC_GetTxTimeStamp
 .text          0x0000fb94     0x163c ./clock_if/sc_clock_if_gps.o
                0x0000fbe4                SC_InitClock
                0x0000fe58                SC_PhaseOffset
                0x0000ffb8                SC_GetPhasorLosCntr
                0x00010040                SC_GetExtRefPhasorLosCntr
                0x000100b8                SC_GetPhasorOffset
                0x000101d4                SC_GetPhasorOffset1
                0x000102f0                SC_GetPhasorOffset2
                0x0001040c                SC_GetPhasorOffset3
                0x00010528                SC_SystemTime
                0x000105ac                SC_StoreFreqCorr
                0x000105ec                SC_SetSynthOn
                0x000105fc                SC_WarpFrequency
                0x00010bd8                SC_FrequencyCorrection
                0x00010d7c                SC_ReadVcalFromFile
                0x0001104c                getInbandOffset
                0x00011060                putPhaseMode
                0x00011070                setExtRefDivider
                0x000110e8                setE1T1OutEnable
                0x00011160                setExtOutFreq
 .text          0x000111d0     0x1858 ../common/network_if/sc_network_if_gps.o
                0x00011334                SC_GetLinkSpeed
                0x000113e4                SC_GetLinkStat
                0x00011480                SC_InitNetIf
                0x00011fd8                SC_CloseNetIf
                0x00012040                SC_GetSockHdl
                0x00012074                SC_GetIfAddrs
                0x000120c4                SC_GetNetLatency
                0x0001215c                SC_TxPacket
                0x00012288                SC_RxPacket
                0x00012394                InitSePortStructures
                0x000123c4                InitSePort
                0x0001266c                ProcessESMC
                0x00012934                CloseSePort
                0x000129a8                setSE1los
                0x000129b8                setSE2los
                0x000129c8                ProcessLOS
 .text          0x00012a28      0x388 ../common/log/sc_log_gps.o
                0x00012c5c                SC_Event
                0x00012d28                SC_DbgLog
                0x00012d6c                getLocalEventLog
 .text          0x00012db0     0x6350 ../common/user_if/sc_ui_gps.o
                0x00015180                SC_StartUi
                0x00018d34                SC_StopUi
                0x00018d4c                trueFalseIntToChar
                0x00018d5c                trueFalseCharToInt
                0x00018d90                tenHzThread
                0x000190d0                SC_TimeCode
 .text          0x00019100     0x2230 ../common/config_if/sc_readconfig_gps.o
                0x00019100                parseInitChanConfig
                0x000194f4                setPTPProtocolConfig
                0x000195e8                parseIPAddress
                0x000198bc                chanConfigToString
                0x00019ab8                pTPUMAddressToString
                0x00019c7c                strncat_local
                0x00019ca8                stringToChanType
                0x00019dbc                stringToAccessTransportType
                0x00019ea0                accessTransportTypeToString
                0x00019f64                chanTypeToString
                0x00019ff8                stringToCommand
                0x0001a100                commandToString
                0x0001a1d4                readOffsetFromFile
                0x0001a2b0                readConfigFromFile
                0x0001b168                SC_WriteFreqCorrToFile
                0x0001b240                GetGps1Chan
                0x0001b250                GetGps2Chan
                0x0001b260                GetGps3Chan
                0x0001b270                GetGps4Chan
                0x0001b280                GetSe1Chan
                0x0001b290                GetSe2Chan
                0x0001b2a0                GetE1Chan
                0x0001b2b0                GetT1Chan
                0x0001b2c0                GetRedChan
                0x0001b2d0                GetExtAChan
                0x0001b2e0                GetExtBChan
                0x0001b2f0                GetEth0Chan
                0x0001b300                GetEth1Chan
                0x0001b310                GetRedundancyChan
                0x0001b320                GetFreqOnlyChan
 .text          0x0001b330      0x3e0 ../common/chan_processing_if/sc_SSM_handling_gps.o
                0x0001b330                SC_ChanSSM
                0x0001b424                SC_SetSSMValue
                0x0001b500                SC_ChanValid
                0x0001b5a0                SC_SetChanValid
                0x0001b63c                chanAttributes_RAW
 .text          0x0001b710      0x8ec ../common/main_gps.o
                0x0001bd1c                TODtoPhasorTask
                0x0001bd44                clkserv_create_socket
                0x0001be58                TimerStart
                0x0001bf0c                TimerStop
                0x0001bf4c                diff_usec
 .text          0x0001bffc        0x8 ../common/se_if/sc_se_if.o
                0x0001bffc                SC_InitSeIf
                0x0001c000                SC_CloseSeIf
 .text          0x0001c004      0x130 ../common/gps_if/sc_gps_if.o
                0x0001c004                SC_InitGpsIf
                0x0001c00c                SC_CloseGpsIf
                0x0001c060                SC_GpsTxData
                0x0001c078                SC_GpsRxData
                0x0001c090                SC_GpsTod
                0x0001c0a0                SC_GpsReset
 .text          0x0001c134     0x6a74 ../common/lib/libsymm_mpc8313_PtpGpsSe.a(sc_chan_gps.o)
                0x0001c134                GetNumberOfChan
                0x0001c160                UserChan2ServoIndex
                0x0001c1f0                ServoIndex2UserChan
                0x0001cd7c                GetCurrChan
                0x0001decc                GetEventBitmap
                0x0001e078                Update_chanSelect
                0x0001fee0                Get_servoChanSelect
                0x0001ff30                Set_servoChanSelect
                0x0001ff78                Set_servoChanSelectValid
                0x0001ffec                SC_ChanSwtMode
                0x000200bc                SC_ChanSelMode
                0x0002018c                SC_SetSelChan
                0x000202d4                SC_ChanEnable
                0x00020510                SC_ChanPriority
                0x000206b8                SC_ChanAssumeQL
                0x00020870                SC_ChanEnableAssumeQL
                0x0002098c                SC_GetChanConfig
                0x00020ad0                SC_InitChanConfig
                0x00021090                SC_GetChanStatus
                0x000214f4                SC_OutQualityLevel
                0x00021528                Is_ChanConfigured
                0x00021550                Set_ChanConfigured
                0x000215a0                Get_servoChanSelectRate
                0x0002161c                printChanStatus
                0x00022280                SC_QlToSSM
                0x000225dc                SC_GetEventMap
                0x0002299c                SC_GetRedundantStatus
                0x00022a14                SC_RedundantEnable
                0x00022ac4                Get_RedChan
                0x00022aec                SC_LoadMode
 .text          0x00022ba8        0x0 ../common/lib/libsymm_mpc8313_PtpGpsSe.a(sc_alarms_gps.o)
 .text          0x00022ba8    0x1a4d0 ../common/lib/libsymm_mpc8313_PtpGpsSe.a(CLK_gps.o)
                0x00022ba8                Get_GPS_Offset
                0x00022bc4                Is_in_PTP_mode
                0x00022bec                Is_in_PHY_mode
                0x00022c24                Is_Major_Time_Change
                0x00022c4c                Is_PTP_Disabled
                0x00022cb4                Is_GPS_OK
                0x00022d10                Is_Active_Time_Reference_OK
                0x00022ef8                Is_Active_Freq_Reference_OK
                0x00023114                Is_Active_Phy_Freq_Reference_OK
                0x0002326c                Is_Any_Freq_Reference_OK
                0x00023328                Is_PTP_FREQ_ACTIVE
                0x0002338c                Is_PTP_FREQ_VALID
                0x000233d0                Is_PHY_FREQ_ACTIVE
                0x000234c8                Is_PTP_Warm
                0x0002350c                Is_PTP_TIME_ACTIVE
                0x00023570                Is_GM_Lock_Holdover
                0x000235b4                OCXO_Type
                0x000235dc                Start_Phase_Test
                0x0002361c                Start_Freq_Test
                0x0002365c                Start_FreqZero_Test
                0x00023960                Get_Tick
                0x00023988                Get_FLL_State_str
                0x00023a3c                Send_Log
                0x00024a90                Get_Flow_Status
                0x00024ae8                Get_number_packets
                0x00024b30                Is_Sync_timeout
                0x00024b8c                Is_Delay_timeout
                0x00024bd8                Set_Seq_Num
                0x00024c0c                Is_Sync_Flow_Ack
                0x00024c7c                Is_Delay_Flow_Ack
                0x00024cec                Is_Announce_Flow_Ack
                0x00024d5c                SC_RunOneSecTask
                0x0002b39c                get_holdover_code
                0x00030360                init_pshape
                0x00030388                init_pshape_long
                0x000303b0                clr_residual_phase
                0x00030434                Restart_Phase_Time
                0x00030464                Restart_Phase_Time_now
                0x00030d94                Restart_FLL
                0x00030e14                SC_RestartServo
                0x00030ef0                Start_Vcal
                0x00030f3c                measmode
                0x00030ffc                setfreq_switchover
                0x00031028                setfreq
                0x00031474                set_stabilization
                0x000314c8                calfreq
                0x000319b8                exittilt
                0x00031a70                get_fll_config
                0x00031bfc                set_floor
                0x00031c2c                set_fll
                0x00031c5c                set_tdev
                0x00031c8c                set_combiner
                0x00031cbc                set_min_cluster
                0x00031d60                set_mode_compression_flag
                0x00032d04                Get_fdrift
                0x00032d3c                Set_fdrift
                0x00036d88                Get_time_correct
                0x00038270                report_freq_offset
                0x000385c4                sync_xfer_8s
                0x00038c14                clr_exc_gate
                0x00038c9c                set_oper_config
                0x0003a0b0                SC_RunAnalysisTask
                0x0003aeb0                Print_FIFO_Buffer
                0x0003b030                Varactor_Cal_Routine
                0x0003c0c0                fill_var_table
                0x0003c338                SC_GetVcalData
                0x0003c4c8                sqrt_local
                0x0003c5b0                GetTime
                0x0003ca98                Get_servoAccept
                0x0003cf08                Jam_Now
                0x0003cfc8                Jam_Never
                0x0003d010                Get_Jam_Threshold
                0x0003d050                Is_Jam_Needed
 .text          0x0003d078     0xd498 ../common/lib/libsymm_mpc8313_PtpGpsSe.a(clk_ana_gps.o)
                0x0003d078                fll_status_1min
                0x0003d710                Get_out_tdev_est
                0x0003d74c                get_fll_status
                0x0003d7d0                get_fll_state
                0x0003d804                get_fll_prev_state
                0x0003d838                get_fll_led_state
                0x0003d874                update_rfe
                0x0004368c                init_rfe
                0x000439f0                start_rfe
                0x00044374                warm_start_rfe
                0x00044c18                set_ippm_pacing
                0x00044c38                set_ippm_window
                0x00044c58                set_ippm_thres
                0x00044c74                reset_ippm
                0x00044c88                get_ippm_f_jitter
                0x00044cac                get_ippm_r_jitter
                0x00044cd0                get_ippm_f_ipdv
                0x00044cf4                get_ippm_r_ipdv
                0x00044d18                get_ippm_f_ipdv_99_9
                0x00044d3c                get_ippm_r_ipdv_99_9
                0x00044d60                get_ippm_f_thres_prob
                0x00044d84                get_ippm_r_thres_prob
                0x00044da8                ztie_calc
                0x000456ec                init_ztie
                0x000458f0                tdev_calc
                0x00045e04                init_tdev
                0x00045e5c                update_rfe_phy
                0x00049914                init_rfe_phy
                0x00049bec                start_rfe_phy
                0x0004a3c4                init_rm
 .text          0x0004a510      0x400 ../common/lib/libsymm_mpc8313_PtpGpsSe.a(clk_acq_gps.o)
                0x0004a510                detilt
 .text          0x0004a910     0xc238 ../common/lib/libsymm_mpc8313_PtpGpsSe.a(clk_input_gps.o)
                0x0004a910                update_input_stats
                0x000515a8                init_ipp
                0x000529b8                min_valid
                0x00053650                update_input_stats_phy
                0x0005625c                init_ipp_phy
 .text          0x00056b48        0x0 ../common/lib/libsymm_mpc8313_PtpGpsSe.a(clk_main_gps.o)
 .text          0x00056b48     0x3328 ../common/lib/libsymm_mpc8313_PtpGpsSe.a(sc_ptp_servo_gps.o)
                0x00056b48                SC_ServoConfig
                0x00056cec                SC_VerInfo
                0x00056d64                SC_ClkIpdvConfig
                0x00056f2c                SC_ClkIpdvGet
                0x000570e0                SC_GetPtpPerformance
                0x000574f0                SC_ClkIpdvClrCtrs
                0x00057508                SC_GetServoStatus
                0x0005754c                Get_Freq_Corr
                0x0005761c                Get_Freq_Corr_Factory
                0x00057674                Get_Bridge_Time
                0x000576b0                Get_Access_Transport
                0x000576ec                Get_LO_Type
                0x00057728                Try_SC_SystemTimeSet
                0x00057768                SC_goodPacketRstCounter
                0x00057798                Is_PTP_Mode_Standard
                0x000577dc                Is_PTP_Mode_Inband
                0x0005781c                SC_GetServoConfig
                0x0005785c                Transfer_PTP_data_now
                0x00058604                Transfer_Phasor_data_now
                0x000589f0                Transfer_PTP_data_to_servo
                0x00058b30                CLK_Init_PTP_Tranfer_Queue
                0x00058bf4                SC_TimestampPairToServo
                0x00058d34                ServoIndextoPhasorArrayIndex
                0x00058d74                SC_TimeMeasToServo
                0x0005940c                SetTimestampThreshold
                0x00059448                Set_Timestamp_Offset
                0x00059478                Sync_Using_PTP
                0x000594a8                Sync_Using_GPS
                0x000594d8                Sync_Using_RED
                0x00059508                Check_and_Sync_Using_GPS
                0x0005996c                Check_and_Sync_Using_RED
                0x00059c08                Was_Time_Adjusted
                0x00059c30                Set_Time_Adjusted_Flag
                0x00059c60                Clear_Time_Adjusted_Flag
                0x00059c90                Get_RTD_1sec_min
                0x00059cd8                Is_Sync_LOS
                0x00059d00                SC_SyncPhaseThreshold
                0x00059dd8                SC_SyncPhaseNow
                0x00059e04                Get_Load_Mode
 .text          0x00059e70      0xf50 ../common/lib/libsymm_mpc8313_PtpGpsSe.a(sc_system_gps.o)
                0x00059e70                SC_InitPtpConfig
                0x0005a208                SC_InitGpsConfig
                0x0005a39c                SC_InitUnicastConfig
                0x0005a598                SC_InitAmtConfig
                0x0005a5dc                SC_InitServoConfig
                0x0005a628                SC_InitConfigComplete
                0x0005a7b8                SC_Run
                0x0005a804                SC_Shutdown
                0x0005a8c8                SC_GetUcMstTbl
                0x0005aac0                SC_GetConfig
                0x0005ac70                SC_GetClkRcvr
                0x0005ace0                SC_GetClkId
                0x0005ad94                Is_InitComplete
 .text          0x0005adc0      0x2f8 ../common/lib/libsymm_mpc8313_PtpGpsSe.a(DBG_gps.o)
                0x0005adc0                SC_DbgConfig
                0x0005af8c                event_printf
                0x0005afd8                debug_printf_function
                0x0005b060                set_debug_print
                0x0005b090                get_debug_print
 .text          0x0005b0b8     0x1c20 ../common/lib/libsymm_mpc8313_PtpGpsSe.a(sc_mnt_gps.o)
                0x0005b2f4                SC_InitMnt
                0x0005b394                SC_CloseMnt
                0x0005b414                SC_PTP_ClkDesc
                0x0005b500                SC_PTP_UsrDesc
                0x0005b60c                SC_PTP_DefaultDs
                0x0005b6f8                SC_PTP_CurrentDs
                0x0005b7e4                SC_PTP_ParentDs
                0x0005b8d0                SC_PTP_TimePropDs
                0x0005b9bc                SC_PTP_PortDs
                0x0005baa8                SC_PTP_Domain
                0x0005bbbc                SC_PTP_AnncIntv
                0x0005bcd0                SC_PTP_AnncRxTimeout
                0x0005bde4                SC_PTP_SyncIntv
                0x0005bef8                SC_PTP_VersionNumber
                0x0005c00c                SC_PTP_EnaPort
                0x0005c0f8                SC_PTP_DisPort
                0x0005c1e4                SC_PTP_Time
                0x0005c2d4                SC_PTP_ClkAccuracy
                0x0005c3c4                SC_PTP_UtcProp
                0x0005c4c4                SC_PTP_TraceProp
                0x0005c5b4                SC_PTP_TimeSclProp
                0x0005c6a8                SC_PTP_UcNegoEnable
                0x0005c7bc                SC_PTP_UCMasterTbl
                0x0005c8d4                SC_PTP_UCMstMaxTblSize
                0x0005c9c0                SC_PTP_AcceptMstTbl
                0x0005cad8                SC_PTP_AcceptMstTblEna
                0x0005cbec                SC_PTP_AcceptMstMaxTblSize
 .text          0x0005ccd8     0x1340 ../common/lib/libsymm_mpc8313_PtpGpsSe.a(THD_gps.o)
                0x0005ccd8                THD_InitTimeRes
                0x0005cd34                THD_Start
                0x0005d1b4                THD_Run
                0x0005d230                THD_Shutdown
                0x0005dec4                THD_InitGpsInterval
 .text          0x0005e018       0x3c ../common/lib/libsymm_mpc8313_PtpGpsSe.a(sc_gps.o)
                0x0005e018                SC_GpsStat
 .text          0x0005e054      0x3f8 ../common/lib/libsymm_mpc8313_PtpGpsSe.a(GPS.o)
                0x0005e054                GPS_Init
                0x0005e264                GPS_Close
                0x0005e2ec                GPS_Main
                0x0005e35c                GPS_Stat
                0x0005e3d4                GPS_Valid
 .text          0x0005e44c      0x11c ../common/lib/libsymm_mpc8313_PtpGpsSe.a(SE.o)
                0x0005e44c                SE_Init
                0x0005e4ec                SE_Close
 .text          0x0005e568      0xcec ../common/lib/libsymm_mpc8313_PtpGpsSe.a(PTP_gps.o)
                0x0005e568                PTP_Init
                0x0005e684                PTP_Close
                0x0005e6f0                PTP_ReadClkDs
                0x0005e78c                PTP_ChgFltCfg
                0x0005e85c                PTP_Main
                0x0005e900                PTP_GetSysTime
                0x0005e928                PTP_SetSysTime
                0x0005e950                PTP_SetSysTimeOffset
                0x0005e9c8                PTP_SetSysTimeOffsSec
                0x0005ea60                PTP_SetError
                0x0005edb4                PTP_GetErrStr
 *fill*         0x0005f254        0x4 00000000
 .text          0x0005f258     0x4798 ../common/lib/libsymm_mpc8313_PtpGpsSe.a(CTLmain_gps.o)
                0x0005f258                CTL_Init
                0x0005f3d0                CTL_Close
                0x0005f4c8                CTL_Task
                0x00060a24                CTL_ResetClockDrift
                0x00060aa0                CTL_GetErrStr
 .text          0x000639f0      0x478 ../common/lib/libsymm_mpc8313_PtpGpsSe.a(CTLflt_gps.o)
                0x000639f0                CTLflt_Init
                0x00063b0c                CTLflt_chgFilter
                0x00063bec                CTLflt_inpMTSD
                0x00063c94                CTLflt_inpSTMD
                0x00063d20                CTLflt_inpP2Pdel
                0x00063dac                CTLflt_inpNewMst
                0x00063e1c                CTLflt_resetFilter
 .text          0x00063e68     0x22e8 ../common/lib/libsymm_mpc8313_PtpGpsSe.a(CTLds_gps.o)
                0x00063e68                CTL_InitClockDS
                0x00063f98                CTL_ResetCurDs
                0x00064008                CTL_InitParentDS
                0x0006413c                CTL_InitFrgnMstDS
                0x000643b0                CTL_ClearFrgnMstDs
                0x0006449c                CTL_UpdtFrgnMstDs
                0x00064c3c                CTL_SetAccpFlagFrgnMstDs
                0x00064e00                CTL_UpdateM1_M2
                0x00064e70                CTL_UpdateMMDlrqIntv
                0x00064f08                CTL_UpdateS1
                0x0006515c                CTL_AmIGrandmaster
                0x0006530c                CTL_SetPDStoGM
                0x00065410                CTL_SetPDSstatistics
                0x000655b0                CTL_ResetPDSstatistics
                0x00065604                CTL_GetActOffs
                0x00066034                CTL_ClearAccpFlagFrgnMstDs
 .text          0x00066150      0x340 ../common/lib/libsymm_mpc8313_PtpGpsSe.a(CLKflt_gps.o)
                0x00066150                SC_ClkFltInit
                0x000661f0                CLKflt_inpMTSD
                0x00066298                CLKflt_inpSTMD
                0x00066338                CLKflt_inpP2Pdel
                0x00066360                CLKflt_inpNewMst
                0x00066388                CLKflt_resetFilter
                0x0006639c                Get_Clear_Counters
                0x00066414                SC_NewGrandmaster
                0x00066428                SC_GetFltCfg
 .text          0x00066490      0xe4c ../common/lib/libsymm_mpc8313_PtpGpsSe.a(SLVdel_gps.o)
                0x00066490                SLV_SetDelReqInt
                0x000664e4                SLV_DelayTask
 .text          0x000672dc      0x2b4 ../common/lib/libsymm_mpc8313_PtpGpsSe.a(SLVdel_queue_gps.o)
                0x000672dc                Put_Delay_Timestamp
                0x00067448                Get_Delay_Timestamp
 .text          0x00067590      0xe20 ../common/lib/libsymm_mpc8313_PtpGpsSe.a(SLVsyn_gps.o)
                0x00067590                SLV_SetSyncInt
                0x0006762c                SLV_SyncTask
 .text          0x000683b0      0x16c ../common/lib/libsymm_mpc8313_PtpGpsSe.a(SLVmain_gps.o)
                0x000683b0                SLV_Init
                0x00068458                SLV_GetErrStr
 .text          0x0006851c     0x1690 ../common/lib/libsymm_mpc8313_PtpGpsSe.a(MNTmain_gps.o)
                0x0006851c                MNT_Init
                0x0006869c                MNT_Task
                0x00068eb8                MNT_GetPTPText
                0x00068f00                MNT_GetTblIdx
                0x00069010                MNT_GenPortLoopData
                0x00069114                MNT_PreInitClear
                0x000692f8                MNT_LockApi
                0x0006932c                MNT_UnlockApi
                0x00069360                MNT_GetErrStr
 .text          0x00069bac     0x39b8 ../common/lib/libsymm_mpc8313_PtpGpsSe.a(MNTapi_gps.o)
                0x00069bac                MNTapi_NullManagement
                0x00069c78                MNTapi_ClkDesc
                0x00069d24                MNTapi_UsrDesc
                0x00069f18                MNTapi_SaveNVolStor
                0x00069fc4                MNTapi_RstNVolStor
                0x0006a070                MNTapi_Initialize
                0x0006a138                MNTapi_FaultLog
                0x0006a1e4                MNTapi_FaultLogReset
                0x0006a290                MNTapi_DefaultDs
                0x0006a33c                MNTapi_CurrentDs
                0x0006a3ec                MNTapi_ParentDs
                0x0006a49c                MNTapi_TimePropDs
                0x0006a54c                MNTapi_PortDs
                0x0006a5fc                MNTapi_Priority1
                0x0006a6fc                MNTapi_Priority2
                0x0006a7fc                MNTapi_Domain
                0x0006a8fc                MNTapi_SlaveOnly
                0x0006aa20                MNTapi_AnncIntv
                0x0006ab24                MNTapi_AnncRxTimeout
                0x0006ac24                MNTapi_SyncIntv
                0x0006ad24                MNTapi_VersionNumber
                0x0006ae24                MNTapi_EnaPort
                0x0006aed4                MNTapi_DisPort
                0x0006af84                MNTapi_Time
                0x0006b0c0                MNTapi_ClkAccuracy
                0x0006b1c0                MNTapi_UtcProp
                0x0006b36c                MNTapi_TraceProp
                0x0006b4d8                MNTapi_TimeSclProp
                0x0006b618                MNTapi_UcNegoEnable
                0x0006b73c                MNTapi_PathTraceList
                0x0006b7ec                MNTapi_PathTraceEna
                0x0006b910                MNTapi_GMClusterTbl
                0x0006bbe4                MNTapi_UCMasterTbl
                0x0006bf6c                MNTapi_UCMstMaxTblSize
                0x0006c01c                MNTapi_AcceptMstTbl
                0x0006c37c                MNTapi_AcceptMstTblEna
                0x0006c4a0                MNTapi_AcceptMstMaxTblSize
                0x0006c550                MNTapi_AltMaster
                0x0006c684                MNTapi_AltTimeOffsEna
                0x0006c7a8                MNTapi_AltTimeOffsName
                0x0006c9ac                MNTapi_AltTimeOffsKey
                0x0006ca5c                MNTapi_AltTimeOffsProp
                0x0006cba8                MNTapi_TCDefaultDs
                0x0006cc54                MNTapi_TCPortDs
                0x0006cd04                MNTapi_PrimaryDomain
                0x0006ce04                MNTapi_DelayMechanism
                0x0006cf00                MNTapi_MinPDelReqIntv
                0x0006d000                MNTapi_GatherAnswers
 .text          0x0006d564     0x2720 ../common/lib/libsymm_mpc8313_PtpGpsSe.a(MNTmsg_gps.o)
                0x0006d564                MNTmsg_HandleGet
                0x0006da58                MNTmsg_HandleSet
                0x0006e638                MNTmsg_HandleCom
                0x0006e964                MNTmsg_GenSetResp
                0x0006e9e4                MNTmsg_GenResponse
                0x0006eb20                MNTmsg_GenAck
                0x0006ec10                MNTmsg_GenStandMMsgErr
                0x0006ed9c                MNTmsg_SendMMErr
                0x0006f060                MNTmsg_SendMMsg
                0x0006f16c                MNTmsg_InitFltRec
                0x0006f1b8                MNTmsg_PutFltRec
 .text          0x0006fc84       0xa0 ../common/lib/libsymm_mpc8313_PtpGpsSe.a(NIFmain_gps.o)
                0x0006fc84                NIF_Init
                0x0006fcdc                NIF_GetIfAddrs
 .text          0x0006fd24     0x1f28 ../common/lib/libsymm_mpc8313_PtpGpsSe.a(NIFtx_gps.o)
                0x0006fd24                NIF_PackHdrFlag
                0x0006fdd8                NIF_PackHdr
                0x0006ff6c                NIF_PackAnncMsg
                0x000700d4                NIF_PackSyncMsg
                0x00070138                NIF_PackFlwUpMsg
                0x0007019c                NIF_PackDelRespMsg
                0x00070244                NIF_PackTlv
                0x00070298                NIF_SendAnnc
                0x00070580                NIF_SendSync
                0x000705f8                NIF_SendFollowUp
                0x00070710                NIF_SendDelayReq
                0x00070788                NIF_SendDelayResp
                0x000708e0                NIF_Send_MntMsg
                0x00070ac4                NIF_Send_Sign
                0x00070c90                NIF_SendRawData
                0x00070cd8                NIF_Set_PTP_subdomain
                0x00070e58                NIF_InitMsgTempls
 *fill*         0x00071c4c        0x4 00000000
 .text          0x00071c50      0x850 ../common/lib/libsymm_mpc8313_PtpGpsSe.a(UCMmain_gps.o)
                0x00071c50                UCM_Init
                0x00071cf8                UCM_initSrvReqList
                0x00071db0                UCM_regServReq
                0x000720fc                UCM_unregServReq
                0x00072158                UCM_SrchSlv
                0x000721f0                UCM_recalcPresc
                0x000722d0                UCM_checkPeriod
                0x0007230c                UCM_RespUcRequest
                0x000723a0                UCM_RespUcCnclAck
                0x00072410                UCM_GetErrStr
 .text          0x000724a0      0xd18 ../common/lib/libsymm_mpc8313_PtpGpsSe.a(DISmain_gps.o)
                0x000724a0                DIS_Init
                0x0007258c                DIS_Task
                0x00072ff0                DIS_GetErrStr
 .text          0x000731b8      0x88c ../common/lib/libsymm_mpc8313_PtpGpsSe.a(DISnet_gps.o)
                0x000731b8                DISnet_Init
                0x000733d4                DISnet_Task
 .text          0x00073a44     0x1278 ../common/lib/libsymm_mpc8313_PtpGpsSe.a(DISrx_gps.o)
                0x00073a44                DIS_DispEvntMsg
                0x00073dd4                DIS_DispGnrlMsg
                0x00074414                DIS_WhoIsReceiver
 .text          0x00074cbc      0x974 ../common/lib/libsymm_mpc8313_PtpGpsSe.a(DIStx_gps.o)
                0x00074cbc                DIS_SendAnnc
                0x00074d24                DIS_SendSync
                0x00074e1c                DIS_SendFollowUp
                0x00074e84                DIS_SendDelayReq
                0x00074f68                DIS_SendDelayResp
                0x0007501c                DIS_Send_MntMsg
                0x00075090                DIS_FwMntMsg
                0x00075214                DIS_FwSignMsg
                0x0007531c                DIS_FwMsg
                0x000753fc                DIS_Send_Sign
                0x00075490                DIS_SendRawData
 .text          0x00075630      0x158 ../common/lib/libsymm_mpc8313_PtpGpsSe.a(MSTmain_gps.o)
                0x00075630                MST_Init
                0x000756d8                MST_GetErrStr
 .text          0x00075788      0x390 ../common/lib/libsymm_mpc8313_PtpGpsSe.a(MSTsyn_gps.o)
                0x00075788                MST_SetSyncInt
                0x000757e8                MSTsyn_Task
 .text          0x00075b18      0x31c ../common/lib/libsymm_mpc8313_PtpGpsSe.a(MSTannc_gps.o)
                0x00075b18                MST_SetAnncInt
                0x00075b60                MSTannc_Task
 .text          0x00075e34      0x2c4 ../common/lib/libsymm_mpc8313_PtpGpsSe.a(CIFmain_gps.o)
                0x00075e34                SC_Lock_Time
                0x00075e68                CIF_Init
                0x00075eb4                CIF_Close
                0x00075ee0                CIF_AdjClkDrift
                0x00075f04                CIF_GetTimeStamp
                0x00075f64                CIF_SetSysTime
                0x00075fdc                CIF_SetSysUtcOffset
                0x00076018                CIF_GetErrStr
 .text          0x000760f8      0x248 ../common/lib/libsymm_mpc8313_PtpGpsSe.a(TSUmain_gps.o)
                0x000760f8                TSU_Init
                0x000761b0                TSU_Close
                0x000761ec                TSU_GetRxTimeStamp
                0x00076254                TSU_GetTxTimeStamp
                0x000762ac                TSU_GetErrStr
 .text          0x00076340      0x7f0 ../common/lib/libsymm_mpc8313_PtpGpsSe.a(FIO_gps.o)
                0x00076340                FIO_InitCfgDflt
                0x0007665c                FIO_ReadConfig
                0x00076684                FIO_WriteConfig
                0x000766a8                FIO_CheckCfg
                0x00076a4c                FIO_ReadClkRcvr
                0x00076a74                FIO_WriteClkRcvr
                0x00076a98                FIO_ReadUcMstTbl
                0x00076ac0                FIO_WriteUcMstTbl
                0x00076ae4                FIO_ReadFltCfg
                0x00076b0c                FIO_WriteFltCfg
 .text          0x00076b30      0x180 ../common/lib/libsymm_mpc8313_PtpGpsSe.a(FIOerr_gps.o)
                0x00076b30                FIO_GetErrStr
 .text          0x00076cb0      0x2b4 ../common/lib/libsymm_mpc8313_PtpGpsSe.a(FLTno_gps.o)
                0x00076cb0                FLTno_Init
                0x00076d50                FLTno_inpMTSD
                0x00076de8                FLTno_inpSTMD
                0x00076e90                FLTno_inpP2Pdel
                0x00076ef8                FLTno_inpNewMst
                0x00076f20                FLTno_resetFilter
 .text          0x00076f64      0x5fc ../common/lib/libsymm_mpc8313_PtpGpsSe.a(tod_gps.o)
                0x00076f64                GenerateTimecode
 .text          0x00077560      0x4a0 ../common/lib/libsymm_mpc8313_PtpGpsSe.a(TGT_gps.o)
                0x00077560                TGT_Init
                0x000775b0                TGT_Close
                0x000775dc                TGT_printf
                0x00077694                TGT_printSyncData
                0x00077880                TGT_printDrift
 .text          0x00077a00     0x1450 ../common/lib/libsymm_mpc8313_PtpGpsSe.a(SISmpool_gps.o)
                0x00077a00                SIS_MemPoolInit
                0x00077dd4                SIS_Alloc
                0x00077e68                SIS_AllocHdl
                0x0007839c                SIS_Free
                0x00078940                SIS_MemPoolQuery
                0x00078a08                SIS_MemPoolDebugPrint
 .text          0x00078e50      0x650 ../common/lib/libsymm_mpc8313_PtpGpsSe.a(SISmain_gps.o)
                0x00078e50                SIS_Init
                0x00078f54                SIS_TaskExeReq
                0x00078fd4                SIS_TimerStart
                0x000790e0                SIS_TimerStop
                0x0007915c                SIS_TimerStsRead
                0x00079208                SIS_GetTime
                0x00079230                SIS_Scheduler
                0x0007937c                SIS_TimerServiceRoutine
 .text          0x000794a0      0xf7c ../common/lib/libsymm_mpc8313_PtpGpsSe.a(SISevent_gps.o)
                0x000794a0                SIS_EventInit
                0x00079630                SIS_EventSet
                0x00079b0c                SIS_EventGet
                0x0007a184                SIS_EventQuery
 .text          0x0007a41c     0x40a0 ../common/lib/libsymm_mpc8313_PtpGpsSe.a(SISmbox_gps.o)
                0x0007a41c                SIS_MboxInit
                0x0007adb0                SIS_MboxPut
                0x0007ca98                SIS_MboxWListAdd
                0x0007cbbc                SIS_MboxGet
                0x0007d300                SIS_MboxRelease
                0x0007e110                SIS_MboxQuery
 .text          0x0007e4bc     0x1498 ../common/lib/libsymm_mpc8313_PtpGpsSe.a(GOE_gps.o)
                0x0007e4bc                GOE_ntoh16
                0x0007e508                GOE_ntoh32
                0x0007e57c                GOE_ntoh48
                0x0007e628                GOE_ntoh64
                0x0007e6f0                GOE_hton16
                0x0007e738                GOE_hton32
                0x0007e7a4                GOE_hton48
                0x0007e838                GOE_hton64
                0x0007e8f4                GOE_NetAddrToStr
                0x0007e994                GOE_NetStrToAddr
                0x0007ea28                GOE_LockStack
                0x0007ea50                GOE_UnLockStack
                0x0007ea7c                GOE_Init
                0x0007eebc                GOE_Close
                0x0007ef54                GOE_GetSockHdl
                0x0007ef80                GOE_InitMcConn
                0x0007efa8                GOE_CloseMcConn
                0x0007efc8                GOE_InitUcConn
                0x0007efe4                GOE_CloseUcConn
                0x0007eff8                GOE_getInbLat
                0x0007f088                GOE_getOutbLat
                0x0007f118                GOE_GetIfAddrs
                0x0007f1d0                GOE_SendMsg
                0x0007f2d8                GOE_RecvMsg
                0x0007f3a8                GOE_ReadFile
                0x0007f3f8                GOE_WriteFile
                0x0007f434                GOE_GetNetIfNum
                0x0007f494                GOE_GetErrStr
 .text          0x0007f954      0x224 ../common/lib/libsymm_mpc8313_PtpGpsSe.a(GN_GPS_Task.o)
                0x0007f954                GN_GPS_Task_Start
                0x0007f980                GN_GPS_Task_Stop
                0x0007f99c                GN_GPS_Task_Run
                0x0007f9b8                GN_GPS_Valid
                0x0007fab8                GN_GPS_Stat
 .text          0x0007fb78     0x13d0 ../common/lib/libsymm_mpc8313_PtpGpsSe.a(UCDmain_gps.o)
                0x0007fb78                UCD_Init
                0x0007fc48                UCD_Close
                0x0007fc94                UCD_Task
                0x00080364                UCD_SendUcCancel
                0x00080420                UCD_GetErrStr
                0x00080e80                UCD_SetAnncInt
                0x00080ee4                UCD_SetSyncInt
 .text          0x00080f48     0x1730 ../common/lib/libsymm_mpc8313_PtpGpsSe.a(PTPmath_gps.o)
                0x00080f48                PTP_AddTmSTmpTmStmp
                0x00081038                PTP_SubtrTmStmpTmStmp
                0x00081198                PTP_SubtrTmIntvTmStmp
                0x000813d0                PTP_AddTmIntvTmStmp
                0x00081448                PTP_sqrt_U64
                0x00081574                PTP_LowPass
                0x000815fc                PTP_PIctr
                0x000817bc                PTP_stdDev
                0x00081b8c                PTP_getTimeIntv
                0x00081cc8                PTP_logDualis
                0x00081d30                PTP_scaleVar
                0x00081d84                PTP_GetAllenVar
                0x00082268                PTP_PowerOf2
                0x000822e0                PTP_CompareClkId
                0x00082354                PTP_ComparePortId
                0x000823f8                PTP_CompPortAddr
                0x00082518                PTP_AddnCheckI64
                0x00082608                PTP_ChkRngSetExtr
 .text          0x00082678     0x1ee8 ../common/lib/libsymm_mpc8313_PtpGpsSe.a(CTLbmc_gps.o)
                0x00082678                CTL_StateDecisionEvent
 .text          0x00084560     0x1c80 ../common/lib/libsymm_mpc8313_PtpGpsSe.a(MNTget_gps.o)
                0x00084560                MNTget_ClkDesc
                0x00084b24                MNTget_UsrDesc
                0x00084c20                MNTget_DefaultDs
                0x00084e18                MNTget_CurrentDs
                0x00084eac                MNTget_ParentDs
                0x000850a4                MNTget_TimePropDs
                0x000852b8                MNTget_PortDs
                0x000855dc                MNTget_Priority1
                0x00085638                MNTget_Priority2
                0x00085694                MNTget_Domain
                0x000856f0                MNTget_SlaveOnly
                0x00085784                MNTget_AnncIntv
                0x00085814                MNTget_AnncRxTimeout
                0x000858a0                MNTget_SyncIntv
                0x00085930                MNTget_VersionNumber
                0x000859c4                MNTget_Time
                0x00085a60                MNTget_ClkAccuracy
                0x00085ac0                MNTget_UtcProp
                0x00085c00                MNTget_TraceProp
                0x00085ce0                MNTget_TimeSclProp
                0x00085d94                MNTget_UcNegoEnable
                0x00085dfc                MNTget_UCMasterTbl
                0x00086020                MNTget_UCMstMaxTblSize
                0x00086058                MNTget_DelayMechanism
                0x000860e8                MNTget_MinPDelReqIntv
                0x00086178                MNTget_PrivateStatus
 .text          0x000861e0      0x7f0 ../common/lib/libsymm_mpc8313_PtpGpsSe.a(NIFrx_gps.o)
                0x000861e0                NIF_RecvMsg
                0x0008634c                NIF_UnPackHdrPortId
                0x000863ac                NIF_UnPackTrgtPortId
                0x0008640c                NIF_UnPackReqPortId
                0x0008646c                NIF_UnPackHdr
                0x00086594                NIF_UnPackAnncMsg
                0x000866f0                NIF_UnPackSyncMsg
                0x00086758                NIF_UnPackFlwUpMsg
                0x000867c0                NIF_UnPackDelRespMsg
                0x0008683c                NIF_UnPackMntMsg
 .text          0x000869d0      0x4e0 ../common/lib/libsymm_mpc8313_PtpGpsSe.a(UCMannc_gps.o)
                0x000869d0                UCMann_Task
 .text          0x00086eb0      0x52c ../common/lib/libsymm_mpc8313_PtpGpsSe.a(UCMsyn_gps.o)
                0x00086eb0                UCMsyn_Task
                0x00087394                UCM_IsSyncSrvGranted
 .text          0x000873dc      0x1c4 ../common/lib/libsymm_mpc8313_PtpGpsSe.a(UCMdel_gps.o)
                0x000873dc                UCMdel_Task
 .text          0x000875a0      0x34c ../common/lib/libsymm_mpc8313_PtpGpsSe.a(MSTdel_gps.o)
                0x000875a0                MSTdel_Task
 *fill*         0x000878ec        0x4 00000000
 .text          0x000878f0     0x16c0 ../common/lib/libsymm_mpc8313_PtpGpsSe.a(sc_ptp_mgmt_gps.o)
                0x000878f0                mgmt_tlv_packet_32
                0x0008794c                mgmt_tlv_packet_16
                0x000879a8                mgmt_tlv_packet_8
                0x00087a00                mgmt_tlv_packet_string
                0x00087ac4                update_ptp_mgmt_status
                0x00088438                SC_GetPrivateStatus
 .text          0x00088fb0       0x9c ../common/lib/libsymm_mpc8313_PtpGpsSe.a(sc_util_gps.o)
                0x00088fb0                SC_TimeToDate
 .text          0x0008904c      0x20c /opt/sourcery-arm-201203/bin/../lib/gcc/arm-none-linux-gnueabi/4.6.3/libgcc.a(_udivsi3.o)
                0x0008904c                __udivsi3
                0x0008904c                __aeabi_uidiv
                0x00089238                __aeabi_uidivmod
 .text          0x00089258      0x240 /opt/sourcery-arm-201203/bin/../lib/gcc/arm-none-linux-gnueabi/4.6.3/libgcc.a(_divsi3.o)
                0x00089258                __divsi3
                0x00089258                __aeabi_idiv
                0x00089478                __aeabi_idivmod
 .text          0x00089498      0x3b8 /opt/sourcery-arm-201203/bin/../lib/gcc/arm-none-linux-gnueabi/4.6.3/libgcc.a(_arm_addsubdf3.o)
                0x00089498                __aeabi_drsub
                0x000894a0                __subdf3
                0x000894a0                __aeabi_dsub
                0x000894a4                __adddf3
                0x000894a4                __aeabi_dadd
                0x00089750                __aeabi_ui2d
                0x00089750                __floatunsidf
                0x00089774                __floatsidf
                0x00089774                __aeabi_i2d
                0x0008979c                __aeabi_f2d
                0x0008979c                __extendsfdf2
                0x000897dc                __floatundidf
                0x000897dc                __aeabi_ul2d
                0x000897f0                __floatdidf
                0x000897f0                __aeabi_l2d
 .text          0x00089850      0x470 /opt/sourcery-arm-201203/bin/../lib/gcc/arm-none-linux-gnueabi/4.6.3/libgcc.a(_arm_muldivdf3.o)
                0x00089850                __muldf3
                0x00089850                __aeabi_dmul
                0x00089abc                __divdf3
                0x00089abc                __aeabi_ddiv
 .text          0x00089cc0      0x12c /opt/sourcery-arm-201203/bin/../lib/gcc/arm-none-linux-gnueabi/4.6.3/libgcc.a(_arm_cmpdf2.o)
                0x00089cc0                __gtdf2
                0x00089cc0                __gedf2
                0x00089cc8                __ltdf2
                0x00089cc8                __ledf2
                0x00089cd0                __cmpdf2
                0x00089cd0                __nedf2
                0x00089cd0                __eqdf2
                0x00089d58                __aeabi_cdrcmple
                0x00089d74                __aeabi_cdcmple
                0x00089d74                __aeabi_cdcmpeq
                0x00089d88                __aeabi_dcmpeq
                0x00089d9c                __aeabi_dcmplt
                0x00089db0                __aeabi_dcmple
                0x00089dc4                __aeabi_dcmpge
                0x00089dd8                __aeabi_dcmpgt
 .text          0x00089dec       0x5c /opt/sourcery-arm-201203/bin/../lib/gcc/arm-none-linux-gnueabi/4.6.3/libgcc.a(_arm_fixdfsi.o)
                0x00089dec                __fixdfsi
                0x00089dec                __aeabi_d2iz
 .text          0x00089e48       0x54 /opt/sourcery-arm-201203/bin/../lib/gcc/arm-none-linux-gnueabi/4.6.3/libgcc.a(_arm_fixunsdfsi.o)
                0x00089e48                __fixunsdfsi
                0x00089e48                __aeabi_d2uiz
 .text          0x00089e9c       0xa0 /opt/sourcery-arm-201203/bin/../lib/gcc/arm-none-linux-gnueabi/4.6.3/libgcc.a(_arm_truncdfsf2.o)
                0x00089e9c                __aeabi_d2f
                0x00089e9c                __truncdfsf2
 .text          0x00089f3c       0xfc /opt/sourcery-arm-201203/bin/../lib/gcc/arm-none-linux-gnueabi/4.6.3/libgcc.a(_arm_cmpsf2.o)
                0x00089f3c                __gesf2
                0x00089f3c                __gtsf2
                0x00089f44                __lesf2
                0x00089f44                __ltsf2
                0x00089f4c                __cmpsf2
                0x00089f4c                __eqsf2
                0x00089f4c                __nesf2
                0x00089fb0                __aeabi_cfrcmple
                0x00089fc0                __aeabi_cfcmple
                0x00089fc0                __aeabi_cfcmpeq
                0x00089fd4                __aeabi_fcmpeq
                0x00089fe8                __aeabi_fcmplt
                0x00089ffc                __aeabi_fcmple
                0x0008a010                __aeabi_fcmpge
                0x0008a024                __aeabi_fcmpgt
 .text          0x0008a038       0x44 /opt/sourcery-arm-201203/bin/../lib/gcc/arm-none-linux-gnueabi/4.6.3/libgcc.a(_aeabi_ldivmod.o)
                0x0008a038                __aeabi_ldivmod
 .text          0x0008a07c       0x3c /opt/sourcery-arm-201203/bin/../lib/gcc/arm-none-linux-gnueabi/4.6.3/libgcc.a(_aeabi_uldivmod.o)
                0x0008a07c                __aeabi_uldivmod
 .text          0x0008a0b8       0x10 /opt/sourcery-arm-201203/bin/../lib/gcc/arm-none-linux-gnueabi/4.6.3/libgcc.a(_dvmd_lnx.o)
                0x0008a0b8                __aeabi_idiv0
                0x0008a0b8                __aeabi_ldiv0
 .text          0x0008a0c8       0x44 /opt/sourcery-arm-201203/bin/../lib/gcc/arm-none-linux-gnueabi/4.6.3/libgcc.a(_fixdfdi.o)
                0x0008a0c8                __fixdfdi
                0x0008a0c8                __aeabi_d2lz
 .text          0x0008a10c       0x68 /opt/sourcery-arm-201203/bin/../lib/gcc/arm-none-linux-gnueabi/4.6.3/libgcc.a(_fixunsdfdi.o)
                0x0008a10c                __aeabi_d2ulz
                0x0008a10c                __fixunsdfdi
 .text          0x0008a174       0x78 /opt/sourcery-arm-201203/bin/../lib/gcc/arm-none-linux-gnueabi/4.6.3/libgcc.a(bpabi.o)
                0x0008a174                __gnu_ldivmod_helper
                0x0008a1b0                __gnu_uldivmod_helper
 .text          0x0008a1ec      0x4d0 /opt/sourcery-arm-201203/bin/../lib/gcc/arm-none-linux-gnueabi/4.6.3/libgcc.a(_divdi3.o)
                0x0008a1ec                __divdi3
 .text          0x0008a6bc      0x474 /opt/sourcery-arm-201203/bin/../lib/gcc/arm-none-linux-gnueabi/4.6.3/libgcc.a(_udivdi3.o)
                0x0008a6bc                __udivdi3
 .text          0x0008ab30       0xcc /opt/sourcery-arm-201203/bin/../arm-none-linux-gnueabi/libc/usr/lib/libc_nonshared.a(elf-init.oS)
                0x0008ab30                __libc_csu_init
                0x0008abf8                __libc_csu_fini
 .text          0x0008abfc        0x0 /opt/sourcery-arm-201203/bin/../lib/gcc/arm-none-linux-gnueabi/4.6.3/crtend.o
 .text          0x0008abfc        0x0 /opt/sourcery-arm-201203/bin/../arm-none-linux-gnueabi/libc/usr/lib/crtn.o
 *(.gnu.warning)
 *(.glue_7t)
 .glue_7t       0x00000000        0x0 linker stubs
 *(.glue_7)
 .glue_7        0x00000000        0x0 linker stubs
 *(.vfp11_veneer)
 .vfp11_veneer  0x00000000        0x0 linker stubs
 *(.v4_bx)
 .v4_bx         0x00000000        0x0 linker stubs

.fini           0x0008abfc        0x8
 *(.fini)
 .fini          0x0008abfc        0x4 /opt/sourcery-arm-201203/bin/../arm-none-linux-gnueabi/libc/usr/lib/crti.o
                0x0008abfc                _fini
 .fini          0x0008ac00        0x4 /opt/sourcery-arm-201203/bin/../arm-none-linux-gnueabi/libc/usr/lib/crtn.o
                0x0008ac04                PROVIDE (__etext, .)
                0x0008ac04                PROVIDE (_etext, .)
                0x0008ac04                PROVIDE (etext, .)

.rodata         0x0008ac08     0xa81c
 *(.rodata .rodata.* .gnu.linkonce.r.*)
 .rodata.cst4   0x0008ac08        0x4 /opt/sourcery-arm-201203/bin/../arm-none-linux-gnueabi/libc/usr/lib/crt1.o
                0x0008ac08                _IO_stdin_used
 .rodata        0x0008ac0c       0x10 ./natsemi_util/epl_1588_gps.o
 .rodata.str1.4
                0x0008ac1c       0x9a ./natsemi_util/epl_1588_gps.o
                                 0x9c (size before relaxing)
 *fill*         0x0008acb6        0x2 00
 .rodata        0x0008acb8       0x50 ./clock_if/sc_clock_if_gps.o
 .rodata.str1.4
                0x0008ad08      0x1b8 ./clock_if/sc_clock_if_gps.o
 .rodata        0x0008aec0       0x88 ../common/network_if/sc_network_if_gps.o
 .rodata.str1.4
                0x0008af48      0x116 ../common/network_if/sc_network_if_gps.o
                                0x118 (size before relaxing)
 *fill*         0x0008b05e        0x2 00
 .rodata.str1.4
                0x0008b060       0xc8 ../common/log/sc_log_gps.o
                                 0xcc (size before relaxing)
 .rodata        0x0008b128      0x1c0 ../common/user_if/sc_ui_gps.o
 .rodata.str1.4
                0x0008b2e8     0x2fb5 ../common/user_if/sc_ui_gps.o
                               0x303c (size before relaxing)
 *fill*         0x0008e29d        0x3 00
 .rodata        0x0008e2a0       0xe8 ../common/config_if/sc_readconfig_gps.o
 .rodata.str1.4
                0x0008e388      0x988 ../common/config_if/sc_readconfig_gps.o
                                0x99c (size before relaxing)
 .rodata        0x0008ed10       0x74 ../common/main_gps.o
 .rodata.str1.4
                0x0008ed84      0x674 ../common/main_gps.o
                                0x770 (size before relaxing)
 .rodata        0x0008f3f8      0x504 ../common/lib/libsymm_mpc8313_PtpGpsSe.a(sc_chan_gps.o)
 .rodata        0x0008f8fc      0x12c ../common/lib/libsymm_mpc8313_PtpGpsSe.a(sc_alarms_gps.o)
 .rodata        0x0008fa28     0x2a24 ../common/lib/libsymm_mpc8313_PtpGpsSe.a(CLK_gps.o)
 .rodata        0x0009244c      0x8d8 ../common/lib/libsymm_mpc8313_PtpGpsSe.a(clk_ana_gps.o)
 .rodata        0x00092d24       0x24 ../common/lib/libsymm_mpc8313_PtpGpsSe.a(clk_acq_gps.o)
 .rodata        0x00092d48      0x8d0 ../common/lib/libsymm_mpc8313_PtpGpsSe.a(clk_input_gps.o)
 .rodata        0x00093618      0x33c ../common/lib/libsymm_mpc8313_PtpGpsSe.a(sc_ptp_servo_gps.o)
                0x00093618                kOscOffsetLimit
 .rodata        0x00093954        0x4 ../common/lib/libsymm_mpc8313_PtpGpsSe.a(sc_system_gps.o)
 .rodata        0x00093958      0x2cc ../common/lib/libsymm_mpc8313_PtpGpsSe.a(THD_gps.o)
 .rodata        0x00093c24      0x184 ../common/lib/libsymm_mpc8313_PtpGpsSe.a(PTP_gps.o)
 .rodata        0x00093da8      0x4f4 ../common/lib/libsymm_mpc8313_PtpGpsSe.a(CTLmain_gps.o)
 .rodata        0x0009429c       0x9c ../common/lib/libsymm_mpc8313_PtpGpsSe.a(SLVmain_gps.o)
 .rodata        0x00094338      0x1a8 ../common/lib/libsymm_mpc8313_PtpGpsSe.a(MNTmain_gps.o)
 .rodata        0x000944e0      0x174 ../common/lib/libsymm_mpc8313_PtpGpsSe.a(MNTmsg_gps.o)
 .rodata        0x00094654       0x6c ../common/lib/libsymm_mpc8313_PtpGpsSe.a(UCMmain_gps.o)
 .rodata        0x000946c0      0x11c ../common/lib/libsymm_mpc8313_PtpGpsSe.a(DISmain_gps.o)
 .rodata        0x000947dc       0x84 ../common/lib/libsymm_mpc8313_PtpGpsSe.a(MSTmain_gps.o)
 .rodata        0x00094860       0xb0 ../common/lib/libsymm_mpc8313_PtpGpsSe.a(CIFmain_gps.o)
 .rodata        0x00094910       0x50 ../common/lib/libsymm_mpc8313_PtpGpsSe.a(TSUmain_gps.o)
 .rodata        0x00094960      0x2cc ../common/lib/libsymm_mpc8313_PtpGpsSe.a(FIO_gps.o)
 .rodata        0x00094c2c      0x254 ../common/lib/libsymm_mpc8313_PtpGpsSe.a(FIOerr_gps.o)
 .rodata        0x00094e80       0xbc ../common/lib/libsymm_mpc8313_PtpGpsSe.a(TGT_gps.o)
 .rodata        0x00094f3c      0x174 ../common/lib/libsymm_mpc8313_PtpGpsSe.a(SISmpool_gps.o)
 .rodata        0x000950b0       0xa8 ../common/lib/libsymm_mpc8313_PtpGpsSe.a(SISmain_gps.o)
 .rodata        0x00095158       0x44 ../common/lib/libsymm_mpc8313_PtpGpsSe.a(SISevent_gps.o)
 .rodata        0x0009519c       0x60 ../common/lib/libsymm_mpc8313_PtpGpsSe.a(SISmbox_gps.o)
 .rodata        0x000951fc      0x104 ../common/lib/libsymm_mpc8313_PtpGpsSe.a(GOE_gps.o)
 .rodata        0x00095300       0x38 ../common/lib/libsymm_mpc8313_PtpGpsSe.a(GN_GPS_Task.o)
 .rodata        0x00095338       0x58 ../common/lib/libsymm_mpc8313_PtpGpsSe.a(UCDmain_gps.o)
 .rodata        0x00095390        0x8 ../common/lib/libsymm_mpc8313_PtpGpsSe.a(PTPmath_gps.o)
 .rodata        0x00095398       0x44 ../common/lib/libsymm_mpc8313_PtpGpsSe.a(MNTget_gps.o)
 .rodata        0x000953dc       0x24 ../common/lib/libsymm_mpc8313_PtpGpsSe.a(sc_ptp_mgmt_gps.o)
 .rodata        0x00095400       0x24 ../common/lib/libsymm_mpc8313_PtpGpsSe.a(sc_util_gps.o)

.rodata1
 *(.rodata1)

.ARM.extab      0x00095424     0x1878
 *(.ARM.extab* .gnu.linkonce.armextab.*)
 .ARM.extab     0x00095424        0x0 /opt/sourcery-arm-201203/bin/../arm-none-linux-gnueabi/libc/usr/lib/crt1.o
 .ARM.extab     0x00095424        0xc /opt/sourcery-arm-201203/bin/../lib/gcc/arm-none-linux-gnueabi/4.6.3/crtbegin.o
 .ARM.extab     0x00095430       0x24 ./natsemi_util/epl_1588_gps.o
 .ARM.extab     0x00095454        0x0 ./timestamper_if/sc_timestamp_gps.o
 .ARM.extab     0x00095454       0x18 ./clock_if/sc_clock_if_gps.o
 .ARM.extab     0x0009546c       0x18 ../common/network_if/sc_network_if_gps.o
 .ARM.extab     0x00095484        0xc ../common/log/sc_log_gps.o
 .ARM.extab     0x00095490       0x30 ../common/user_if/sc_ui_gps.o
 .ARM.extab     0x000954c0        0x0 ../common/config_if/sc_readconfig_gps.o
 .ARM.extab     0x000954c0        0x0 ../common/chan_processing_if/sc_SSM_handling_gps.o
 .ARM.extab     0x000954c0       0x30 ../common/main_gps.o
 .ARM.extab.text.startup
                0x000954f0        0xc ../common/main_gps.o
 .ARM.extab     0x000954fc        0x0 ../common/se_if/sc_se_if.o
 .ARM.extab     0x000954fc       0x24 ../common/gps_if/sc_gps_if.o
 .ARM.extab     0x00095520      0x1e0 ../common/lib/libsymm_mpc8313_PtpGpsSe.a(sc_chan_gps.o)
 .ARM.extab     0x00095700      0x27c ../common/lib/libsymm_mpc8313_PtpGpsSe.a(CLK_gps.o)
 .ARM.extab     0x0009597c       0x84 ../common/lib/libsymm_mpc8313_PtpGpsSe.a(clk_ana_gps.o)
 .ARM.extab     0x00095a00        0xc ../common/lib/libsymm_mpc8313_PtpGpsSe.a(clk_acq_gps.o)
 .ARM.extab     0x00095a0c       0x18 ../common/lib/libsymm_mpc8313_PtpGpsSe.a(clk_input_gps.o)
 .ARM.extab     0x00095a24       0xf0 ../common/lib/libsymm_mpc8313_PtpGpsSe.a(sc_ptp_servo_gps.o)
 .ARM.extab     0x00095b14       0x84 ../common/lib/libsymm_mpc8313_PtpGpsSe.a(sc_system_gps.o)
 .ARM.extab     0x00095b98       0x24 ../common/lib/libsymm_mpc8313_PtpGpsSe.a(DBG_gps.o)
 .ARM.extab     0x00095bbc      0x15c ../common/lib/libsymm_mpc8313_PtpGpsSe.a(sc_mnt_gps.o)
 .ARM.extab     0x00095d18       0x6c ../common/lib/libsymm_mpc8313_PtpGpsSe.a(THD_gps.o)
 .ARM.extab     0x00095d84        0xc ../common/lib/libsymm_mpc8313_PtpGpsSe.a(sc_gps.o)
 .ARM.extab     0x00095d90       0x3c ../common/lib/libsymm_mpc8313_PtpGpsSe.a(GPS.o)
 .ARM.extab     0x00095dcc       0x18 ../common/lib/libsymm_mpc8313_PtpGpsSe.a(SE.o)
 .ARM.extab     0x00095de4       0x84 ../common/lib/libsymm_mpc8313_PtpGpsSe.a(PTP_gps.o)
 .ARM.extab     0x00095e68       0x9c ../common/lib/libsymm_mpc8313_PtpGpsSe.a(CTLmain_gps.o)
 .ARM.extab     0x00095f04       0x48 ../common/lib/libsymm_mpc8313_PtpGpsSe.a(CTLflt_gps.o)
 .ARM.extab     0x00095f4c       0xc0 ../common/lib/libsymm_mpc8313_PtpGpsSe.a(CTLds_gps.o)
 .ARM.extab     0x0009600c       0x24 ../common/lib/libsymm_mpc8313_PtpGpsSe.a(CLKflt_gps.o)
 .ARM.extab     0x00096030       0x18 ../common/lib/libsymm_mpc8313_PtpGpsSe.a(SLVdel_gps.o)
 .ARM.extab     0x00096048       0x18 ../common/lib/libsymm_mpc8313_PtpGpsSe.a(SLVdel_queue_gps.o)
 .ARM.extab     0x00096060       0x30 ../common/lib/libsymm_mpc8313_PtpGpsSe.a(SLVsyn_gps.o)
 .ARM.extab     0x00096090        0xc ../common/lib/libsymm_mpc8313_PtpGpsSe.a(SLVmain_gps.o)
 .ARM.extab     0x0009609c       0x6c ../common/lib/libsymm_mpc8313_PtpGpsSe.a(MNTmain_gps.o)
 .ARM.extab     0x00096108      0x258 ../common/lib/libsymm_mpc8313_PtpGpsSe.a(MNTapi_gps.o)
 .ARM.extab     0x00096360       0xa8 ../common/lib/libsymm_mpc8313_PtpGpsSe.a(MNTmsg_gps.o)
 .ARM.extab     0x00096408       0x18 ../common/lib/libsymm_mpc8313_PtpGpsSe.a(NIFmain_gps.o)
 .ARM.extab     0x00096420      0x114 ../common/lib/libsymm_mpc8313_PtpGpsSe.a(NIFtx_gps.o)
 .ARM.extab     0x00096534       0x60 ../common/lib/libsymm_mpc8313_PtpGpsSe.a(UCMmain_gps.o)
 .ARM.extab     0x00096594       0x24 ../common/lib/libsymm_mpc8313_PtpGpsSe.a(DISmain_gps.o)
 .ARM.extab     0x000965b8       0x18 ../common/lib/libsymm_mpc8313_PtpGpsSe.a(DISnet_gps.o)
 .ARM.extab     0x000965d0       0x54 ../common/lib/libsymm_mpc8313_PtpGpsSe.a(DISrx_gps.o)
 .ARM.extab     0x00096624       0x90 ../common/lib/libsymm_mpc8313_PtpGpsSe.a(DIStx_gps.o)
 .ARM.extab     0x000966b4        0xc ../common/lib/libsymm_mpc8313_PtpGpsSe.a(MSTmain_gps.o)
 .ARM.extab     0x000966c0       0x18 ../common/lib/libsymm_mpc8313_PtpGpsSe.a(MSTsyn_gps.o)
 .ARM.extab     0x000966d8       0x18 ../common/lib/libsymm_mpc8313_PtpGpsSe.a(MSTannc_gps.o)
 .ARM.extab     0x000966f0       0x30 ../common/lib/libsymm_mpc8313_PtpGpsSe.a(CIFmain_gps.o)
 .ARM.extab     0x00096720       0x24 ../common/lib/libsymm_mpc8313_PtpGpsSe.a(TSUmain_gps.o)
 .ARM.extab     0x00096744       0x48 ../common/lib/libsymm_mpc8313_PtpGpsSe.a(FIO_gps.o)
 .ARM.extab     0x0009678c        0x0 ../common/lib/libsymm_mpc8313_PtpGpsSe.a(FIOerr_gps.o)
 .ARM.extab     0x0009678c       0x18 ../common/lib/libsymm_mpc8313_PtpGpsSe.a(FLTno_gps.o)
 .ARM.extab     0x000967a4        0xc ../common/lib/libsymm_mpc8313_PtpGpsSe.a(tod_gps.o)
 .ARM.extab     0x000967b0       0x48 ../common/lib/libsymm_mpc8313_PtpGpsSe.a(TGT_gps.o)
 .ARM.extab     0x000967f8       0x3c ../common/lib/libsymm_mpc8313_PtpGpsSe.a(SISmpool_gps.o)
 .ARM.extab     0x00096834       0x48 ../common/lib/libsymm_mpc8313_PtpGpsSe.a(SISmain_gps.o)
 .ARM.extab     0x0009687c       0x24 ../common/lib/libsymm_mpc8313_PtpGpsSe.a(SISevent_gps.o)
 .ARM.extab     0x000968a0       0x3c ../common/lib/libsymm_mpc8313_PtpGpsSe.a(SISmbox_gps.o)
 .ARM.extab     0x000968dc       0xc0 ../common/lib/libsymm_mpc8313_PtpGpsSe.a(GOE_gps.o)
 .ARM.extab     0x0009699c        0x0 ../common/lib/libsymm_mpc8313_PtpGpsSe.a(GN_GPS_Task.o)
 .ARM.extab     0x0009699c       0x90 ../common/lib/libsymm_mpc8313_PtpGpsSe.a(UCDmain_gps.o)
 .ARM.extab     0x00096a2c       0xa8 ../common/lib/libsymm_mpc8313_PtpGpsSe.a(PTPmath_gps.o)
 .ARM.extab     0x00096ad4       0x48 ../common/lib/libsymm_mpc8313_PtpGpsSe.a(CTLbmc_gps.o)
 .ARM.extab     0x00096b1c       0x90 ../common/lib/libsymm_mpc8313_PtpGpsSe.a(MNTget_gps.o)
 .ARM.extab     0x00096bac       0x78 ../common/lib/libsymm_mpc8313_PtpGpsSe.a(NIFrx_gps.o)
 .ARM.extab     0x00096c24        0xc ../common/lib/libsymm_mpc8313_PtpGpsSe.a(UCMannc_gps.o)
 .ARM.extab     0x00096c30       0x18 ../common/lib/libsymm_mpc8313_PtpGpsSe.a(UCMsyn_gps.o)
 .ARM.extab     0x00096c48        0xc ../common/lib/libsymm_mpc8313_PtpGpsSe.a(UCMdel_gps.o)
 .ARM.extab     0x00096c54        0xc ../common/lib/libsymm_mpc8313_PtpGpsSe.a(MSTdel_gps.o)
 .ARM.extab     0x00096c60       0x30 ../common/lib/libsymm_mpc8313_PtpGpsSe.a(sc_ptp_mgmt_gps.o)
 .ARM.extab     0x00096c90        0xc ../common/lib/libsymm_mpc8313_PtpGpsSe.a(sc_util_gps.o)
 .ARM.extab     0x00096c9c        0x0 /opt/sourcery-arm-201203/bin/../lib/gcc/arm-none-linux-gnueabi/4.6.3/libgcc.a(_fixdfdi.o)
 .ARM.extab     0x00096c9c        0x0 /opt/sourcery-arm-201203/bin/../lib/gcc/arm-none-linux-gnueabi/4.6.3/libgcc.a(_fixunsdfdi.o)
 .ARM.extab     0x00096c9c        0x0 /opt/sourcery-arm-201203/bin/../lib/gcc/arm-none-linux-gnueabi/4.6.3/libgcc.a(bpabi.o)
 .ARM.extab     0x00096c9c        0x0 /opt/sourcery-arm-201203/bin/../lib/gcc/arm-none-linux-gnueabi/4.6.3/libgcc.a(_divdi3.o)
 .ARM.extab     0x00096c9c        0x0 /opt/sourcery-arm-201203/bin/../lib/gcc/arm-none-linux-gnueabi/4.6.3/libgcc.a(_udivdi3.o)
 .ARM.extab     0x00096c9c        0x0 /opt/sourcery-arm-201203/bin/../arm-none-linux-gnueabi/libc/usr/lib/libc_nonshared.a(elf-init.oS)
                0x00096c9c                PROVIDE (__exidx_start, .)

.ARM.exidx      0x00096c9c     0x16e8
 *(.ARM.exidx* .gnu.linkonce.armexidx.*)
 .ARM.exidx     0x00096ca4        0x8 /opt/sourcery-arm-201203/bin/../arm-none-linux-gnueabi/libc/usr/lib/crt1.o
 .ARM.exidx     0x00096cac       0x10 /opt/sourcery-arm-201203/bin/../lib/gcc/arm-none-linux-gnueabi/4.6.3/crtbegin.o
 .ARM.exidx     0x00096cbc      0x110 ./natsemi_util/epl_1588_gps.o
                                0x148 (size before relaxing)
 .ARM.exidx     0x00096dcc       0x18 ./timestamper_if/sc_timestamp_gps.o
 .ARM.exidx     0x00096de4       0x68 ./clock_if/sc_clock_if_gps.o
                                 0xa0 (size before relaxing)
 .ARM.exidx     0x00096e4c       0x80 ../common/network_if/sc_network_if_gps.o
                                 0x90 (size before relaxing)
 .ARM.exidx     0x00096ecc       0x20 ../common/log/sc_log_gps.o
 .ARM.exidx     0x00096eec       0x48 ../common/user_if/sc_ui_gps.o
                                 0x58 (size before relaxing)
 .ARM.exidx     0x00096f34       0x78 ../common/config_if/sc_readconfig_gps.o
                                 0xf0 (size before relaxing)
 .ARM.exidx     0x00096fac       0x20 ../common/chan_processing_if/sc_SSM_handling_gps.o
                                 0x28 (size before relaxing)
 .ARM.exidx     0x00096fcc       0x58 ../common/main_gps.o
 .ARM.exidx.text.startup
                0x00096c9c        0x8 ../common/main_gps.o
 .ARM.exidx     0x00097024        0x8 ../common/se_if/sc_se_if.o
                                 0x10 (size before relaxing)
 .ARM.exidx     0x0009702c       0x28 ../common/gps_if/sc_gps_if.o
                                 0x30 (size before relaxing)
 .ARM.exidx     0x00097054      0x190 ../common/lib/libsymm_mpc8313_PtpGpsSe.a(sc_chan_gps.o)
                                0x1f0 (size before relaxing)
 .ARM.exidx     0x000971e4      0x270 ../common/lib/libsymm_mpc8313_PtpGpsSe.a(CLK_gps.o)
                                0x340 (size before relaxing)
 .ARM.exidx     0x00097454       0x88 ../common/lib/libsymm_mpc8313_PtpGpsSe.a(clk_ana_gps.o)
                                 0xf0 (size before relaxing)
 .ARM.exidx     0x000974dc        0x8 ../common/lib/libsymm_mpc8313_PtpGpsSe.a(clk_acq_gps.o)
 .ARM.exidx     0x000974e4       0x30 ../common/lib/libsymm_mpc8313_PtpGpsSe.a(clk_input_gps.o)
 .ARM.exidx     0x00097514       0xd0 ../common/lib/libsymm_mpc8313_PtpGpsSe.a(sc_ptp_servo_gps.o)
                                0x140 (size before relaxing)
 .ARM.exidx     0x000975e4       0x78 ../common/lib/libsymm_mpc8313_PtpGpsSe.a(sc_system_gps.o)
 .ARM.exidx     0x0009765c       0x20 ../common/lib/libsymm_mpc8313_PtpGpsSe.a(DBG_gps.o)
                                 0x28 (size before relaxing)
 .ARM.exidx     0x0009767c       0xf0 ../common/lib/libsymm_mpc8313_PtpGpsSe.a(sc_mnt_gps.o)
 .ARM.exidx     0x0009776c       0x50 ../common/lib/libsymm_mpc8313_PtpGpsSe.a(THD_gps.o)
 .ARM.exidx     0x000977bc        0x8 ../common/lib/libsymm_mpc8313_PtpGpsSe.a(sc_gps.o)
 .ARM.exidx     0x000977c4       0x28 ../common/lib/libsymm_mpc8313_PtpGpsSe.a(GPS.o)
 .ARM.exidx     0x000977ec       0x10 ../common/lib/libsymm_mpc8313_PtpGpsSe.a(SE.o)
 .ARM.exidx     0x000977fc       0x58 ../common/lib/libsymm_mpc8313_PtpGpsSe.a(PTP_gps.o)
 .ARM.exidx     0x00097854       0x70 ../common/lib/libsymm_mpc8313_PtpGpsSe.a(CTLmain_gps.o)
 .ARM.exidx     0x000978c4       0x38 ../common/lib/libsymm_mpc8313_PtpGpsSe.a(CTLflt_gps.o)
 .ARM.exidx     0x000978fc       0xa0 ../common/lib/libsymm_mpc8313_PtpGpsSe.a(CTLds_gps.o)
                                 0xb0 (size before relaxing)
 .ARM.exidx     0x0009799c       0x20 ../common/lib/libsymm_mpc8313_PtpGpsSe.a(CLKflt_gps.o)
                                 0x48 (size before relaxing)
 .ARM.exidx     0x000979bc       0x10 ../common/lib/libsymm_mpc8313_PtpGpsSe.a(SLVdel_gps.o)
 .ARM.exidx     0x000979cc       0x10 ../common/lib/libsymm_mpc8313_PtpGpsSe.a(SLVdel_queue_gps.o)
 .ARM.exidx     0x000979dc       0x20 ../common/lib/libsymm_mpc8313_PtpGpsSe.a(SLVsyn_gps.o)
 .ARM.exidx     0x000979fc       0x10 ../common/lib/libsymm_mpc8313_PtpGpsSe.a(SLVmain_gps.o)
 .ARM.exidx     0x00097a0c       0x58 ../common/lib/libsymm_mpc8313_PtpGpsSe.a(MNTmain_gps.o)
                                 0x70 (size before relaxing)
 .ARM.exidx     0x00097a64      0x190 ../common/lib/libsymm_mpc8313_PtpGpsSe.a(MNTapi_gps.o)
 .ARM.exidx     0x00097bf4       0x80 ../common/lib/libsymm_mpc8313_PtpGpsSe.a(MNTmsg_gps.o)
                                 0x88 (size before relaxing)
 .ARM.exidx     0x00097c74       0x10 ../common/lib/libsymm_mpc8313_PtpGpsSe.a(NIFmain_gps.o)
 .ARM.exidx     0x00097c84       0xc0 ../common/lib/libsymm_mpc8313_PtpGpsSe.a(NIFtx_gps.o)
 .ARM.exidx     0x00097d44       0x50 ../common/lib/libsymm_mpc8313_PtpGpsSe.a(UCMmain_gps.o)
 .ARM.exidx     0x00097d94       0x18 ../common/lib/libsymm_mpc8313_PtpGpsSe.a(DISmain_gps.o)
 .ARM.exidx     0x00097dac       0x10 ../common/lib/libsymm_mpc8313_PtpGpsSe.a(DISnet_gps.o)
 .ARM.exidx     0x00097dbc       0x38 ../common/lib/libsymm_mpc8313_PtpGpsSe.a(DISrx_gps.o)
 .ARM.exidx     0x00097df4       0x60 ../common/lib/libsymm_mpc8313_PtpGpsSe.a(DIStx_gps.o)
 .ARM.exidx     0x00097e54       0x10 ../common/lib/libsymm_mpc8313_PtpGpsSe.a(MSTmain_gps.o)
 .ARM.exidx     0x00097e64       0x10 ../common/lib/libsymm_mpc8313_PtpGpsSe.a(MSTsyn_gps.o)
 .ARM.exidx     0x00097e74       0x10 ../common/lib/libsymm_mpc8313_PtpGpsSe.a(MSTannc_gps.o)
 .ARM.exidx     0x00097e84       0x38 ../common/lib/libsymm_mpc8313_PtpGpsSe.a(CIFmain_gps.o)
                                 0x40 (size before relaxing)
 .ARM.exidx     0x00097ebc       0x28 ../common/lib/libsymm_mpc8313_PtpGpsSe.a(TSUmain_gps.o)
 .ARM.exidx     0x00097ee4       0x50 ../common/lib/libsymm_mpc8313_PtpGpsSe.a(FIO_gps.o)
 .ARM.exidx     0x00097f34        0x0 ../common/lib/libsymm_mpc8313_PtpGpsSe.a(FIOerr_gps.o)
                                  0x8 (size before relaxing)
 .ARM.exidx     0x00097f34       0x20 ../common/lib/libsymm_mpc8313_PtpGpsSe.a(FLTno_gps.o)
                                 0x30 (size before relaxing)
 .ARM.exidx     0x00097f54        0x8 ../common/lib/libsymm_mpc8313_PtpGpsSe.a(tod_gps.o)
 .ARM.exidx     0x00097f5c       0x30 ../common/lib/libsymm_mpc8313_PtpGpsSe.a(TGT_gps.o)
 .ARM.exidx     0x00097f8c       0x30 ../common/lib/libsymm_mpc8313_PtpGpsSe.a(SISmpool_gps.o)
 .ARM.exidx     0x00097fbc       0x40 ../common/lib/libsymm_mpc8313_PtpGpsSe.a(SISmain_gps.o)
 .ARM.exidx     0x00097ffc       0x18 ../common/lib/libsymm_mpc8313_PtpGpsSe.a(SISevent_gps.o)
                                 0x20 (size before relaxing)
 .ARM.exidx     0x00098014       0x30 ../common/lib/libsymm_mpc8313_PtpGpsSe.a(SISmbox_gps.o)
 .ARM.exidx     0x00098044       0xa0 ../common/lib/libsymm_mpc8313_PtpGpsSe.a(GOE_gps.o)
                                 0xf8 (size before relaxing)
 .ARM.exidx     0x000980e4        0x8 ../common/lib/libsymm_mpc8313_PtpGpsSe.a(GN_GPS_Task.o)
                                 0x40 (size before relaxing)
 .ARM.exidx     0x000980ec       0x70 ../common/lib/libsymm_mpc8313_PtpGpsSe.a(UCDmain_gps.o)
                                 0x78 (size before relaxing)
 .ARM.exidx     0x0009815c       0x88 ../common/lib/libsymm_mpc8313_PtpGpsSe.a(PTPmath_gps.o)
                                 0x90 (size before relaxing)
 .ARM.exidx     0x000981e4       0x30 ../common/lib/libsymm_mpc8313_PtpGpsSe.a(CTLbmc_gps.o)
 .ARM.exidx     0x00098214       0x80 ../common/lib/libsymm_mpc8313_PtpGpsSe.a(MNTget_gps.o)
                                 0xd0 (size before relaxing)
 .ARM.exidx     0x00098294       0x50 ../common/lib/libsymm_mpc8313_PtpGpsSe.a(NIFrx_gps.o)
 .ARM.exidx     0x000982e4        0x8 ../common/lib/libsymm_mpc8313_PtpGpsSe.a(UCMannc_gps.o)
 .ARM.exidx     0x000982ec       0x10 ../common/lib/libsymm_mpc8313_PtpGpsSe.a(UCMsyn_gps.o)
 .ARM.exidx     0x000982fc        0x8 ../common/lib/libsymm_mpc8313_PtpGpsSe.a(UCMdel_gps.o)
 .ARM.exidx     0x00098304        0x8 ../common/lib/libsymm_mpc8313_PtpGpsSe.a(MSTdel_gps.o)
 .ARM.exidx     0x0009830c       0x28 ../common/lib/libsymm_mpc8313_PtpGpsSe.a(sc_ptp_mgmt_gps.o)
                                 0x30 (size before relaxing)
 .ARM.exidx     0x00098334       0x10 ../common/lib/libsymm_mpc8313_PtpGpsSe.a(sc_util_gps.o)
                                  0x8 (size before relaxing)
 .ARM.exidx     0x00098344        0x8 /opt/sourcery-arm-201203/bin/../lib/gcc/arm-none-linux-gnueabi/4.6.3/libgcc.a(_fixdfdi.o)
 .ARM.exidx     0x0009834c        0x8 /opt/sourcery-arm-201203/bin/../lib/gcc/arm-none-linux-gnueabi/4.6.3/libgcc.a(_fixunsdfdi.o)
 .ARM.exidx     0x00098354        0x8 /opt/sourcery-arm-201203/bin/../lib/gcc/arm-none-linux-gnueabi/4.6.3/libgcc.a(bpabi.o)
                                 0x10 (size before relaxing)
 .ARM.exidx     0x0009835c        0x8 /opt/sourcery-arm-201203/bin/../lib/gcc/arm-none-linux-gnueabi/4.6.3/libgcc.a(_divdi3.o)
 .ARM.exidx     0x00098364        0x8 /opt/sourcery-arm-201203/bin/../lib/gcc/arm-none-linux-gnueabi/4.6.3/libgcc.a(_udivdi3.o)
 .ARM.exidx     0x0009836c       0x18 /opt/sourcery-arm-201203/bin/../arm-none-linux-gnueabi/libc/usr/lib/libc_nonshared.a(elf-init.oS)
                                 0x10 (size before relaxing)
                0x00098384                PROVIDE (__exidx_end, .)

.eh_frame_hdr
 *(.eh_frame_hdr)
 *(.eh_frame_entry .eh_frame_entry.*)

.eh_frame       0x00098384        0x4
 *(.eh_frame)
 .eh_frame      0x00098384        0x4 /opt/sourcery-arm-201203/bin/../lib/gcc/arm-none-linux-gnueabi/4.6.3/crtend.o
 *(.eh_frame.*)

.gcc_except_table
 *(.gcc_except_table .gcc_except_table.*)

.gnu_extab
 *(.gnu_extab*)

.exception_ranges
 *(.exception_ranges .exception_ranges*)
                0x00098388                . = (ALIGN (0x8000) - ((0x8000 - .) & 0x7fff))
                0x000a0388                . = DATA_SEGMENT_ALIGN (0x8000, 0x1000)

.eh_frame
 *(.eh_frame)
 *(.eh_frame.*)

.gnu_extab
 *(.gnu_extab)

.gcc_except_table
 *(.gcc_except_table .gcc_except_table.*)

.exception_ranges
 *(.exception_ranges .exception_ranges*)

.tdata
 *(.tdata .tdata.* .gnu.linkonce.td.*)

.tbss
 *(.tbss .tbss.* .gnu.linkonce.tb.*)
 *(.tcommon)

.preinit_array  0x000a0388        0x0
                0x000a0388                PROVIDE (__preinit_array_start, .)
 *(.preinit_array)
                0x000a0388                PROVIDE (__preinit_array_end, .)

.init_array     0x000a0388        0x4
                0x000a0388                PROVIDE (__init_array_start, .)
 *(SORT(.init_array.*))
 *(.init_array)
 .init_array    0x000a0388        0x4 /opt/sourcery-arm-201203/bin/../lib/gcc/arm-none-linux-gnueabi/4.6.3/crtbegin.o
                0x000a038c                PROVIDE (__init_array_end, .)

.fini_array     0x000a038c        0x4
                0x000a038c                PROVIDE (__fini_array_start, .)
 *(SORT(.fini_array.*))
 *(.fini_array)
 .fini_array    0x000a038c        0x4 /opt/sourcery-arm-201203/bin/../lib/gcc/arm-none-linux-gnueabi/4.6.3/crtbegin.o
                0x000a0390                PROVIDE (__fini_array_end, .)

.ctors
 *crtbegin.o(.ctors)
 *crtbegin?.o(.ctors)
 *(EXCLUDE_FILE(*crtend?.o *crtend.o) .ctors)
 *(SORT(.ctors.*))
 *(.ctors)

.dtors
 *crtbegin.o(.dtors)
 *crtbegin?.o(.dtors)
 *(EXCLUDE_FILE(*crtend?.o *crtend.o) .dtors)
 *(SORT(.dtors.*))
 *(.dtors)

.jcr            0x000a0390        0x4
 *(.jcr)
 .jcr           0x000a0390        0x0 /opt/sourcery-arm-201203/bin/../lib/gcc/arm-none-linux-gnueabi/4.6.3/crtbegin.o
 .jcr           0x000a0390        0x4 /opt/sourcery-arm-201203/bin/../lib/gcc/arm-none-linux-gnueabi/4.6.3/crtend.o

.data.rel.ro    0x000a0394       0x50
 *(.data.rel.ro.local* .gnu.linkonce.d.rel.ro.local.*)
 *(.data.rel.ro* .gnu.linkonce.d.rel.ro.*)
 .data.rel.ro   0x000a0394       0x50 ../common/lib/libsymm_mpc8313_PtpGpsSe.a(SISmain_gps.o)

.dynamic        0x000a03e4      0x118
 *(.dynamic)
 .dynamic       0x000a03e4      0x118 /opt/sourcery-arm-201203/bin/../arm-none-linux-gnueabi/libc/usr/lib/crt1.o
                0x000a03e4                _DYNAMIC
                0x000a04fc                . = DATA_SEGMENT_RELRO_END (., 0x0)

.got            0x000a04fc      0x6ac
 *(.got.plt)
 .got.plt       0x000a04fc      0x174 /opt/sourcery-arm-201203/bin/../arm-none-linux-gnueabi/libc/usr/lib/crt1.o
                0x000a04fc                _GLOBAL_OFFSET_TABLE_
 *(.igot.plt)
 .igot.plt      0x00000000        0x0 /opt/sourcery-arm-201203/bin/../arm-none-linux-gnueabi/libc/usr/lib/crt1.o
 *(.got)
 .got           0x000a0670      0x538 /opt/sourcery-arm-201203/bin/../arm-none-linux-gnueabi/libc/usr/lib/crt1.o
 *(.igot)

.data           0x000a0ba8      0xbe4
                0x000a0ba8                PROVIDE (__data_start, .)
 *(.data .data.* .gnu.linkonce.d.*)
 .data          0x000a0ba8        0x4 /opt/sourcery-arm-201203/bin/../arm-none-linux-gnueabi/libc/usr/lib/crt1.o
                0x000a0ba8                data_start
                0x000a0ba8                __data_start
 .data          0x000a0bac        0x0 /opt/sourcery-arm-201203/bin/../arm-none-linux-gnueabi/libc/usr/lib/crti.o
 .data          0x000a0bac        0x4 /opt/sourcery-arm-201203/bin/../lib/gcc/arm-none-linux-gnueabi/4.6.3/crtbegin.o
                0x000a0bac                __dso_handle
 .data          0x000a0bb0       0x1c ./natsemi_util/epl_1588_gps.o
 .data          0x000a0bcc        0x0 ./timestamper_if/sc_timestamp_gps.o
 .data          0x000a0bcc        0xc ./clock_if/sc_clock_if_gps.o
 .data          0x000a0bd8        0x2 ../common/network_if/sc_network_if_gps.o
 .data          0x000a0bda        0x0 ../common/log/sc_log_gps.o
 *fill*         0x000a0bda        0x2 00
 .data          0x000a0bdc        0x4 ../common/user_if/sc_ui_gps.o