Archive member included because of file (symbol)

../common/lib/libsymm_mpc8313_PtpGpsSe.a(sc_chan_gps.o)
                              ../common/user_if/sc_ui_gps.o (SC_ChanSwtMode)
../common/lib/libsymm_mpc8313_PtpGpsSe.a(sc_alarms_gps.o)
                              ../common/lib/libsymm_mpc8313_PtpGpsSe.a(sc_chan_gps.o) (sc_alarm_lst)
../common/lib/libsymm_mpc8313_PtpGpsSe.a(CLK_gps.o)
                              ../common/lib/libsymm_mpc8313_PtpGpsSe.a(sc_chan_gps.o) (Get_servoAccept)
../common/lib/libsymm_mpc8313_PtpGpsSe.a(clk_ana_gps.o)
                              ../common/lib/libsymm_mpc8313_PtpGpsSe.a(CLK_gps.o) (fll_status_1min)
../common/lib/libsymm_mpc8313_PtpGpsSe.a(clk_acq_gps.o)
                              ../common/lib/libsymm_mpc8313_PtpGpsSe.a(CLK_gps.o) (min_detilt)
../common/lib/libsymm_mpc8313_PtpGpsSe.a(clk_input_gps.o)
                              ../common/lib/libsymm_mpc8313_PtpGpsSe.a(CLK_gps.o) (update_input_stats)
../common/lib/libsymm_mpc8313_PtpGpsSe.a(clk_main_gps.o)
                              ../common/lib/libsymm_mpc8313_PtpGpsSe.a(CLK_gps.o) (jam_now_flag)
../common/lib/libsymm_mpc8313_PtpGpsSe.a(sc_ptp_servo_gps.o)
                              ../common/lib/libsymm_mpc8313_PtpGpsSe.a(CLK_gps.o) (kOscOffsetLimit)
../common/lib/libsymm_mpc8313_PtpGpsSe.a(sc_system_gps.o)
                              ../common/config_if/sc_readconfig_gps.o (SC_InitPtpConfig)
../common/lib/libsymm_mpc8313_PtpGpsSe.a(DBG_gps.o)
                              ../common/user_if/sc_ui_gps.o (SC_DbgConfig)
../common/lib/libsymm_mpc8313_PtpGpsSe.a(sc_mnt_gps.o)
                              ../common/lib/libsymm_mpc8313_PtpGpsSe.a(sc_system_gps.o) (SC_InitMnt)
../common/lib/libsymm_mpc8313_PtpGpsSe.a(THD_gps.o)
                              ../common/lib/libsymm_mpc8313_PtpGpsSe.a(sc_system_gps.o) (THD_InitTimeRes)
../common/lib/libsymm_mpc8313_PtpGpsSe.a(sc_gps.o)
                              ../common/user_if/sc_ui_gps.o (SC_GpsStat)
../common/lib/libsymm_mpc8313_PtpGpsSe.a(GPS.o)
                              ../common/lib/libsymm_mpc8313_PtpGpsSe.a(sc_system_gps.o) (GPS_Init)
../common/lib/libsymm_mpc8313_PtpGpsSe.a(SE.o)
                              ../common/lib/libsymm_mpc8313_PtpGpsSe.a(sc_system_gps.o) (SE_Init)
../common/lib/libsymm_mpc8313_PtpGpsSe.a(PTP_gps.o)
                              ../common/lib/libsymm_mpc8313_PtpGpsSe.a(sc_system_gps.o) (PTP_Init)
../common/lib/libsymm_mpc8313_PtpGpsSe.a(CTLmain_gps.o)
                              ../common/lib/libsymm_mpc8313_PtpGpsSe.a(sc_mnt_gps.o) (CTL_s_comIf)
../common/lib/libsymm_mpc8313_PtpGpsSe.a(CTLflt_gps.o)
                              ../common/lib/libsymm_mpc8313_PtpGpsSe.a(PTP_gps.o) (CTLflt_Init)
../common/lib/libsymm_mpc8313_PtpGpsSe.a(CTLds_gps.o)
                              ../common/lib/libsymm_mpc8313_PtpGpsSe.a(CTLmain_gps.o) (CTL_InitClockDS)
../common/lib/libsymm_mpc8313_PtpGpsSe.a(CLKflt_gps.o)
                              ../common/lib/libsymm_mpc8313_PtpGpsSe.a(CTLflt_gps.o) (SC_ClkFltInit)
../common/lib/libsymm_mpc8313_PtpGpsSe.a(SLVdel_gps.o)
                              ../common/lib/libsymm_mpc8313_PtpGpsSe.a(CTLmain_gps.o) (SLV_SetDelReqInt)
../common/lib/libsymm_mpc8313_PtpGpsSe.a(SLVdel_queue_gps.o)
                              ../common/lib/libsymm_mpc8313_PtpGpsSe.a(SLVdel_gps.o) (Put_Delay_Timestamp)
../common/lib/libsymm_mpc8313_PtpGpsSe.a(SLVsyn_gps.o)
                              ../common/lib/libsymm_mpc8313_PtpGpsSe.a(CTLmain_gps.o) (SLV_SetSyncInt)
../common/lib/libsymm_mpc8313_PtpGpsSe.a(SLVmain_gps.o)
                              ../common/lib/libsymm_mpc8313_PtpGpsSe.a(SLVdel_gps.o) (SLV_as_portId)
../common/lib/libsymm_mpc8313_PtpGpsSe.a(MNTmain_gps.o)
                              ../common/lib/libsymm_mpc8313_PtpGpsSe.a(CTLmain_gps.o) (MNT_Init)
../common/lib/libsymm_mpc8313_PtpGpsSe.a(MNTapi_gps.o)
                              ../common/lib/libsymm_mpc8313_PtpGpsSe.a(sc_mnt_gps.o) (MNTapi_ClkDesc)
../common/lib/libsymm_mpc8313_PtpGpsSe.a(MNTmsg_gps.o)
                              ../common/lib/libsymm_mpc8313_PtpGpsSe.a(MNTmain_gps.o) (MNTmsg_HandleGet)
../common/lib/libsymm_mpc8313_PtpGpsSe.a(NIFmain_gps.o)
                              ../common/lib/libsymm_mpc8313_PtpGpsSe.a(CTLmain_gps.o) (NIF_Init)
../common/lib/libsymm_mpc8313_PtpGpsSe.a(NIFtx_gps.o)
                              ../common/lib/libsymm_mpc8313_PtpGpsSe.a(CTLmain_gps.o) (NIF_Set_PTP_subdomain)
../common/lib/libsymm_mpc8313_PtpGpsSe.a(UCMmain_gps.o)
                              ../common/lib/libsymm_mpc8313_PtpGpsSe.a(CTLmain_gps.o) (UCM_Init)
../common/lib/libsymm_mpc8313_PtpGpsSe.a(DISmain_gps.o)
                              ../common/lib/libsymm_mpc8313_PtpGpsSe.a(CTLmain_gps.o) (DIS_Init)
../common/lib/libsymm_mpc8313_PtpGpsSe.a(DISnet_gps.o)
                              ../common/lib/libsymm_mpc8313_PtpGpsSe.a(CTLmain_gps.o) (DISnet_Init)
[...]
Memory Configuration

Name             Origin             Length             Attributes
*default*        0x00000000         0xffffffff

Linker script and memory map

LOAD /opt/sourcery-arm-201203/bin/../arm-none-linux-gnueabi/libc/usr/lib/crt1.o
LOAD /opt/sourcery-arm-201203/bin/../arm-none-linux-gnueabi/libc/usr/lib/crti.o
LOAD /opt/sourcery-arm-201203/bin/../lib/gcc/arm-none-linux-gnueabi/4.6.3/crtbegin.o
LOAD ./natsemi_util/epl_1588_gps.o
LOAD ./timestamper_if/sc_timestamp_gps.o
LOAD ./clock_if/sc_clock_if_gps.o
LOAD ../common/network_if/sc_network_if_gps.o
LOAD ../common/log/sc_log_gps.o
LOAD ../common/user_if/sc_ui_gps.o
LOAD ../common/config_if/sc_readconfig_gps.o
LOAD ../common/chan_processing_if/sc_SSM_handling_gps.o
LOAD ../common/main_gps.o
LOAD ../common/se_if/sc_se_if.o
LOAD ../common/gps_if/sc_gps_if.o
LOAD ../common/lib/libsymm_mpc8313_PtpGpsSe.a
LOAD /opt/sourcery-arm-201203/bin/../arm-none-linux-gnueabi/libc/usr/lib/libpthread.so
START GROUP
LOAD /opt/sourcery-arm-201203/bin/../arm-none-linux-gnueabi/libc/lib/libpthread.so.0
LOAD /opt/sourcery-arm-201203/bin/../arm-none-linux-gnueabi/libc/usr/lib/libpthread_nonshared.a
END GROUP
LOAD /opt/sourcery-arm-201203/bin/../arm-none-linux-gnueabi/libc/usr/lib/librt.so
LOAD /opt/sourcery-arm-201203/bin/../arm-none-linux-gnueabi/libc/usr/lib/libm.so
LOAD /opt/sourcery-arm-201203/bin/../lib/gcc/arm-none-linux-gnueabi/4.6.3/libgcc.a
LOAD /opt/sourcery-arm-201203/bin/../arm-none-linux-gnueabi/libc/lib/libgcc_s.so
START GROUP
LOAD /opt/sourcery-arm-201203/bin/../arm-none-linux-gnueabi/libc/lib/libgcc_s.so.1
LOAD /opt/sourcery-arm-201203/bin/../lib/gcc/arm-none-linux-gnueabi/4.6.3/libgcc.a
END GROUP
LOAD /opt/sourcery-arm-201203/bin/../arm-none-linux-gnueabi/libc/usr/lib/libc.so
START GROUP
LOAD /opt/sourcery-arm-201203/bin/../arm-none-linux-gnueabi/libc/lib/libc.so.6
LOAD /opt/sourcery-arm-201203/bin/../arm-none-linux-gnueabi/libc/usr/lib/libc_nonshared.a
LOAD /opt/sourcery-arm-201203/bin/../arm-none-linux-gnueabi/libc/lib/ld-linux.so.3
END GROUP
LOAD /opt/sourcery-arm-201203/bin/../lib/gcc/arm-none-linux-gnueabi/4.6.3/libgcc.a
LOAD /opt/sourcery-arm-201203/bin/../arm-none-linux-gnueabi/libc/lib/libgcc_s.so
START GROUP
LOAD /opt/sourcery-arm-201203/bin/../arm-none-linux-gnueabi/libc/lib/libgcc_s.so.1
LOAD /opt/sourcery-arm-201203/bin/../lib/gcc/arm-none-linux-gnueabi/4.6.3/libgcc.a
END GROUP
LOAD /opt/sourcery-arm-201203/bin/../lib/gcc/arm-none-linux-gnueabi/4.6.3/crtend.o
LOAD /opt/sourcery-arm-201203/bin/../arm-none-linux-gnueabi/libc/usr/lib/crtn.o
                0x00008000                PROVIDE (__executable_start, 0x8000)
                0x00008134                . = (0x8000 + SIZEOF_HEADERS)

.interp         0x00008134       0x13
 *(.interp)
 .interp        0x00008134       0x13 /opt/sourcery-arm-201203/bin/../arm-none-linux-gnueabi/libc/usr/lib/crt1.o

.note.ABI-tag   0x00008148       0x20
 .note.ABI-tag  0x00008148       0x20 /opt/sourcery-arm-201203/bin/../arm-none-linux-gnueabi/libc/usr/lib/crt1.o

.note.gnu.build-id
 *(.note.gnu.build-id)

.hash           0x00008168      0xab8
 *(.hash)
 .hash          0x00008168      0xab8 /opt/sourcery-arm-201203/bin/../arm-none-linux-gnueabi/libc/usr/lib/crt1.o

.gnu.hash
 *(.gnu.hash)

.dynsym         0x00008c20     0x1a50
 *(.dynsym)
 .dynsym        0x00008c20     0x1a50 /opt/sourcery-arm-201203/bin/../arm-none-linux-gnueabi/libc/usr/lib/crt1.o

.dynstr         0x0000a670     0x1706
 *(.dynstr)
 .dynstr        0x0000a670     0x1706 /opt/sourcery-arm-201203/bin/../arm-none-linux-gnueabi/libc/usr/lib/crt1.o

.gnu.version    0x0000bd76      0x34a
 *(.gnu.version)
 .gnu.version   0x0000bd76      0x34a /opt/sourcery-arm-201203/bin/../arm-none-linux-gnueabi/libc/usr/lib/crt1.o

.gnu.version_d  0x0000c0c0        0x0
 *(.gnu.version_d)
 .gnu.version_d
                0x00000000        0x0 /opt/sourcery-arm-201203/bin/../arm-none-linux-gnueabi/libc/usr/lib/crt1.o

.gnu.version_r  0x0000c0c0       0x90
 *(.gnu.version_r)
 .gnu.version_r
                0x0000c0c0       0x90 /opt/sourcery-arm-201203/bin/../arm-none-linux-gnueabi/libc/usr/lib/crt1.o

.rel.dyn        0x0000c150       0x20
 *(.rel.init)
 *(.rel.text .rel.text.* .rel.gnu.linkonce.t.*)
 *(.rel.fini)
 *(.rel.rodata .rel.rodata.* .rel.gnu.linkonce.r.*)
 *(.rel.data.rel.ro* .rel.gnu.linkonce.d.rel.ro.*)
 *(.rel.data .rel.data.* .rel.gnu.linkonce.d.*)
 *(.rel.tdata .rel.tdata.* .rel.gnu.linkonce.td.*)
 *(.rel.tbss .rel.tbss.* .rel.gnu.linkonce.tb.*)
 *(.rel.ctors)
 *(.rel.dtors)
 *(.rel.got)
 .rel.got       0x0000c150       0x10 /opt/sourcery-arm-201203/bin/../arm-none-linux-gnueabi/libc/usr/lib/crt1.o
 *(.rel.bss .rel.bss.* .rel.gnu.linkonce.b.*)
 .rel.bss       0x0000c160       0x10 /opt/sourcery-arm-201203/bin/../arm-none-linux-gnueabi/libc/usr/lib/crt1.o
                0x0000c170                PROVIDE (__rel_iplt_start, .)
 *(.rel.iplt)
 .rel.iplt      0x00000000        0x0 /opt/sourcery-arm-201203/bin/../arm-none-linux-gnueabi/libc/usr/lib/crt1.o
                0x0000c170                PROVIDE (__rel_iplt_end, .)
                0x0000c170                PROVIDE (__rela_iplt_start, .)
                0x0000c170                PROVIDE (__rela_iplt_end, .)

.rela.dyn       0x0000c170        0x0
 *(.rela.init)
 *(.rela.text .rela.text.* .rela.gnu.linkonce.t.*)
 *(.rela.fini)
 *(.rela.rodata .rela.rodata.* .rela.gnu.linkonce.r.*)
 *(.rela.data .rela.data.* .rela.gnu.linkonce.d.*)
 *(.rela.tdata .rela.tdata.* .rela.gnu.linkonce.td.*)
 *(.rela.tbss .rela.tbss.* .rela.gnu.linkonce.tb.*)
 *(.rela.ctors)
 *(.rela.dtors)
 *(.rela.got)
 *(.rela.bss .rela.bss.* .rela.gnu.linkonce.b.*)
                0x0000c170                PROVIDE (__rel_iplt_start, .)
                0x0000c170                PROVIDE (__rel_iplt_end, .)
                0x0000c170                PROVIDE (__rela_iplt_start, .)
 *(.rela.iplt)
                0x0000c170                PROVIDE (__rela_iplt_end, .)

.rel.plt        0x0000c170      0x2f0
 *(.rel.plt)
 .rel.plt       0x0000c170      0x2f0 /opt/sourcery-arm-201203/bin/../arm-none-linux-gnueabi/libc/usr/lib/crt1.o

.rela.plt
 *(.rela.plt)

.init           0x0000c460        0xc
 *(.init)
 .init          0x0000c460        0x8 /opt/sourcery-arm-201203/bin/../arm-none-linux-gnueabi/libc/usr/lib/crti.o
                0x0000c460                _init
 .init          0x0000c468        0x4 /opt/sourcery-arm-201203/bin/../arm-none-linux-gnueabi/libc/usr/lib/crtn.o

.plt            0x0000c46c      0x47c
 *(.plt)
 .plt           0x0000c46c      0x47c /opt/sourcery-arm-201203/bin/../arm-none-linux-gnueabi/libc/usr/lib/crt1.o
                0x0000c480                open@@GLIBC_2.4
                0x0000c48c                strerror@@GLIBC_2.4
                0x0000c498                abort@@GLIBC_2.4
                0x0000c4a4                srand@@GLIBC_2.4
                0x0000c4b0                vprintf@@GLIBC_2.4
                0x0000c4bc                clock_getres@@GLIBC_2.4
                0x0000c4c8                memcmp@@GLIBC_2.4
                0x0000c4d4                syslog@@GLIBC_2.4
                0x0000c4e0                pthread_exit@@GLIBC_2.4
                0x0000c4ec                clock_gettime@@GLIBC_2.4
                0x0000c4f8                __xstat@@GLIBC_2.4
                0x0000c504                __libc_start_main@@GLIBC_2.4
                0x0000c510                inet_ntoa@@GLIBC_2.4
                0x0000c51c                signal@@GLIBC_2.4
                0x0000c534                __isoc99_sscanf@@GLIBC_2.7
                0x0000c540                inet_addr@@GLIBC_2.4
                0x0000c54c                vsprintf@@GLIBC_2.4
                0x0000c558                strncpy@@GLIBC_2.4
                0x0000c564                fclose@@GLIBC_2.4
                0x0000c570                fgets@@GLIBC_2.4
                0x0000c57c                recv@@GLIBC_2.4
                0x0000c588                system@@GLIBC_2.4
                0x0000c594                strchr@@GLIBC_2.4
                0x0000c5a0                putchar@@GLIBC_2.4
                0x0000c5ac                listen@@GLIBC_2.4
                0x0000c5b8                ctime_r@@GLIBC_2.4
                0x0000c5c4                sem_init@@GLIBC_2.4
                0x0000c5d0                sendto@@GLIBC_2.4
                0x0000c5dc                fopen@@GLIBC_2.4
                0x0000c5e8                sched_setscheduler@@GLIBC_2.4
                0x0000c5f4                memset@@GLIBC_2.4
                0x0000c600                sem_destroy@@GLIBC_2.4
                0x0000c60c                setitimer@@GLIBC_2.4
                0x0000c618                __assert_fail@@GLIBC_2.4
                0x0000c624                usleep@@GLIBC_2.4
                0x0000c630                cfmakeraw@@GLIBC_2.4
                0x0000c63c                read@@GLIBC_2.4
                0x0000c648                write@@GLIBC_2.4
                0x0000c654                accept@@GLIBC_2.4
                0x0000c660                __strtok_r@@GLIBC_2.4
                0x0000c66c                tcgetattr@@GLIBC_2.4
                0x0000c678                pthread_mutex_unlock@@GLIBC_2.4
                0x0000c684                socket@@GLIBC_2.4
                0x0000c690                fflush@@GLIBC_2.4
                0x0000c69c                ioctl@@GLIBC_2.4
                0x0000c6a8                pthread_mutex_lock@@GLIBC_2.4
                0x0000c6b4                strlen@@GLIBC_2.4
                0x0000c6c0                unlink@@GLIBC_2.4
                0x0000c6cc                getopt@@GLIBC_2.4
                0x0000c6d8                pthread_create@@GLIBC_2.4
                0x0000c6e4                memcpy@@GLIBC_2.4
                0x0000c6f0                fgetc@@GLIBC_2.4
                0x0000c6fc                strtol@@GLIBC_2.4
                0x0000c708                strcpy@@GLIBC_2.4
                0x0000c714                sem_post@@GLIBC_2.4
                0x0000c720                strncat@@GLIBC_2.4
                0x0000c72c                pthread_mutex_destroy@@GLIBC_2.4
                0x0000c738                printf@@GLIBC_2.4
                0x0000c744                raise@@GLIBC_2.4
                0x0000c750                pthread_mutex_init@@GLIBC_2.4
                0x0000c75c                bind@@GLIBC_2.4
                0x0000c768                strstr@@GLIBC_2.4
                0x0000c774                select@@GLIBC_2.4
                0x0000c780                close@@GLIBC_2.4
                0x0000c78c                fwrite@@GLIBC_2.4
                0x0000c798                time@@GLIBC_2.4
                0x0000c7a4                __ctype_b_loc@@GLIBC_2.4
                0x0000c7b0                fprintf@@GLIBC_2.4
                0x0000c7bc                malloc@@GLIBC_2.4
                0x0000c7c8                cfsetospeed@@GLIBC_2.4
                0x0000c7d4                gmtime_r@@GLIBC_2.4
                0x0000c7e0                fputc@@GLIBC_2.4
                0x0000c7ec                sleep@@GLIBC_2.4
                0x0000c7f8                send@@GLIBC_2.4
                0x0000c804                strcat@@GLIBC_2.4
                0x0000c810                memmove@@GLIBC_2.4
                0x0000c81c                puts@@GLIBC_2.4
                0x0000c828                tcsetattr@@GLIBC_2.4
                0x0000c834                fcntl@@GLIBC_2.4
                0x0000c840                snprintf@@GLIBC_2.4
                0x0000c84c                fread@@GLIBC_2.4
                0x0000c858                strncmp@@GLIBC_2.4
                0x0000c864                gmtime@@GLIBC_2.4
                0x0000c870                recvfrom@@GLIBC_2.4
                0x0000c87c                setsockopt@@GLIBC_2.4
                0x0000c888                getitimer@@GLIBC_2.4
                0x0000c894                sem_wait@@GLIBC_2.4
                0x0000c8a0                strcmp@@GLIBC_2.4
                0x0000c8ac                exit@@GLIBC_2.4
                0x0000c8b8                cfsetispeed@@GLIBC_2.4
                0x0000c8c4                __errno_location@@GLIBC_2.4
                0x0000c8d0                sprintf@@GLIBC_2.4
                0x0000c8dc                pthread_join@@GLIBC_2.4

.iplt           0x0000c8e8        0x0
 *(.iplt)
 .iplt          0x00000000        0x0 /opt/sourcery-arm-201203/bin/../arm-none-linux-gnueabi/libc/usr/lib/crt1.o

.text           0x0000c8e8    0x7b0dc
 *(.text.unlikely .text.*_unlikely)
 *(.text.exit .text.exit.*)
 *(.text.startup .text.startup.*)
 .text.startup  0x0000c8e8      0x358 ../common/main_gps.o
                0x0000c8e8                main
 *(.text.hot .text.hot.*)
 *(.text .stub .text.* .gnu.linkonce.t.*)
 .text          0x0000cc40       0x3c /opt/sourcery-arm-201203/bin/../arm-none-linux-gnueabi/libc/usr/lib/crt1.o
                0x0000cc40                _start
 .text          0x0000cc7c       0x24 /opt/sourcery-arm-201203/bin/../arm-none-linux-gnueabi/libc/usr/lib/crti.o
 .text          0x0000cca0       0x4c /opt/sourcery-arm-201203/bin/../lib/gcc/arm-none-linux-gnueabi/4.6.3/crtbegin.o
 .text          0x0000ccec     0x1d58 ./natsemi_util/epl_1588_gps.o
                0x0000ccec                Init_PHY_Resource
                0x0000cdf0                Get_MII_Resource
                0x0000cdfc                Release_MII_Resource
                0x0000ce08                mdio_read
                0x0000ce74                mdio_write
                0x0000ced8                write_phy_reg
                0x0000cf54                read_phy_reg
                0x0000cfc8                send_to_MMFR
                0x0000d0b4                read_from_MMFR
                0x0000d1b8                read_from_MMFR_no_paging
                0x0000d1c0                OAIBeginMultiCriticalSection
                0x0000d1cc                OAIEndMultiCriticalSection
                0x0000d1d8                EPLReadReg
                0x0000d1f0                EPLWriteReg
                0x0000d2dc                PTPEnable
                0x0000d2f0                PTPSetTriggerConfig
                0x0000d330                PTPSetEventConfig
                0x0000d380                PTPSetTransmitConfig
                0x0000d400                PTPSetPhyStatusFrameConfig
                0x0000d4e8                PTPSetReceiveConfig
                0x0000d658                PTPCalcSourceIdHash
                0x0000ddc0                PTPSetTempRateDurationConfig
                0x0000ddf0                PTPSetClockConfig
                0x0000de60                PTPSetGpioInterruptConfig
                0x0000de6c                PTPSetMiscConfig
                0x0000deb4                PTPClockReadCurrent
                0x0000df40                PTPClockStepAdjustment
                0x0000dfcc                PTPClockSet
                0x0000e050                PTPClockSetRateAdjustment
                0x0000e0b0                PTPCheckForEvents
                0x0000e0ec                PTPGetTransmitTimestamp
                0x0000e178                PTPGetReceiveTimestamp
                0x0000e244                PTPGetTimestampFromFrame
                0x0000e2fc                PTPArmTrigger
                0x0000e420                PTPArmTrigger_ns
                0x0000e480                PTPHasTriggerExpired
                0x0000e4cc                PTPCancelTrigger
                0x0000e508                PTPGetEvent
                0x0000e6a8                MonitorGpioSignals
                0x0000e6bc                IsPhyStatusFrame
                0x0000e7d0                GetNextPhyMessage
 .text          0x0000ea44       0x5c ./timestamper_if/sc_timestamp_gps.o
                0x0000ea44                SC_InitTimeStamper
                0x0000ea50                SC_GetRxTimeStamp
                0x0000ea74                SC_GetTxTimeStamp
 .text          0x0000eaa0     0x12a4 ./clock_if/sc_clock_if_gps.o
                0x0000eb08                SC_InitClock
                0x0000ed90                SC_PhaseOffset
                0x0000eea4                SC_GetPhasorLosCntr
                0x0000ef2c                SC_GetExtRefPhasorLosCntr
                0x0000efa4                SC_GetPhasorOffset
                0x0000f09c                SC_SystemTime
                0x0000f120                SC_StoreFreqCorr
                0x0000f160                SC_SetSynthOn
                0x0000f170                SC_WarpFrequency
                0x0000f74c                SC_FrequencyCorrection
                0x0000f8f0                SC_ReadVcalFromFile
                0x0000fbc0                getInbandOffset
                0x0000fbd4                putPhaseMode
                0x0000fbe4                setExtRefDivider
                0x0000fc5c                setE1T1OutEnable
                0x0000fcd4                setExtOutFreq
 .text          0x0000fd44     0x1858 ../common/network_if/sc_network_if_gps.o
                0x0000fea8                SC_GetLinkSpeed
                0x0000ff58                SC_GetLinkStat
                0x0000fff4                SC_InitNetIf
                0x00010b4c                SC_CloseNetIf
                0x00010bb4                SC_GetSockHdl
                0x00010be8                SC_GetIfAddrs
                0x00010c38                SC_GetNetLatency
                0x00010cd0                SC_TxPacket
                0x00010dfc                SC_RxPacket
                0x00010f08                InitSePortStructures
                0x00010f38                InitSePort
                0x000111e0                ProcessESMC
                0x000114a8                CloseSePort
                0x0001151c                setSE1los
                0x0001152c                setSE2los
                0x0001153c                ProcessLOS
 .text          0x0001159c      0x388 ../common/log/sc_log_gps.o
                0x000117d0                SC_Event
                0x0001189c                SC_DbgLog
                0x000118e0                getLocalEventLog
 .text          0x00011924     0x634c ../common/user_if/sc_ui_gps.o
                0x00013cf0                SC_StartUi
                0x000178a4                SC_StopUi
                0x000178bc                trueFalseIntToChar
                0x000178cc                trueFalseCharToInt
                0x00017900                tenHzThread
                0x00017c40                SC_TimeCode
 .text          0x00017c70     0x2170 ../common/config_if/sc_readconfig_gps.o
                0x00017c70                parseInitChanConfig
                0x00018064                setPTPProtocolConfig
                0x00018158                parseIPAddress
                0x0001842c                chanConfigToString
                0x00018628                pTPUMAddressToString
                0x000187ec                strncat_local
                0x00018818                stringToChanType
                0x0001892c                stringToAccessTransportType
                0x00018a10                accessTransportTypeToString
                0x00018ad4                chanTypeToString
                0x00018b68                stringToCommand
                0x00018c70                commandToString
                0x00018d44                readOffsetFromFile
                0x00018e20                readConfigFromFile
                0x00019c48                SC_WriteFreqCorrToFile
                0x00019d20                GetGpsChan
                0x00019d30                GetSe1Chan
                0x00019d40                GetSe2Chan
                0x00019d50                GetE1Chan
                0x00019d60                GetT1Chan
                0x00019d70                GetRedChan
                0x00019d80                GetExtAChan
                0x00019d90                GetExtBChan
                0x00019da0                GetEth0Chan
                0x00019db0                GetEth1Chan
                0x00019dc0                GetRedundancyChan
                0x00019dd0                GetFreqOnlyChan
 .text          0x00019de0      0x494 ../common/chan_processing_if/sc_SSM_handling_gps.o
                0x00019de0                SC_ChanSSM
                0x00019ef8                SC_SetSSMValue
                0x00019ff8                SC_ChanValid
                0x0001a0bc                SC_SetChanValid
                0x0001a17c                chanAttributes_RAW
 .text          0x0001a274      0x4a8 ../common/main_gps.o
                0x0001a430                TODtoPhasorTask
                0x0001a458                clkserv_create_socket
                0x0001a56c                TimerStart
                0x0001a62c                TimerStop
                0x0001a66c                diff_usec
 .text          0x0001a71c        0x8 ../common/se_if/sc_se_if.o
                0x0001a71c                SC_InitSeIf
                0x0001a720                SC_CloseSeIf
 .text          0x0001a724      0x30c ../common/gps_if/sc_gps_if.o
                0x0001a724                SC_InitGpsIf
                0x0001a8c4                SC_CloseGpsIf
                0x0001a92c                SC_GpsTxData
                0x0001a94c                SC_GpsRxData
                0x0001a96c                SC_GpsTod
                0x0001a97c                SC_GpsReset
 .text          0x0001aa30     0x6a28 ../common/lib/libsymm_mpc8313_PtpGpsSe.a(sc_chan_gps.o)
                0x0001aa30                GetNumberOfChan
                0x0001aa5c                UserChan2ServoIndex
                0x0001aaec                ServoIndex2UserChan
                0x0001b62c                GetCurrChan
                0x0001c77c                GetEventBitmap
                0x0001c928                Update_chanSelect
                0x0001e790                Get_servoChanSelect
                0x0001e7e0                Set_servoChanSelect
                0x0001e828                Set_servoChanSelectValid
                0x0001e89c                SC_ChanSwtMode
                0x0001e96c                SC_ChanSelMode
                0x0001ea3c                SC_SetSelChan
                0x0001eb84                SC_ChanEnable
                0x0001edc0                SC_ChanPriority
                0x0001ef68                SC_ChanAssumeQL
                0x0001f120                SC_ChanEnableAssumeQL
                0x0001f23c                SC_GetChanConfig
                0x0001f380                SC_InitChanConfig
                0x0001f940                SC_GetChanStatus
                0x0001fda4                SC_OutQualityLevel
                0x0001fdd8                Is_ChanConfigured
                0x0001fe00                Set_ChanConfigured
                0x0001fe50                Get_servoChanSelectRate
                0x0001fecc                printChanStatus
                0x00020b30                SC_QlToSSM
                0x00020e8c                SC_GetEventMap
                0x0002124c                SC_GetRedundantStatus
                0x000212c4                SC_RedundantEnable
                0x00021374                Get_RedChan
                0x0002139c                SC_LoadMode
 .text          0x00021458        0x0 ../common/lib/libsymm_mpc8313_PtpGpsSe.a(sc_alarms_gps.o)
 .text          0x00021458    0x19440 ../common/lib/libsymm_mpc8313_PtpGpsSe.a(CLK_gps.o)
                0x00021458                Get_GPS_Offset
                0x00021474                Is_in_PTP_mode
                0x0002149c                Is_in_PHY_mode
                0x000214d4                Is_Major_Time_Change
                0x000214fc                Is_PTP_Disabled
                0x00021564                Is_GPS_OK
                0x000215c0                Is_Active_Time_Reference_OK
                0x00021700                Is_Active_Freq_Reference_OK
                0x00021898                Is_Active_Phy_Freq_Reference_OK
                0x0002196c                Is_Any_Freq_Reference_OK
                0x000219ec                Is_PTP_FREQ_ACTIVE
                0x00021a50                Is_PTP_FREQ_VALID
                0x00021a94                Is_PHY_FREQ_ACTIVE
                0x00021b38                Is_PTP_Warm
                0x00021b7c                Is_PTP_TIME_ACTIVE
                0x00021be0                Is_GM_Lock_Holdover
                0x00021c24                OCXO_Type
                0x00021c4c                Start_Phase_Test
                0x00021c8c                Start_Freq_Test
                0x00021ccc                Start_FreqZero_Test
                0x00021fd0                Get_Tick
                0x00021ff8                Get_FLL_State_str
                0x000220ac                Send_Log
                0x00023100                Get_Flow_Status
                0x00023158                Get_number_packets
                0x000231a0                Is_Sync_timeout
                0x000231fc                Is_Delay_timeout
                0x00023248                Set_Seq_Num
                0x0002327c                Is_Sync_Flow_Ack
                0x000232ec                Is_Delay_Flow_Ack
                0x0002335c                Is_Announce_Flow_Ack
                0x000233cc                SC_RunOneSecTask
                0x000298c4                get_holdover_code
                0x0002e888                init_pshape
                0x0002e8b0                init_pshape_long
                0x0002e8d8                clr_residual_phase
                0x0002e95c                Restart_Phase_Time
                0x0002e98c                Restart_Phase_Time_now
                0x0002f160                Restart_FLL
                0x0002f1e0                SC_RestartServo
                0x0002f2bc                Start_Vcal
                0x0002f308                measmode
                0x0002f3c8                setfreq_switchover
                0x0002f3f4                setfreq
                0x0002f83c                set_stabilization
                0x0002f890                calfreq
                0x0002fd80                exittilt
                0x0002fe38                get_fll_config
                0x0002ffc4                set_floor
                0x0002fff4                set_fll
                0x00030024                set_tdev
                0x00030054                set_combiner
                0x00030084                set_min_cluster
                0x00030128                set_mode_compression_flag
                0x00031054                Get_fdrift
                0x0003108c                Set_fdrift
                0x00034af8                Get_time_correct
                0x00035c64                report_freq_offset
                0x00035f80                sync_xfer_8s
                0x000365b8                clr_exc_gate
                0x00036640                set_oper_config
                0x00037a40                SC_RunAnalysisTask
                0x00038840                Print_FIFO_Buffer
                0x000389c0                Varactor_Cal_Routine
                0x00039a50                fill_var_table
                0x00039cc8                SC_GetVcalData
                0x00039e58                sqrt_local
                0x00039f40                GetTime
                0x0003a3d4                Get_servoAccept
                0x0003a724                Jam_Now
                0x0003a7e4                Jam_Never
                0x0003a82c                Get_Jam_Threshold
                0x0003a86c                Is_Jam_Needed
 .text          0x0003a898     0xd2f8 ../common/lib/libsymm_mpc8313_PtpGpsSe.a(clk_ana_gps.o)
                0x0003a898                fll_status_1min
                0x0003af30                Get_out_tdev_est
                0x0003af6c                get_fll_status
                0x0003aff0                get_fll_state
                0x0003b024                get_fll_prev_state
                0x0003b058                get_fll_led_state
                0x0003b094                update_rfe
                0x00040eac                init_rfe
                0x00041210                start_rfe
                0x00041b94                warm_start_rfe
                0x00042438                set_ippm_pacing
                0x00042458                set_ippm_window
                0x00042478                set_ippm_thres
                0x00042494                reset_ippm
                0x000424a8                get_ippm_f_jitter
                0x000424cc                get_ippm_r_jitter
                0x000424f0                get_ippm_f_ipdv
                0x00042514                get_ippm_r_ipdv
                0x00042538                get_ippm_f_ipdv_99_9
                0x0004255c                get_ippm_r_ipdv_99_9
                0x00042580                get_ippm_f_thres_prob
                0x000425a4                get_ippm_r_thres_prob
                0x000425c8                ztie_calc
                0x00042f0c                init_ztie
                0x00043110                tdev_calc
                0x00043624                init_tdev
                0x0004367c                update_rfe_phy
                0x00046fc4                init_rfe_phy
                0x0004729c                start_rfe_phy
                0x00047a44                init_rm
 .text          0x00047b90      0x400 ../common/lib/libsymm_mpc8313_PtpGpsSe.a(clk_acq_gps.o)
                0x00047b90                detilt
 .text          0x00047f90     0xbd10 ../common/lib/libsymm_mpc8313_PtpGpsSe.a(clk_input_gps.o)
                0x00047f90                update_input_stats
                0x0004ec28                init_ipp
                0x00050038                min_valid
                0x00050cd0                update_input_stats_phy
                0x000533b8                init_ipp_phy
 .text          0x00053ca0        0x0 ../common/lib/libsymm_mpc8313_PtpGpsSe.a(clk_main_gps.o)
 .text          0x00053ca0     0x3048 ../common/lib/libsymm_mpc8313_PtpGpsSe.a(sc_ptp_servo_gps.o)
                0x00053ca0                SC_ServoConfig
                0x00053e44                SC_VerInfo
                0x00053ebc                SC_ClkIpdvConfig
                0x00054084                SC_ClkIpdvGet
                0x00054238                SC_GetPtpPerformance
                0x00054648                SC_ClkIpdvClrCtrs
                0x00054660                SC_GetServoStatus
                0x000546a4                Get_Freq_Corr
                0x00054774                Get_Freq_Corr_Factory
                0x000547cc                Get_Bridge_Time
                0x00054808                Get_Access_Transport
                0x00054844                Get_LO_Type
                0x00054880                Try_SC_SystemTimeSet
                0x000548c0                SC_goodPacketRstCounter
                0x000548f0                Is_PTP_Mode_Standard
                0x00054934                Is_PTP_Mode_Inband
                0x00054974                SC_GetServoConfig
                0x000549b4                Transfer_PTP_data_now
                0x0005575c                Transfer_Phasor_data_now
                0x00055b48                Transfer_PTP_data_to_servo
                0x00055c88                CLK_Init_PTP_Tranfer_Queue
                0x00055d4c                SC_TimestampPairToServo
                0x00055e8c                ServoIndextoPhasorArrayIndex
                0x00055ecc                SC_TimeMeasToServo
                0x00056468                SetTimestampThreshold
                0x000564a4                Set_Timestamp_Offset
                0x000564d4                Sync_Using_PTP
                0x00056504                Sync_Using_GPS
                0x00056534                Sync_Using_RED
                0x00056564                Check_and_Sync_Using_GPS
                0x000567e4                Check_and_Sync_Using_RED
                0x00056a80                Was_Time_Adjusted
                0x00056aa8                Set_Time_Adjusted_Flag
                0x00056ad8                Clear_Time_Adjusted_Flag
                0x00056b08                Get_RTD_1sec_min
                0x00056b50                Is_Sync_LOS
                0x00056b78                SC_SyncPhaseThreshold
                0x00056c50                SC_SyncPhaseNow
                0x00056c7c                Get_Load_Mode
 .text          0x00056ce8      0xf68 ../common/lib/libsymm_mpc8313_PtpGpsSe.a(sc_system_gps.o)
                0x00056ce8                SC_InitPtpConfig
                0x00057080                SC_InitGpsConfig
                0x00057214                SC_InitUnicastConfig
                0x00057410                SC_InitAmtConfig
                0x00057454                SC_InitServoConfig
                0x000574a0                SC_InitConfigComplete
                0x00057644                SC_Run
                0x00057690                SC_Shutdown
                0x00057754                SC_GetUcMstTbl
                0x0005794c                SC_GetConfig
                0x00057afc                SC_GetClkRcvr
                0x00057b70                SC_GetClkId
                0x00057c24                Is_InitComplete
 .text          0x00057c50      0x2f8 ../common/lib/libsymm_mpc8313_PtpGpsSe.a(DBG_gps.o)
                0x00057c50                SC_DbgConfig
                0x00057e1c                event_printf
                0x00057e68                debug_printf_function
                0x00057ef0                set_debug_print
                0x00057f20                get_debug_print
 .text          0x00057f48     0x1c20 ../common/lib/libsymm_mpc8313_PtpGpsSe.a(sc_mnt_gps.o)
                0x00058184                SC_InitMnt
                0x00058224                SC_CloseMnt
                0x000582a4                SC_PTP_ClkDesc
                0x00058390                SC_PTP_UsrDesc
                0x0005849c                SC_PTP_DefaultDs
                0x00058588                SC_PTP_CurrentDs
                0x00058674                SC_PTP_ParentDs
                0x00058760                SC_PTP_TimePropDs
                0x0005884c                SC_PTP_PortDs
                0x00058938                SC_PTP_Domain
                0x00058a4c                SC_PTP_AnncIntv
                0x00058b60                SC_PTP_AnncRxTimeout
                0x00058c74                SC_PTP_SyncIntv
                0x00058d88                SC_PTP_VersionNumber
                0x00058e9c                SC_PTP_EnaPort
                0x00058f88                SC_PTP_DisPort
                0x00059074                SC_PTP_Time
                0x00059164                SC_PTP_ClkAccuracy
                0x00059254                SC_PTP_UtcProp
                0x00059354                SC_PTP_TraceProp
                0x00059444                SC_PTP_TimeSclProp
                0x00059538                SC_PTP_UcNegoEnable
                0x0005964c                SC_PTP_UCMasterTbl
                0x00059764                SC_PTP_UCMstMaxTblSize
                0x00059850                SC_PTP_AcceptMstTbl
                0x00059968                SC_PTP_AcceptMstTblEna
                0x00059a7c                SC_PTP_AcceptMstMaxTblSize
 .text          0x00059b68     0x1340 ../common/lib/libsymm_mpc8313_PtpGpsSe.a(THD_gps.o)
                0x00059b68                THD_InitTimeRes
                0x00059bc4                THD_Start
                0x0005a044                THD_Run
                0x0005a0c0                THD_Shutdown
                0x0005ad54                THD_InitGpsInterval
 .text          0x0005aea8       0x3c ../common/lib/libsymm_mpc8313_PtpGpsSe.a(sc_gps.o)
                0x0005aea8                SC_GpsStat
 .text          0x0005aee4      0x3ec ../common/lib/libsymm_mpc8313_PtpGpsSe.a(GPS.o)
                0x0005aee4                GPS_Init
                0x0005b0f0                GPS_Close
                0x0005b178                GPS_Main
                0x0005b1e8                GPS_Stat
                0x0005b260                GPS_Valid
 .text          0x0005b2d0      0x11c ../common/lib/libsymm_mpc8313_PtpGpsSe.a(SE.o)
                0x0005b2d0                SE_Init
                0x0005b370                SE_Close
 .text          0x0005b3ec      0xcec ../common/lib/libsymm_mpc8313_PtpGpsSe.a(PTP_gps.o)
                0x0005b3ec                PTP_Init
                0x0005b508                PTP_Close
                0x0005b574                PTP_ReadClkDs
                0x0005b610                PTP_ChgFltCfg
                0x0005b6e0                PTP_Main
                0x0005b784                PTP_GetSysTime
                0x0005b7ac                PTP_SetSysTime
                0x0005b7d4                PTP_SetSysTimeOffset
                0x0005b84c                PTP_SetSysTimeOffsSec
                0x0005b8e4                PTP_SetError
                0x0005bc38                PTP_GetErrStr
 .text          0x0005c0d8     0x4798 ../common/lib/libsymm_mpc8313_PtpGpsSe.a(CTLmain_gps.o)
                0x0005c0d8                CTL_Init
                0x0005c250                CTL_Close
                0x0005c348                CTL_Task
                0x0005d8a4                CTL_ResetClockDrift
                0x0005d920                CTL_GetErrStr
 .text          0x00060870      0x478 ../common/lib/libsymm_mpc8313_PtpGpsSe.a(CTLflt_gps.o)
                0x00060870                CTLflt_Init
                0x0006098c                CTLflt_chgFilter
                0x00060a6c                CTLflt_inpMTSD
                0x00060b14                CTLflt_inpSTMD
                0x00060ba0                CTLflt_inpP2Pdel
                0x00060c2c                CTLflt_inpNewMst
                0x00060c9c                CTLflt_resetFilter
 .text          0x00060ce8     0x22e8 ../common/lib/libsymm_mpc8313_PtpGpsSe.a(CTLds_gps.o)
                0x00060ce8                CTL_InitClockDS
                0x00060e18                CTL_ResetCurDs
                0x00060e88                CTL_InitParentDS
                0x00060fbc                CTL_InitFrgnMstDS
                0x00061230                CTL_ClearFrgnMstDs
                0x0006131c                CTL_UpdtFrgnMstDs
                0x00061abc                CTL_SetAccpFlagFrgnMstDs
                0x00061c80                CTL_UpdateM1_M2
                0x00061cf0                CTL_UpdateMMDlrqIntv
                0x00061d88                CTL_UpdateS1
                0x00061fdc                CTL_AmIGrandmaster
                0x0006218c                CTL_SetPDStoGM
                0x00062290                CTL_SetPDSstatistics
                0x00062430                CTL_ResetPDSstatistics
                0x00062484                CTL_GetActOffs
                0x00062eb4                CTL_ClearAccpFlagFrgnMstDs
 .text          0x00062fd0      0x340 ../common/lib/libsymm_mpc8313_PtpGpsSe.a(CLKflt_gps.o)
                0x00062fd0                SC_ClkFltInit
                0x00063070                CLKflt_inpMTSD
                0x00063118                CLKflt_inpSTMD
                0x000631b8                CLKflt_inpP2Pdel
                0x000631e0                CLKflt_inpNewMst
                0x00063208                CLKflt_resetFilter
                0x0006321c                Get_Clear_Counters
                0x00063294                SC_NewGrandmaster
                0x000632a8                SC_GetFltCfg
 .text          0x00063310      0xe4c ../common/lib/libsymm_mpc8313_PtpGpsSe.a(SLVdel_gps.o)
                0x00063310                SLV_SetDelReqInt
                0x00063364                SLV_DelayTask
 .text          0x0006415c      0x2b4 ../common/lib/libsymm_mpc8313_PtpGpsSe.a(SLVdel_queue_gps.o)
                0x0006415c                Put_Delay_Timestamp
                0x000642c8                Get_Delay_Timestamp
 .text          0x00064410      0xe20 ../common/lib/libsymm_mpc8313_PtpGpsSe.a(SLVsyn_gps.o)
                0x00064410                SLV_SetSyncInt
                0x000644ac                SLV_SyncTask
 .text          0x00065230      0x16c ../common/lib/libsymm_mpc8313_PtpGpsSe.a(SLVmain_gps.o)
                0x00065230                SLV_Init
                0x000652d8                SLV_GetErrStr
 .text          0x0006539c     0x1690 ../common/lib/libsymm_mpc8313_PtpGpsSe.a(MNTmain_gps.o)
                0x0006539c                MNT_Init
                0x0006551c                MNT_Task
                0x00065d38                MNT_GetPTPText
                0x00065d80                MNT_GetTblIdx
                0x00065e90                MNT_GenPortLoopData
                0x00065f94                MNT_PreInitClear
                0x00066178                MNT_LockApi
                0x000661ac                MNT_UnlockApi
                0x000661e0                MNT_GetErrStr
 .text          0x00066a2c     0x39b8 ../common/lib/libsymm_mpc8313_PtpGpsSe.a(MNTapi_gps.o)
                0x00066a2c                MNTapi_NullManagement
                0x00066af8                MNTapi_ClkDesc
                0x00066ba4                MNTapi_UsrDesc
                0x00066d98                MNTapi_SaveNVolStor
                0x00066e44                MNTapi_RstNVolStor
                0x00066ef0                MNTapi_Initialize
                0x00066fb8                MNTapi_FaultLog
                0x00067064                MNTapi_FaultLogReset
                0x00067110                MNTapi_DefaultDs
                0x000671bc                MNTapi_CurrentDs
                0x0006726c                MNTapi_ParentDs
                0x0006731c                MNTapi_TimePropDs
                0x000673cc                MNTapi_PortDs
                0x0006747c                MNTapi_Priority1
                0x0006757c                MNTapi_Priority2
                0x0006767c                MNTapi_Domain
                0x0006777c                MNTapi_SlaveOnly
                0x000678a0                MNTapi_AnncIntv
                0x000679a4                MNTapi_AnncRxTimeout
                0x00067aa4                MNTapi_SyncIntv
                0x00067ba4                MNTapi_VersionNumber
                0x00067ca4                MNTapi_EnaPort
                0x00067d54                MNTapi_DisPort
                0x00067e04                MNTapi_Time
                0x00067f40                MNTapi_ClkAccuracy
                0x00068040                MNTapi_UtcProp
                0x000681ec                MNTapi_TraceProp
                0x00068358                MNTapi_TimeSclProp
                0x00068498                MNTapi_UcNegoEnable
                0x000685bc                MNTapi_PathTraceList
                0x0006866c                MNTapi_PathTraceEna
                0x00068790                MNTapi_GMClusterTbl
                0x00068a64                MNTapi_UCMasterTbl
                0x00068dec                MNTapi_UCMstMaxTblSize
                0x00068e9c                MNTapi_AcceptMstTbl
                0x000691fc                MNTapi_AcceptMstTblEna
                0x00069320                MNTapi_AcceptMstMaxTblSize
                0x000693d0                MNTapi_AltMaster
                0x00069504                MNTapi_AltTimeOffsEna
                0x00069628                MNTapi_AltTimeOffsName
                0x0006982c                MNTapi_AltTimeOffsKey
                0x000698dc                MNTapi_AltTimeOffsProp
                0x00069a28                MNTapi_TCDefaultDs
                0x00069ad4                MNTapi_TCPortDs
                0x00069b84                MNTapi_PrimaryDomain
                0x00069c84                MNTapi_DelayMechanism
                0x00069d80                MNTapi_MinPDelReqIntv
                0x00069e80                MNTapi_GatherAnswers
 .text          0x0006a3e4     0x2720 ../common/lib/libsymm_mpc8313_PtpGpsSe.a(MNTmsg_gps.o)
                0x0006a3e4                MNTmsg_HandleGet
                0x0006a8d8                MNTmsg_HandleSet
                0x0006b4b8                MNTmsg_HandleCom
                0x0006b7e4                MNTmsg_GenSetResp
                0x0006b864                MNTmsg_GenResponse
                0x0006b9a0                MNTmsg_GenAck
                0x0006ba90                MNTmsg_GenStandMMsgErr
                0x0006bc1c                MNTmsg_SendMMErr
                0x0006bee0                MNTmsg_SendMMsg
                0x0006bfec                MNTmsg_InitFltRec
                0x0006c038                MNTmsg_PutFltRec
 .text          0x0006cb04       0xa0 ../common/lib/libsymm_mpc8313_PtpGpsSe.a(NIFmain_gps.o)
                0x0006cb04                NIF_Init
                0x0006cb5c                NIF_GetIfAddrs
 .text          0x0006cba4     0x1f28 ../common/lib/libsymm_mpc8313_PtpGpsSe.a(NIFtx_gps.o)
                0x0006cba4                NIF_PackHdrFlag
                0x0006cc58                NIF_PackHdr
                0x0006cdec                NIF_PackAnncMsg
                0x0006cf54                NIF_PackSyncMsg
                0x0006cfb8                NIF_PackFlwUpMsg
                0x0006d01c                NIF_PackDelRespMsg
                0x0006d0c4                NIF_PackTlv
                0x0006d118                NIF_SendAnnc
                0x0006d400                NIF_SendSync
                0x0006d478                NIF_SendFollowUp
                0x0006d590                NIF_SendDelayReq
                0x0006d608                NIF_SendDelayResp
                0x0006d760                NIF_Send_MntMsg
                0x0006d944                NIF_Send_Sign
                0x0006db10                NIF_SendRawData
                0x0006db58                NIF_Set_PTP_subdomain
                0x0006dcd8                NIF_InitMsgTempls
 *fill*         0x0006eacc        0x4 00000000
 .text          0x0006ead0      0x850 ../common/lib/libsymm_mpc8313_PtpGpsSe.a(UCMmain_gps.o)
                0x0006ead0                UCM_Init
                0x0006eb78                UCM_initSrvReqList
                0x0006ec30                UCM_regServReq
                0x0006ef7c                UCM_unregServReq
                0x0006efd8                UCM_SrchSlv
                0x0006f070                UCM_recalcPresc
                0x0006f150                UCM_checkPeriod
                0x0006f18c                UCM_RespUcRequest
                0x0006f220                UCM_RespUcCnclAck
                0x0006f290                UCM_GetErrStr
 .text          0x0006f320      0xd18 ../common/lib/libsymm_mpc8313_PtpGpsSe.a(DISmain_gps.o)
                0x0006f320                DIS_Init
                0x0006f40c                DIS_Task
                0x0006fe70                DIS_GetErrStr
 .text          0x00070038      0x88c ../common/lib/libsymm_mpc8313_PtpGpsSe.a(DISnet_gps.o)
                0x00070038                DISnet_Init
                0x00070254                DISnet_Task
 .text          0x000708c4     0x1278 ../common/lib/libsymm_mpc8313_PtpGpsSe.a(DISrx_gps.o)
                0x000708c4                DIS_DispEvntMsg
                0x00070c54                DIS_DispGnrlMsg
                0x00071294                DIS_WhoIsReceiver
 .text          0x00071b3c      0x974 ../common/lib/libsymm_mpc8313_PtpGpsSe.a(DIStx_gps.o)
                0x00071b3c                DIS_SendAnnc
                0x00071ba4                DIS_SendSync
                0x00071c9c                DIS_SendFollowUp
                0x00071d04                DIS_SendDelayReq
                0x00071de8                DIS_SendDelayResp
                0x00071e9c                DIS_Send_MntMsg
                0x00071f10                DIS_FwMntMsg
                0x00072094                DIS_FwSignMsg
                0x0007219c                DIS_FwMsg
                0x0007227c                DIS_Send_Sign
                0x00072310                DIS_SendRawData
 .text          0x000724b0      0x158 ../common/lib/libsymm_mpc8313_PtpGpsSe.a(MSTmain_gps.o)
                0x000724b0                MST_Init
                0x00072558                MST_GetErrStr
 .text          0x00072608      0x390 ../common/lib/libsymm_mpc8313_PtpGpsSe.a(MSTsyn_gps.o)
                0x00072608                MST_SetSyncInt
                0x00072668                MSTsyn_Task
 .text          0x00072998      0x31c ../common/lib/libsymm_mpc8313_PtpGpsSe.a(MSTannc_gps.o)
                0x00072998                MST_SetAnncInt
                0x000729e0                MSTannc_Task
 .text          0x00072cb4      0x2c4 ../common/lib/libsymm_mpc8313_PtpGpsSe.a(CIFmain_gps.o)
                0x00072cb4                SC_Lock_Time
                0x00072ce8                CIF_Init
                0x00072d34                CIF_Close
                0x00072d60                CIF_AdjClkDrift
                0x00072d84                CIF_GetTimeStamp
                0x00072de4                CIF_SetSysTime
                0x00072e5c                CIF_SetSysUtcOffset
                0x00072e98                CIF_GetErrStr
 .text          0x00072f78      0x248 ../common/lib/libsymm_mpc8313_PtpGpsSe.a(TSUmain_gps.o)
                0x00072f78                TSU_Init
                0x00073030                TSU_Close
                0x0007306c                TSU_GetRxTimeStamp
                0x000730d4                TSU_GetTxTimeStamp
                0x0007312c                TSU_GetErrStr
 .text          0x000731c0      0x7f0 ../common/lib/libsymm_mpc8313_PtpGpsSe.a(FIO_gps.o)
                0x000731c0                FIO_InitCfgDflt
                0x000734dc                FIO_ReadConfig
                0x00073504                FIO_WriteConfig
                0x00073528                FIO_CheckCfg
                0x000738cc                FIO_ReadClkRcvr
                0x000738f4                FIO_WriteClkRcvr
                0x00073918                FIO_ReadUcMstTbl
                0x00073940                FIO_WriteUcMstTbl
                0x00073964                FIO_ReadFltCfg
                0x0007398c                FIO_WriteFltCfg
 .text          0x000739b0      0x180 ../common/lib/libsymm_mpc8313_PtpGpsSe.a(FIOerr_gps.o)
                0x000739b0                FIO_GetErrStr
 .text          0x00073b30      0x2b4 ../common/lib/libsymm_mpc8313_PtpGpsSe.a(FLTno_gps.o)
                0x00073b30                FLTno_Init
                0x00073bd0                FLTno_inpMTSD
                0x00073c68                FLTno_inpSTMD
                0x00073d10                FLTno_inpP2Pdel
                0x00073d78                FLTno_inpNewMst
                0x00073da0                FLTno_resetFilter
 .text          0x00073de4      0x5fc ../common/lib/libsymm_mpc8313_PtpGpsSe.a(tod_gps.o)
                0x00073de4                GenerateTimecode
 .text          0x000743e0      0x4a0 ../common/lib/libsymm_mpc8313_PtpGpsSe.a(TGT_gps.o)
                0x000743e0                TGT_Init
                0x00074430                TGT_Close
                0x0007445c                TGT_printf
                0x00074514                TGT_printSyncData
                0x00074700                TGT_printDrift
 .text          0x00074880     0x1450 ../common/lib/libsymm_mpc8313_PtpGpsSe.a(SISmpool_gps.o)
                0x00074880                SIS_MemPoolInit
                0x00074c54                SIS_Alloc
                0x00074ce8                SIS_AllocHdl
                0x0007521c                SIS_Free
                0x000757c0                SIS_MemPoolQuery
                0x00075888                SIS_MemPoolDebugPrint
 .text          0x00075cd0      0x650 ../common/lib/libsymm_mpc8313_PtpGpsSe.a(SISmain_gps.o)
                0x00075cd0                SIS_Init
                0x00075dd4                SIS_TaskExeReq
                0x00075e54                SIS_TimerStart
                0x00075f60                SIS_TimerStop
                0x00075fdc                SIS_TimerStsRead
                0x00076088                SIS_GetTime
                0x000760b0                SIS_Scheduler
                0x000761fc                SIS_TimerServiceRoutine
 .text          0x00076320      0xf7c ../common/lib/libsymm_mpc8313_PtpGpsSe.a(SISevent_gps.o)
                0x00076320                SIS_EventInit
                0x000764b0                SIS_EventSet
                0x0007698c                SIS_EventGet
                0x00077004                SIS_EventQuery
 .text          0x0007729c     0x40a0 ../common/lib/libsymm_mpc8313_PtpGpsSe.a(SISmbox_gps.o)
                0x0007729c                SIS_MboxInit
                0x00077c30                SIS_MboxPut
                0x00079918                SIS_MboxWListAdd
                0x00079a3c                SIS_MboxGet
                0x0007a180                SIS_MboxRelease
                0x0007af90                SIS_MboxQuery
 .text          0x0007b33c     0x1498 ../common/lib/libsymm_mpc8313_PtpGpsSe.a(GOE_gps.o)
                0x0007b33c                GOE_ntoh16
                0x0007b388                GOE_ntoh32
                0x0007b3fc                GOE_ntoh48
                0x0007b4a8                GOE_ntoh64
                0x0007b570                GOE_hton16
                0x0007b5b8                GOE_hton32
                0x0007b624                GOE_hton48
                0x0007b6b8                GOE_hton64
                0x0007b774                GOE_NetAddrToStr
                0x0007b814                GOE_NetStrToAddr
                0x0007b8a8                GOE_LockStack
                0x0007b8d0                GOE_UnLockStack
                0x0007b8fc                GOE_Init
                0x0007bd3c                GOE_Close
                0x0007bdd4                GOE_GetSockHdl
                0x0007be00                GOE_InitMcConn
                0x0007be28                GOE_CloseMcConn
                0x0007be48                GOE_InitUcConn
                0x0007be64                GOE_CloseUcConn
                0x0007be78                GOE_getInbLat
                0x0007bf08                GOE_getOutbLat
                0x0007bf98                GOE_GetIfAddrs
                0x0007c050                GOE_SendMsg
                0x0007c158                GOE_RecvMsg
                0x0007c228                GOE_ReadFile
                0x0007c278                GOE_WriteFile
                0x0007c2b4                GOE_GetNetIfNum
                0x0007c314                GOE_GetErrStr
 .text          0x0007c7d4      0x16c ../common/lib/libsymm_mpc8313_PtpGpsSe.a(GN_GPS_Task.o)
                0x0007c7d4                GN_GPS_Task_Start
                0x0007c800                GN_GPS_Task_Stop
                0x0007c81c                GN_GPS_Task_Run
                0x0007c838                GN_GPS_Valid
                0x0007c880                GN_GPS_Stat
 .text          0x0007c940     0x13d0 ../common/lib/libsymm_mpc8313_PtpGpsSe.a(UCDmain_gps.o)
                0x0007c940                UCD_Init
                0x0007ca10                UCD_Close
                0x0007ca5c                UCD_Task
                0x0007d12c                UCD_SendUcCancel
                0x0007d1e8                UCD_GetErrStr
                0x0007dc48                UCD_SetAnncInt
                0x0007dcac                UCD_SetSyncInt
 .text          0x0007dd10     0x1730 ../common/lib/libsymm_mpc8313_PtpGpsSe.a(PTPmath_gps.o)
                0x0007dd10                PTP_AddTmSTmpTmStmp
                0x0007de00                PTP_SubtrTmStmpTmStmp
                0x0007df60                PTP_SubtrTmIntvTmStmp
                0x0007e198                PTP_AddTmIntvTmStmp
                0x0007e210                PTP_sqrt_U64
                0x0007e33c                PTP_LowPass
                0x0007e3c4                PTP_PIctr
                0x0007e584                PTP_stdDev
                0x0007e954                PTP_getTimeIntv
                0x0007ea90                PTP_logDualis
                0x0007eaf8                PTP_scaleVar
                0x0007eb4c                PTP_GetAllenVar
                0x0007f030                PTP_PowerOf2
                0x0007f0a8                PTP_CompareClkId
                0x0007f11c                PTP_ComparePortId
                0x0007f1c0                PTP_CompPortAddr
                0x0007f2e0                PTP_AddnCheckI64
                0x0007f3d0                PTP_ChkRngSetExtr
 .text          0x0007f440     0x1ee8 ../common/lib/libsymm_mpc8313_PtpGpsSe.a(CTLbmc_gps.o)
                0x0007f440                CTL_StateDecisionEvent
 .text          0x00081328     0x1c80 ../common/lib/libsymm_mpc8313_PtpGpsSe.a(MNTget_gps.o)
                0x00081328                MNTget_ClkDesc
                0x000818ec                MNTget_UsrDesc
                0x000819e8                MNTget_DefaultDs
                0x00081be0                MNTget_CurrentDs
                0x00081c74                MNTget_ParentDs
                0x00081e6c                MNTget_TimePropDs
                0x00082080                MNTget_PortDs
                0x000823a4                MNTget_Priority1
                0x00082400                MNTget_Priority2
                0x0008245c                MNTget_Domain
                0x000824b8                MNTget_SlaveOnly
                0x0008254c                MNTget_AnncIntv
                0x000825dc                MNTget_AnncRxTimeout
                0x00082668                MNTget_SyncIntv
                0x000826f8                MNTget_VersionNumber
                0x0008278c                MNTget_Time
                0x00082828                MNTget_ClkAccuracy
                0x00082888                MNTget_UtcProp
                0x000829c8                MNTget_TraceProp
                0x00082aa8                MNTget_TimeSclProp
                0x00082b5c                MNTget_UcNegoEnable
                0x00082bc4                MNTget_UCMasterTbl
                0x00082de8                MNTget_UCMstMaxTblSize
                0x00082e20                MNTget_DelayMechanism
                0x00082eb0                MNTget_MinPDelReqIntv
                0x00082f40                MNTget_PrivateStatus
 .text          0x00082fa8      0x7f0 ../common/lib/libsymm_mpc8313_PtpGpsSe.a(NIFrx_gps.o)
                0x00082fa8                NIF_RecvMsg
                0x00083114                NIF_UnPackHdrPortId
                0x00083174                NIF_UnPackTrgtPortId
                0x000831d4                NIF_UnPackReqPortId
                0x00083234                NIF_UnPackHdr
                0x0008335c                NIF_UnPackAnncMsg
                0x000834b8                NIF_UnPackSyncMsg
                0x00083520                NIF_UnPackFlwUpMsg
                0x00083588                NIF_UnPackDelRespMsg
                0x00083604                NIF_UnPackMntMsg
 .text          0x00083798      0x4e0 ../common/lib/libsymm_mpc8313_PtpGpsSe.a(UCMannc_gps.o)
                0x00083798                UCMann_Task
 .text          0x00083c78      0x52c ../common/lib/libsymm_mpc8313_PtpGpsSe.a(UCMsyn_gps.o)
                0x00083c78                UCMsyn_Task
                0x0008415c                UCM_IsSyncSrvGranted
 .text          0x000841a4      0x1c4 ../common/lib/libsymm_mpc8313_PtpGpsSe.a(UCMdel_gps.o)
                0x000841a4                UCMdel_Task
 .text          0x00084368      0x34c ../common/lib/libsymm_mpc8313_PtpGpsSe.a(MSTdel_gps.o)
                0x00084368                MSTdel_Task
 *fill*         0x000846b4        0x4 00000000
 .text          0x000846b8     0x16c0 ../common/lib/libsymm_mpc8313_PtpGpsSe.a(sc_ptp_mgmt_gps.o)
                0x000846b8                mgmt_tlv_packet_32
                0x00084714                mgmt_tlv_packet_16
                0x00084770                mgmt_tlv_packet_8
                0x000847c8                mgmt_tlv_packet_string
                0x0008488c                update_ptp_mgmt_status
                0x00085200                SC_GetPrivateStatus
 .text          0x00085d78       0x9c ../common/lib/libsymm_mpc8313_PtpGpsSe.a(sc_util_gps.o)
                0x00085d78                SC_TimeToDate
 .text          0x00085e14      0x20c /opt/sourcery-arm-201203/bin/../lib/gcc/arm-none-linux-gnueabi/4.6.3/libgcc.a(_udivsi3.o)
                0x00085e14                __udivsi3
                0x00085e14                __aeabi_uidiv
                0x00086000                __aeabi_uidivmod
 .text          0x00086020      0x240 /opt/sourcery-arm-201203/bin/../lib/gcc/arm-none-linux-gnueabi/4.6.3/libgcc.a(_divsi3.o)
                0x00086020                __divsi3
                0x00086020                __aeabi_idiv
                0x00086240                __aeabi_idivmod
 .text          0x00086260      0x3b8 /opt/sourcery-arm-201203/bin/../lib/gcc/arm-none-linux-gnueabi/4.6.3/libgcc.a(_arm_addsubdf3.o)
                0x00086260                __aeabi_drsub
                0x00086268                __subdf3
                0x00086268                __aeabi_dsub
                0x0008626c                __adddf3
                0x0008626c                __aeabi_dadd
                0x00086518                __aeabi_ui2d
                0x00086518                __floatunsidf
                0x0008653c                __floatsidf
                0x0008653c                __aeabi_i2d
                0x00086564                __aeabi_f2d
                0x00086564                __extendsfdf2
                0x000865a4                __floatundidf
                0x000865a4                __aeabi_ul2d
                0x000865b8                __floatdidf
                0x000865b8                __aeabi_l2d
 .text          0x00086618      0x470 /opt/sourcery-arm-201203/bin/../lib/gcc/arm-none-linux-gnueabi/4.6.3/libgcc.a(_arm_muldivdf3.o)
                0x00086618                __muldf3
                0x00086618                __aeabi_dmul
                0x00086884                __divdf3
                0x00086884                __aeabi_ddiv
 .text          0x00086a88      0x12c /opt/sourcery-arm-201203/bin/../lib/gcc/arm-none-linux-gnueabi/4.6.3/libgcc.a(_arm_cmpdf2.o)
                0x00086a88                __gtdf2
                0x00086a88                __gedf2
                0x00086a90                __ltdf2
                0x00086a90                __ledf2
                0x00086a98                __cmpdf2
                0x00086a98                __nedf2
                0x00086a98                __eqdf2
                0x00086b20                __aeabi_cdrcmple
                0x00086b3c                __aeabi_cdcmple
                0x00086b3c                __aeabi_cdcmpeq
                0x00086b50                __aeabi_dcmpeq
                0x00086b64                __aeabi_dcmplt
                0x00086b78                __aeabi_dcmple
                0x00086b8c                __aeabi_dcmpge
                0x00086ba0                __aeabi_dcmpgt
 .text          0x00086bb4       0x5c /opt/sourcery-arm-201203/bin/../lib/gcc/arm-none-linux-gnueabi/4.6.3/libgcc.a(_arm_fixdfsi.o)
                0x00086bb4                __fixdfsi
                0x00086bb4                __aeabi_d2iz
 .text          0x00086c10       0x54 /opt/sourcery-arm-201203/bin/../lib/gcc/arm-none-linux-gnueabi/4.6.3/libgcc.a(_arm_fixunsdfsi.o)
                0x00086c10                __fixunsdfsi
                0x00086c10                __aeabi_d2uiz
 .text          0x00086c64       0xa0 /opt/sourcery-arm-201203/bin/../lib/gcc/arm-none-linux-gnueabi/4.6.3/libgcc.a(_arm_truncdfsf2.o)
                0x00086c64                __aeabi_d2f
                0x00086c64                __truncdfsf2
 .text          0x00086d04       0xfc /opt/sourcery-arm-201203/bin/../lib/gcc/arm-none-linux-gnueabi/4.6.3/libgcc.a(_arm_cmpsf2.o)
                0x00086d04                __gesf2
                0x00086d04                __gtsf2
                0x00086d0c                __lesf2
                0x00086d0c                __ltsf2
                0x00086d14                __cmpsf2
                0x00086d14                __eqsf2
                0x00086d14                __nesf2
                0x00086d78                __aeabi_cfrcmple
                0x00086d88                __aeabi_cfcmple
                0x00086d88                __aeabi_cfcmpeq
                0x00086d9c                __aeabi_fcmpeq
                0x00086db0                __aeabi_fcmplt
                0x00086dc4                __aeabi_fcmple
                0x00086dd8                __aeabi_fcmpge
                0x00086dec                __aeabi_fcmpgt
 .text          0x00086e00       0x44 /opt/sourcery-arm-201203/bin/../lib/gcc/arm-none-linux-gnueabi/4.6.3/libgcc.a(_aeabi_ldivmod.o)
                0x00086e00                __aeabi_ldivmod
 .text          0x00086e44       0x3c /opt/sourcery-arm-201203/bin/../lib/gcc/arm-none-linux-gnueabi/4.6.3/libgcc.a(_aeabi_uldivmod.o)
                0x00086e44                __aeabi_uldivmod
 .text          0x00086e80       0x10 /opt/sourcery-arm-201203/bin/../lib/gcc/arm-none-linux-gnueabi/4.6.3/libgcc.a(_dvmd_lnx.o)
                0x00086e80                __aeabi_idiv0
                0x00086e80                __aeabi_ldiv0
 .text          0x00086e90       0x44 /opt/sourcery-arm-201203/bin/../lib/gcc/arm-none-linux-gnueabi/4.6.3/libgcc.a(_fixdfdi.o)
                0x00086e90                __fixdfdi
                0x00086e90                __aeabi_d2lz
 .text          0x00086ed4       0x68 /opt/sourcery-arm-201203/bin/../lib/gcc/arm-none-linux-gnueabi/4.6.3/libgcc.a(_fixunsdfdi.o)
                0x00086ed4                __aeabi_d2ulz
                0x00086ed4                __fixunsdfdi
 .text          0x00086f3c       0x78 /opt/sourcery-arm-201203/bin/../lib/gcc/arm-none-linux-gnueabi/4.6.3/libgcc.a(bpabi.o)
                0x00086f3c                __gnu_ldivmod_helper
                0x00086f78                __gnu_uldivmod_helper
 .text          0x00086fb4      0x4d0 /opt/sourcery-arm-201203/bin/../lib/gcc/arm-none-linux-gnueabi/4.6.3/libgcc.a(_divdi3.o)
                0x00086fb4                __divdi3
 .text          0x00087484      0x474 /opt/sourcery-arm-201203/bin/../lib/gcc/arm-none-linux-gnueabi/4.6.3/libgcc.a(_udivdi3.o)
                0x00087484                __udivdi3
 .text          0x000878f8       0xcc /opt/sourcery-arm-201203/bin/../arm-none-linux-gnueabi/libc/usr/lib/libc_nonshared.a(elf-init.oS)
                0x000878f8                __libc_csu_init
                0x000879c0                __libc_csu_fini
 .text          0x000879c4        0x0 /opt/sourcery-arm-201203/bin/../lib/gcc/arm-none-linux-gnueabi/4.6.3/crtend.o
 .text          0x000879c4        0x0 /opt/sourcery-arm-201203/bin/../arm-none-linux-gnueabi/libc/usr/lib/crtn.o
 *(.gnu.warning)
 *(.glue_7t)
 .glue_7t       0x00000000        0x0 linker stubs
 *(.glue_7)
 .glue_7        0x00000000        0x0 linker stubs
 *(.vfp11_veneer)
 .vfp11_veneer  0x00000000        0x0 linker stubs
 *(.v4_bx)
 .v4_bx         0x00000000        0x0 linker stubs

.fini           0x000879c4        0x8
 *(.fini)
 .fini          0x000879c4        0x4 /opt/sourcery-arm-201203/bin/../arm-none-linux-gnueabi/libc/usr/lib/crti.o
                0x000879c4                _fini
 .fini          0x000879c8        0x4 /opt/sourcery-arm-201203/bin/../arm-none-linux-gnueabi/libc/usr/lib/crtn.o
                0x000879cc                PROVIDE (__etext, .)
                0x000879cc                PROVIDE (_etext, .)
                0x000879cc                PROVIDE (etext, .)

.rodata         0x000879d0     0x9fb4
 *(.rodata .rodata.* .gnu.linkonce.r.*)
 .rodata.cst4   0x000879d0        0x4 /opt/sourcery-arm-201203/bin/../arm-none-linux-gnueabi/libc/usr/lib/crt1.o
                0x000879d0                _IO_stdin_used
 .rodata        0x000879d4       0x10 ./natsemi_util/epl_1588_gps.o
 .rodata.str1.4
                0x000879e4       0x9a ./natsemi_util/epl_1588_gps.o
                                 0x9c (size before relaxing)
 *fill*         0x00087a7e        0x2 00
 .rodata.str1.4
                0x00087a80       0x98 ./clock_if/sc_clock_if_gps.o
 .rodata        0x00087b18       0x88 ../common/network_if/sc_network_if_gps.o
 .rodata.str1.4
                0x00087ba0      0x116 ../common/network_if/sc_network_if_gps.o
                                0x118 (size before relaxing)
 *fill*         0x00087cb6        0x2 00
 .rodata.str1.4
                0x00087cb8       0xc8 ../common/log/sc_log_gps.o
                                 0xcc (size before relaxing)
 .rodata        0x00087d80      0x1c0 ../common/user_if/sc_ui_gps.o
 .rodata.str1.4
                0x00087f40     0x2fb5 ../common/user_if/sc_ui_gps.o
                               0x303c (size before relaxing)
 *fill*         0x0008aef5        0x3 00
 .rodata        0x0008aef8       0xe8 ../common/config_if/sc_readconfig_gps.o
 .rodata.str1.4
                0x0008afe0      0x988 ../common/config_if/sc_readconfig_gps.o
                                0x99c (size before relaxing)
 .rodata        0x0008b968       0x2c ../common/main_gps.o
 .rodata.str1.4
                0x0008b994      0x1af ../common/main_gps.o
                                0x204 (size before relaxing)
 *fill*         0x0008bb43        0x1 00
 .rodata.str1.4
                0x0008bb44       0x64 ../common/gps_if/sc_gps_if.o
 .rodata        0x0008bba8      0x4b4 ../common/lib/libsymm_mpc8313_PtpGpsSe.a(sc_chan_gps.o)
 .rodata        0x0008c05c      0x12c ../common/lib/libsymm_mpc8313_PtpGpsSe.a(sc_alarms_gps.o)
 .rodata        0x0008c188     0x28e4 ../common/lib/libsymm_mpc8313_PtpGpsSe.a(CLK_gps.o)
 .rodata        0x0008ea6c      0x8d8 ../common/lib/libsymm_mpc8313_PtpGpsSe.a(clk_ana_gps.o)
 .rodata        0x0008f344       0x24 ../common/lib/libsymm_mpc8313_PtpGpsSe.a(clk_acq_gps.o)
 .rodata        0x0008f368      0x818 ../common/lib/libsymm_mpc8313_PtpGpsSe.a(clk_input_gps.o)
 .rodata        0x0008fb80      0x334 ../common/lib/libsymm_mpc8313_PtpGpsSe.a(sc_ptp_servo_gps.o)
                0x0008fb80                kOscOffsetLimit
 .rodata        0x0008feb4        0x4 ../common/lib/libsymm_mpc8313_PtpGpsSe.a(sc_system_gps.o)
 .rodata        0x0008feb8      0x2cc ../common/lib/libsymm_mpc8313_PtpGpsSe.a(THD_gps.o)
 .rodata        0x00090184      0x184 ../common/lib/libsymm_mpc8313_PtpGpsSe.a(PTP_gps.o)
 .rodata        0x00090308      0x4f4 ../common/lib/libsymm_mpc8313_PtpGpsSe.a(CTLmain_gps.o)
 .rodata        0x000907fc       0x9c ../common/lib/libsymm_mpc8313_PtpGpsSe.a(SLVmain_gps.o)
 .rodata        0x00090898      0x1a8 ../common/lib/libsymm_mpc8313_PtpGpsSe.a(MNTmain_gps.o)
 .rodata        0x00090a40      0x174 ../common/lib/libsymm_mpc8313_PtpGpsSe.a(MNTmsg_gps.o)
 .rodata        0x00090bb4       0x6c ../common/lib/libsymm_mpc8313_PtpGpsSe.a(UCMmain_gps.o)
 .rodata        0x00090c20      0x11c ../common/lib/libsymm_mpc8313_PtpGpsSe.a(DISmain_gps.o)
 .rodata        0x00090d3c       0x84 ../common/lib/libsymm_mpc8313_PtpGpsSe.a(MSTmain_gps.o)
 .rodata        0x00090dc0       0xb0 ../common/lib/libsymm_mpc8313_PtpGpsSe.a(CIFmain_gps.o)
 .rodata        0x00090e70       0x50 ../common/lib/libsymm_mpc8313_PtpGpsSe.a(TSUmain_gps.o)
 .rodata        0x00090ec0      0x2cc ../common/lib/libsymm_mpc8313_PtpGpsSe.a(FIO_gps.o)
 .rodata        0x0009118c      0x254 ../common/lib/libsymm_mpc8313_PtpGpsSe.a(FIOerr_gps.o)
 .rodata        0x000913e0       0xbc ../common/lib/libsymm_mpc8313_PtpGpsSe.a(TGT_gps.o)
 .rodata        0x0009149c      0x174 ../common/lib/libsymm_mpc8313_PtpGpsSe.a(SISmpool_gps.o)
 .rodata        0x00091610       0xa8 ../common/lib/libsymm_mpc8313_PtpGpsSe.a(SISmain_gps.o)
 .rodata        0x000916b8       0x44 ../common/lib/libsymm_mpc8313_PtpGpsSe.a(SISevent_gps.o)
 .rodata        0x000916fc       0x60 ../common/lib/libsymm_mpc8313_PtpGpsSe.a(SISmbox_gps.o)
 .rodata        0x0009175c      0x104 ../common/lib/libsymm_mpc8313_PtpGpsSe.a(GOE_gps.o)
 .rodata        0x00091860       0x38 ../common/lib/libsymm_mpc8313_PtpGpsSe.a(GN_GPS_Task.o)
 .rodata        0x00091898       0x58 ../common/lib/libsymm_mpc8313_PtpGpsSe.a(UCDmain_gps.o)
 .rodata        0x000918f0        0x8 ../common/lib/libsymm_mpc8313_PtpGpsSe.a(PTPmath_gps.o)
 .rodata        0x000918f8       0x44 ../common/lib/libsymm_mpc8313_PtpGpsSe.a(MNTget_gps.o)
 .rodata        0x0009193c       0x24 ../common/lib/libsymm_mpc8313_PtpGpsSe.a(sc_ptp_mgmt_gps.o)
 .rodata        0x00091960       0x24 ../common/lib/libsymm_mpc8313_PtpGpsSe.a(sc_util_gps.o)

.rodata1
 *(.rodata1)

.ARM.extab      0x00091984     0x1860
 *(.ARM.extab* .gnu.linkonce.armextab.*)
 .ARM.extab     0x00091984        0x0 /opt/sourcery-arm-201203/bin/../arm-none-linux-gnueabi/libc/usr/lib/crt1.o
 .ARM.extab     0x00091984        0xc /opt/sourcery-arm-201203/bin/../lib/gcc/arm-none-linux-gnueabi/4.6.3/crtbegin.o
 .ARM.extab     0x00091990       0x24 ./natsemi_util/epl_1588_gps.o
 .ARM.extab     0x000919b4        0x0 ./timestamper_if/sc_timestamp_gps.o
 .ARM.extab     0x000919b4        0xc ./clock_if/sc_clock_if_gps.o
 .ARM.extab     0x000919c0       0x18 ../common/network_if/sc_network_if_gps.o
 .ARM.extab     0x000919d8        0xc ../common/log/sc_log_gps.o
 .ARM.extab     0x000919e4       0x30 ../common/user_if/sc_ui_gps.o
 .ARM.extab     0x00091a14        0x0 ../common/config_if/sc_readconfig_gps.o
 .ARM.extab     0x00091a14        0x0 ../common/chan_processing_if/sc_SSM_handling_gps.o
 .ARM.extab     0x00091a14       0x24 ../common/main_gps.o
 .ARM.extab.text.startup
                0x00091a38        0xc ../common/main_gps.o
 .ARM.extab     0x00091a44        0x0 ../common/se_if/sc_se_if.o
 .ARM.extab     0x00091a44       0x24 ../common/gps_if/sc_gps_if.o
 .ARM.extab     0x00091a68      0x1e0 ../common/lib/libsymm_mpc8313_PtpGpsSe.a(sc_chan_gps.o)
 .ARM.extab     0x00091c48      0x27c ../common/lib/libsymm_mpc8313_PtpGpsSe.a(CLK_gps.o)
 .ARM.extab     0x00091ec4       0x84 ../common/lib/libsymm_mpc8313_PtpGpsSe.a(clk_ana_gps.o)
 .ARM.extab     0x00091f48        0xc ../common/lib/libsymm_mpc8313_PtpGpsSe.a(clk_acq_gps.o)
 .ARM.extab     0x00091f54       0x18 ../common/lib/libsymm_mpc8313_PtpGpsSe.a(clk_input_gps.o)
 .ARM.extab     0x00091f6c       0xf0 ../common/lib/libsymm_mpc8313_PtpGpsSe.a(sc_ptp_servo_gps.o)
 .ARM.extab     0x0009205c       0x84 ../common/lib/libsymm_mpc8313_PtpGpsSe.a(sc_system_gps.o)
 .ARM.extab     0x000920e0       0x24 ../common/lib/libsymm_mpc8313_PtpGpsSe.a(DBG_gps.o)
 .ARM.extab     0x00092104      0x15c ../common/lib/libsymm_mpc8313_PtpGpsSe.a(sc_mnt_gps.o)
 .ARM.extab     0x00092260       0x6c ../common/lib/libsymm_mpc8313_PtpGpsSe.a(THD_gps.o)
 .ARM.extab     0x000922cc        0xc ../common/lib/libsymm_mpc8313_PtpGpsSe.a(sc_gps.o)
 .ARM.extab     0x000922d8       0x3c ../common/lib/libsymm_mpc8313_PtpGpsSe.a(GPS.o)
 .ARM.extab     0x00092314       0x18 ../common/lib/libsymm_mpc8313_PtpGpsSe.a(SE.o)
 .ARM.extab     0x0009232c       0x84 ../common/lib/libsymm_mpc8313_PtpGpsSe.a(PTP_gps.o)
 .ARM.extab     0x000923b0       0x9c ../common/lib/libsymm_mpc8313_PtpGpsSe.a(CTLmain_gps.o)
 .ARM.extab     0x0009244c       0x48 ../common/lib/libsymm_mpc8313_PtpGpsSe.a(CTLflt_gps.o)
 .ARM.extab     0x00092494       0xc0 ../common/lib/libsymm_mpc8313_PtpGpsSe.a(CTLds_gps.o)
 .ARM.extab     0x00092554       0x24 ../common/lib/libsymm_mpc8313_PtpGpsSe.a(CLKflt_gps.o)
 .ARM.extab     0x00092578       0x18 ../common/lib/libsymm_mpc8313_PtpGpsSe.a(SLVdel_gps.o)
 .ARM.extab     0x00092590       0x18 ../common/lib/libsymm_mpc8313_PtpGpsSe.a(SLVdel_queue_gps.o)
 .ARM.extab     0x000925a8       0x30 ../common/lib/libsymm_mpc8313_PtpGpsSe.a(SLVsyn_gps.o)
 .ARM.extab     0x000925d8        0xc ../common/lib/libsymm_mpc8313_PtpGpsSe.a(SLVmain_gps.o)
 .ARM.extab     0x000925e4       0x6c ../common/lib/libsymm_mpc8313_PtpGpsSe.a(MNTmain_gps.o)
 .ARM.extab     0x00092650      0x258 ../common/lib/libsymm_mpc8313_PtpGpsSe.a(MNTapi_gps.o)
 .ARM.extab     0x000928a8       0xa8 ../common/lib/libsymm_mpc8313_PtpGpsSe.a(MNTmsg_gps.o)
 .ARM.extab     0x00092950       0x18 ../common/lib/libsymm_mpc8313_PtpGpsSe.a(NIFmain_gps.o)
 .ARM.extab     0x00092968      0x114 ../common/lib/libsymm_mpc8313_PtpGpsSe.a(NIFtx_gps.o)
 .ARM.extab     0x00092a7c       0x60 ../common/lib/libsymm_mpc8313_PtpGpsSe.a(UCMmain_gps.o)
 .ARM.extab     0x00092adc       0x24 ../common/lib/libsymm_mpc8313_PtpGpsSe.a(DISmain_gps.o)
 .ARM.extab     0x00092b00       0x18 ../common/lib/libsymm_mpc8313_PtpGpsSe.a(DISnet_gps.o)
 .ARM.extab     0x00092b18       0x54 ../common/lib/libsymm_mpc8313_PtpGpsSe.a(DISrx_gps.o)
 .ARM.extab     0x00092b6c       0x90 ../common/lib/libsymm_mpc8313_PtpGpsSe.a(DIStx_gps.o)
 .ARM.extab     0x00092bfc        0xc ../common/lib/libsymm_mpc8313_PtpGpsSe.a(MSTmain_gps.o)
 .ARM.extab     0x00092c08       0x18 ../common/lib/libsymm_mpc8313_PtpGpsSe.a(MSTsyn_gps.o)
 .ARM.extab     0x00092c20       0x18 ../common/lib/libsymm_mpc8313_PtpGpsSe.a(MSTannc_gps.o)
 .ARM.extab     0x00092c38       0x30 ../common/lib/libsymm_mpc8313_PtpGpsSe.a(CIFmain_gps.o)
 .ARM.extab     0x00092c68       0x24 ../common/lib/libsymm_mpc8313_PtpGpsSe.a(TSUmain_gps.o)
 .ARM.extab     0x00092c8c       0x48 ../common/lib/libsymm_mpc8313_PtpGpsSe.a(FIO_gps.o)
 .ARM.extab     0x00092cd4        0x0 ../common/lib/libsymm_mpc8313_PtpGpsSe.a(FIOerr_gps.o)
 .ARM.extab     0x00092cd4       0x18 ../common/lib/libsymm_mpc8313_PtpGpsSe.a(FLTno_gps.o)
 .ARM.extab     0x00092cec        0xc ../common/lib/libsymm_mpc8313_PtpGpsSe.a(tod_gps.o)
 .ARM.extab     0x00092cf8       0x48 ../common/lib/libsymm_mpc8313_PtpGpsSe.a(TGT_gps.o)
 .ARM.extab     0x00092d40       0x3c ../common/lib/libsymm_mpc8313_PtpGpsSe.a(SISmpool_gps.o)
 .ARM.extab     0x00092d7c       0x48 ../common/lib/libsymm_mpc8313_PtpGpsSe.a(SISmain_gps.o)
 .ARM.extab     0x00092dc4       0x24 ../common/lib/libsymm_mpc8313_PtpGpsSe.a(SISevent_gps.o)
 .ARM.extab     0x00092de8       0x3c ../common/lib/libsymm_mpc8313_PtpGpsSe.a(SISmbox_gps.o)
 .ARM.extab     0x00092e24       0xc0 ../common/lib/libsymm_mpc8313_PtpGpsSe.a(GOE_gps.o)
 .ARM.extab     0x00092ee4        0x0 ../common/lib/libsymm_mpc8313_PtpGpsSe.a(GN_GPS_Task.o)
 .ARM.extab     0x00092ee4       0x90 ../common/lib/libsymm_mpc8313_PtpGpsSe.a(UCDmain_gps.o)
 .ARM.extab     0x00092f74       0xa8 ../common/lib/libsymm_mpc8313_PtpGpsSe.a(PTPmath_gps.o)
 .ARM.extab     0x0009301c       0x48 ../common/lib/libsymm_mpc8313_PtpGpsSe.a(CTLbmc_gps.o)
 .ARM.extab     0x00093064       0x90 ../common/lib/libsymm_mpc8313_PtpGpsSe.a(MNTget_gps.o)
 .ARM.extab     0x000930f4       0x78 ../common/lib/libsymm_mpc8313_PtpGpsSe.a(NIFrx_gps.o)
 .ARM.extab     0x0009316c        0xc ../common/lib/libsymm_mpc8313_PtpGpsSe.a(UCMannc_gps.o)
 .ARM.extab     0x00093178       0x18 ../common/lib/libsymm_mpc8313_PtpGpsSe.a(UCMsyn_gps.o)
 .ARM.extab     0x00093190        0xc ../common/lib/libsymm_mpc8313_PtpGpsSe.a(UCMdel_gps.o)
 .ARM.extab     0x0009319c        0xc ../common/lib/libsymm_mpc8313_PtpGpsSe.a(MSTdel_gps.o)
 .ARM.extab     0x000931a8       0x30 ../common/lib/libsymm_mpc8313_PtpGpsSe.a(sc_ptp_mgmt_gps.o)
 .ARM.extab     0x000931d8        0xc ../common/lib/libsymm_mpc8313_PtpGpsSe.a(sc_util_gps.o)
 .ARM.extab     0x000931e4        0x0 /opt/sourcery-arm-201203/bin/../lib/gcc/arm-none-linux-gnueabi/4.6.3/libgcc.a(_fixdfdi.o)
 .ARM.extab     0x000931e4        0x0 /opt/sourcery-arm-201203/bin/../lib/gcc/arm-none-linux-gnueabi/4.6.3/libgcc.a(_fixunsdfdi.o)
 .ARM.extab     0x000931e4        0x0 /opt/sourcery-arm-201203/bin/../lib/gcc/arm-none-linux-gnueabi/4.6.3/libgcc.a(bpabi.o)
 .ARM.extab     0x000931e4        0x0 /opt/sourcery-arm-201203/bin/../lib/gcc/arm-none-linux-gnueabi/4.6.3/libgcc.a(_divdi3.o)
 .ARM.extab     0x000931e4        0x0 /opt/sourcery-arm-201203/bin/../lib/gcc/arm-none-linux-gnueabi/4.6.3/libgcc.a(_udivdi3.o)
 .ARM.extab     0x000931e4        0x0 /opt/sourcery-arm-201203/bin/../arm-none-linux-gnueabi/libc/usr/lib/libc_nonshared.a(elf-init.oS)
                0x000931e4                PROVIDE (__exidx_start, .)

.ARM.exidx      0x000931e4     0x16e8
 *(.ARM.exidx* .gnu.linkonce.armexidx.*)
 .ARM.exidx     0x000931ec        0x8 /opt/sourcery-arm-201203/bin/../arm-none-linux-gnueabi/libc/usr/lib/crt1.o
 .ARM.exidx     0x000931f4       0x10 /opt/sourcery-arm-201203/bin/../lib/gcc/arm-none-linux-gnueabi/4.6.3/crtbegin.o
 .ARM.exidx     0x00093204      0x110 ./natsemi_util/epl_1588_gps.o
                                0x148 (size before relaxing)
 .ARM.exidx     0x00093314       0x18 ./timestamper_if/sc_timestamp_gps.o
 .ARM.exidx     0x0009332c       0x68 ./clock_if/sc_clock_if_gps.o
                                 0x88 (size before relaxing)
 .ARM.exidx     0x00093394       0x80 ../common/network_if/sc_network_if_gps.o
                                 0x90 (size before relaxing)
 .ARM.exidx     0x00093414       0x20 ../common/log/sc_log_gps.o
 .ARM.exidx     0x00093434       0x48 ../common/user_if/sc_ui_gps.o
                                 0x58 (size before relaxing)
 .ARM.exidx     0x0009347c       0x78 ../common/config_if/sc_readconfig_gps.o
                                 0xd8 (size before relaxing)
 .ARM.exidx     0x000934f4       0x20 ../common/chan_processing_if/sc_SSM_handling_gps.o
                                 0x28 (size before relaxing)
 .ARM.exidx     0x00093514       0x50 ../common/main_gps.o
 .ARM.exidx.text.startup
                0x000931e4        0x8 ../common/main_gps.o
 .ARM.exidx     0x00093564        0x8 ../common/se_if/sc_se_if.o
                                 0x10 (size before relaxing)
 .ARM.exidx     0x0009356c       0x30 ../common/gps_if/sc_gps_if.o
 .ARM.exidx     0x0009359c      0x190 ../common/lib/libsymm_mpc8313_PtpGpsSe.a(sc_chan_gps.o)
                                0x1f0 (size before relaxing)
 .ARM.exidx     0x0009372c      0x270 ../common/lib/libsymm_mpc8313_PtpGpsSe.a(CLK_gps.o)
                                0x340 (size before relaxing)
 .ARM.exidx     0x0009399c       0x88 ../common/lib/libsymm_mpc8313_PtpGpsSe.a(clk_ana_gps.o)
                                 0xf0 (size before relaxing)
 .ARM.exidx     0x00093a24        0x8 ../common/lib/libsymm_mpc8313_PtpGpsSe.a(clk_acq_gps.o)
 .ARM.exidx     0x00093a2c       0x30 ../common/lib/libsymm_mpc8313_PtpGpsSe.a(clk_input_gps.o)
 .ARM.exidx     0x00093a5c       0xd0 ../common/lib/libsymm_mpc8313_PtpGpsSe.a(sc_ptp_servo_gps.o)
                                0x140 (size before relaxing)
 .ARM.exidx     0x00093b2c       0x78 ../common/lib/libsymm_mpc8313_PtpGpsSe.a(sc_system_gps.o)
 .ARM.exidx     0x00093ba4       0x20 ../common/lib/libsymm_mpc8313_PtpGpsSe.a(DBG_gps.o)
                                 0x28 (size before relaxing)
 .ARM.exidx     0x00093bc4       0xf0 ../common/lib/libsymm_mpc8313_PtpGpsSe.a(sc_mnt_gps.o)
 .ARM.exidx     0x00093cb4       0x50 ../common/lib/libsymm_mpc8313_PtpGpsSe.a(THD_gps.o)
 .ARM.exidx     0x00093d04        0x8 ../common/lib/libsymm_mpc8313_PtpGpsSe.a(sc_gps.o)
 .ARM.exidx     0x00093d0c       0x28 ../common/lib/libsymm_mpc8313_PtpGpsSe.a(GPS.o)
 .ARM.exidx     0x00093d34       0x10 ../common/lib/libsymm_mpc8313_PtpGpsSe.a(SE.o)
 .ARM.exidx     0x00093d44       0x58 ../common/lib/libsymm_mpc8313_PtpGpsSe.a(PTP_gps.o)
 .ARM.exidx     0x00093d9c       0x70 ../common/lib/libsymm_mpc8313_PtpGpsSe.a(CTLmain_gps.o)
 .ARM.exidx     0x00093e0c       0x38 ../common/lib/libsymm_mpc8313_PtpGpsSe.a(CTLflt_gps.o)
 .ARM.exidx     0x00093e44       0xa0 ../common/lib/libsymm_mpc8313_PtpGpsSe.a(CTLds_gps.o)
                                 0xb0 (size before relaxing)
 .ARM.exidx     0x00093ee4       0x20 ../common/lib/libsymm_mpc8313_PtpGpsSe.a(CLKflt_gps.o)
                                 0x48 (size before relaxing)
 .ARM.exidx     0x00093f04       0x10 ../common/lib/libsymm_mpc8313_PtpGpsSe.a(SLVdel_gps.o)
 .ARM.exidx     0x00093f14       0x10 ../common/lib/libsymm_mpc8313_PtpGpsSe.a(SLVdel_queue_gps.o)
 .ARM.exidx     0x00093f24       0x20 ../common/lib/libsymm_mpc8313_PtpGpsSe.a(SLVsyn_gps.o)
 .ARM.exidx     0x00093f44       0x10 ../common/lib/libsymm_mpc8313_PtpGpsSe.a(SLVmain_gps.o)
 .ARM.exidx     0x00093f54       0x58 ../common/lib/libsymm_mpc8313_PtpGpsSe.a(MNTmain_gps.o)
                                 0x70 (size before relaxing)
 .ARM.exidx     0x00093fac      0x190 ../common/lib/libsymm_mpc8313_PtpGpsSe.a(MNTapi_gps.o)
 .ARM.exidx     0x0009413c       0x80 ../common/lib/libsymm_mpc8313_PtpGpsSe.a(MNTmsg_gps.o)
                                 0x88 (size before relaxing)
 .ARM.exidx     0x000941bc       0x10 ../common/lib/libsymm_mpc8313_PtpGpsSe.a(NIFmain_gps.o)
 .ARM.exidx     0x000941cc       0xc0 ../common/lib/libsymm_mpc8313_PtpGpsSe.a(NIFtx_gps.o)
 .ARM.exidx     0x0009428c       0x50 ../common/lib/libsymm_mpc8313_PtpGpsSe.a(UCMmain_gps.o)
 .ARM.exidx     0x000942dc       0x18 ../common/lib/libsymm_mpc8313_PtpGpsSe.a(DISmain_gps.o)
 .ARM.exidx     0x000942f4       0x10 ../common/lib/libsymm_mpc8313_PtpGpsSe.a(DISnet_gps.o)
 .ARM.exidx     0x00094304       0x38 ../common/lib/libsymm_mpc8313_PtpGpsSe.a(DISrx_gps.o)
 .ARM.exidx     0x0009433c       0x60 ../common/lib/libsymm_mpc8313_PtpGpsSe.a(DIStx_gps.o)
 .ARM.exidx     0x0009439c       0x10 ../common/lib/libsymm_mpc8313_PtpGpsSe.a(MSTmain_gps.o)
 .ARM.exidx     0x000943ac       0x10 ../common/lib/libsymm_mpc8313_PtpGpsSe.a(MSTsyn_gps.o)
 .ARM.exidx     0x000943bc       0x10 ../common/lib/libsymm_mpc8313_PtpGpsSe.a(MSTannc_gps.o)
 .ARM.exidx     0x000943cc       0x38 ../common/lib/libsymm_mpc8313_PtpGpsSe.a(CIFmain_gps.o)
                                 0x40 (size before relaxing)
 .ARM.exidx     0x00094404       0x28 ../common/lib/libsymm_mpc8313_PtpGpsSe.a(TSUmain_gps.o)
 .ARM.exidx     0x0009442c       0x50 ../common/lib/libsymm_mpc8313_PtpGpsSe.a(FIO_gps.o)
 .ARM.exidx     0x0009447c        0x0 ../common/lib/libsymm_mpc8313_PtpGpsSe.a(FIOerr_gps.o)
                                  0x8 (size before relaxing)
 .ARM.exidx     0x0009447c       0x20 ../common/lib/libsymm_mpc8313_PtpGpsSe.a(FLTno_gps.o)
                                 0x30 (size before relaxing)
 .ARM.exidx     0x0009449c        0x8 ../common/lib/libsymm_mpc8313_PtpGpsSe.a(tod_gps.o)
 .ARM.exidx     0x000944a4       0x30 ../common/lib/libsymm_mpc8313_PtpGpsSe.a(TGT_gps.o)
 .ARM.exidx     0x000944d4       0x30 ../common/lib/libsymm_mpc8313_PtpGpsSe.a(SISmpool_gps.o)
 .ARM.exidx     0x00094504       0x40 ../common/lib/libsymm_mpc8313_PtpGpsSe.a(SISmain_gps.o)
 .ARM.exidx     0x00094544       0x18 ../common/lib/libsymm_mpc8313_PtpGpsSe.a(SISevent_gps.o)
                                 0x20 (size before relaxing)
 .ARM.exidx     0x0009455c       0x30 ../common/lib/libsymm_mpc8313_PtpGpsSe.a(SISmbox_gps.o)
 .ARM.exidx     0x0009458c       0xa0 ../common/lib/libsymm_mpc8313_PtpGpsSe.a(GOE_gps.o)
                                 0xf8 (size before relaxing)
 .ARM.exidx     0x0009462c        0x8 ../common/lib/libsymm_mpc8313_PtpGpsSe.a(GN_GPS_Task.o)
                                 0x40 (size before relaxing)
 .ARM.exidx     0x00094634       0x70 ../common/lib/libsymm_mpc8313_PtpGpsSe.a(UCDmain_gps.o)
                                 0x78 (size before relaxing)
 .ARM.exidx     0x000946a4       0x88 ../common/lib/libsymm_mpc8313_PtpGpsSe.a(PTPmath_gps.o)
                                 0x90 (size before relaxing)
 .ARM.exidx     0x0009472c       0x30 ../common/lib/libsymm_mpc8313_PtpGpsSe.a(CTLbmc_gps.o)
 .ARM.exidx     0x0009475c       0x80 ../common/lib/libsymm_mpc8313_PtpGpsSe.a(MNTget_gps.o)
                                 0xd0 (size before relaxing)
 .ARM.exidx     0x000947dc       0x50 ../common/lib/libsymm_mpc8313_PtpGpsSe.a(NIFrx_gps.o)
 .ARM.exidx     0x0009482c        0x8 ../common/lib/libsymm_mpc8313_PtpGpsSe.a(UCMannc_gps.o)
 .ARM.exidx     0x00094834       0x10 ../common/lib/libsymm_mpc8313_PtpGpsSe.a(UCMsyn_gps.o)
 .ARM.exidx     0x00094844        0x8 ../common/lib/libsymm_mpc8313_PtpGpsSe.a(UCMdel_gps.o)
 .ARM.exidx     0x0009484c        0x8 ../common/lib/libsymm_mpc8313_PtpGpsSe.a(MSTdel_gps.o)
 .ARM.exidx     0x00094854       0x28 ../common/lib/libsymm_mpc8313_PtpGpsSe.a(sc_ptp_mgmt_gps.o)
                                 0x30 (size before relaxing)
 .ARM.exidx     0x0009487c       0x10 ../common/lib/libsymm_mpc8313_PtpGpsSe.a(sc_util_gps.o)
                                  0x8 (size before relaxing)
 .ARM.exidx     0x0009488c        0x8 /opt/sourcery-arm-201203/bin/../lib/gcc/arm-none-linux-gnueabi/4.6.3/libgcc.a(_fixdfdi.o)
 .ARM.exidx     0x00094894        0x8 /opt/sourcery-arm-201203/bin/../lib/gcc/arm-none-linux-gnueabi/4.6.3/libgcc.a(_fixunsdfdi.o)
 .ARM.exidx     0x0009489c        0x8 /opt/sourcery-arm-201203/bin/../lib/gcc/arm-none-linux-gnueabi/4.6.3/libgcc.a(bpabi.o)
                                 0x10 (size before relaxing)
 .ARM.exidx     0x000948a4        0x8 /opt/sourcery-arm-201203/bin/../lib/gcc/arm-none-linux-gnueabi/4.6.3/libgcc.a(_divdi3.o)
 .ARM.exidx     0x000948ac        0x8 /opt/sourcery-arm-201203/bin/../lib/gcc/arm-none-linux-gnueabi/4.6.3/libgcc.a(_udivdi3.o)
 .ARM.exidx     0x000948b4       0x18 /opt/sourcery-arm-201203/bin/../arm-none-linux-gnueabi/libc/usr/lib/libc_nonshared.a(elf-init.oS)
                                 0x10 (size before relaxing)
                0x000948cc                PROVIDE (__exidx_end, .)

.eh_frame_hdr
 *(.eh_frame_hdr)
 *(.eh_frame_entry .eh_frame_entry.*)

.eh_frame       0x000948cc        0x4
 *(.eh_frame)
 .eh_frame      0x000948cc        0x4 /opt/sourcery-arm-201203/bin/../lib/gcc/arm-none-linux-gnueabi/4.6.3/crtend.o
 *(.eh_frame.*)

.gcc_except_table
 *(.gcc_except_table .gcc_except_table.*)

.gnu_extab
 *(.gnu_extab*)

.exception_ranges
 *(.exception_ranges .exception_ranges*)
                0x000948d0                . = (ALIGN (0x8000) - ((0x8000 - .) & 0x7fff))
                0x0009c8d0                . = DATA_SEGMENT_ALIGN (0x8000, 0x1000)

.eh_frame
 *(.eh_frame)
 *(.eh_frame.*)

.gnu_extab
 *(.gnu_extab)

.gcc_except_table
 *(.gcc_except_table .gcc_except_table.*)

.exception_ranges
 *(.exception_ranges .exception_ranges*)

.tdata
 *(.tdata .tdata.* .gnu.linkonce.td.*)

.tbss
 *(.tbss .tbss.* .gnu.linkonce.tb.*)
 *(.tcommon)

.preinit_array  0x0009c8d0        0x0
                0x0009c8d0                PROVIDE (__preinit_array_start, .)
 *(.preinit_array)
                0x0009c8d0                PROVIDE (__preinit_array_end, .)

.init_array     0x0009c8d0        0x4
                0x0009c8d0                PROVIDE (__init_array_start, .)
 *(SORT(.init_array.*))
 *(.init_array)
 .init_array    0x0009c8d0        0x4 /opt/sourcery-arm-201203/bin/../lib/gcc/arm-none-linux-gnueabi/4.6.3/crtbegin.o
                0x0009c8d4                PROVIDE (__init_array_end, .)

.fini_array     0x0009c8d4        0x4
                0x0009c8d4                PROVIDE (__fini_array_start, .)
 *(SORT(.fini_array.*))
 *(.fini_array)
 .fini_array    0x0009c8d4        0x4 /opt/sourcery-arm-201203/bin/../lib/gcc/arm-none-linux-gnueabi/4.6.3/crtbegin.o
                0x0009c8d8                PROVIDE (__fini_array_end, .)

.ctors
 *crtbegin.o(.ctors)
 *crtbegin?.o(.ctors)
 *(EXCLUDE_FILE(*crtend?.o *crtend.o) .ctors)
 *(SORT(.ctors.*))
 *(.ctors)

.dtors
 *crtbegin.o(.dtors)
 *crtbegin?.o(.dtors)
 *(EXCLUDE_FILE(*crtend?.o *crtend.o) .dtors)
 *(SORT(.dtors.*))
 *(.dtors)

.jcr            0x0009c8d8        0x4
 *(.jcr)
 .jcr           0x0009c8d8        0x0 /opt/sourcery-arm-201203/bin/../lib/gcc/arm-none-linux-gnueabi/4.6.3/crtbegin.o
 .jcr           0x0009c8d8        0x4 /opt/sourcery-arm-201203/bin/../lib/gcc/arm-none-linux-gnueabi/4.6.3/crtend.o

.data.rel.ro    0x0009c8dc       0x50
 *(.data.rel.ro.local* .gnu.linkonce.d.rel.ro.local.*)
 *(.data.rel.ro* .gnu.linkonce.d.rel.ro.*)
 .data.rel.ro   0x0009c8dc       0x50 ../common/lib/libsymm_mpc8313_PtpGpsSe.a(SISmain_gps.o)

.dynamic        0x0009c92c      0x108
 *(.dynamic)
 .dynamic       0x0009c92c      0x108 /opt/sourcery-arm-201203/bin/../arm-none-linux-gnueabi/libc/usr/lib/crt1.o
                0x0009c92c                _DYNAMIC
                0x0009ca34                . = DATA_SEGMENT_RELRO_END (., 0x0)

.got            0x0009ca34      0x68c
 *(.got.plt)
 .got.plt       0x0009ca34      0x184 /opt/sourcery-arm-201203/bin/../arm-none-linux-gnueabi/libc/usr/lib/crt1.o
                0x0009ca34                _GLOBAL_OFFSET_TABLE_
 *(.igot.plt)
 .igot.plt      0x00000000        0x0 /opt/sourcery-arm-201203/bin/../arm-none-linux-gnueabi/libc/usr/lib/crt1.o
 *(.got)
 .got           0x0009cbb8      0x508 /opt/sourcery-arm-201203/bin/../arm-none-linux-gnueabi/libc/usr/lib/crt1.o
 *(.igot)

.data           0x0009d0c0      0xbcc
                0x0009d0c0                PROVIDE (__data_start, .)
 *(.data .data.* .gnu.linkonce.d.*)
 .data          0x0009d0c0        0x4 /opt/sourcery-arm-201203/bin/../arm-none-linux-gnueabi/libc/usr/lib/crt1.o
                0x0009d0c0                data_start
                0x0009d0c0                __data_start
 .data          0x0009d0c4        0x0 /opt/sourcery-arm-201203/bin/../arm-none-linux-gnueabi/libc/usr/lib/crti.o
 .data          0x0009d0c4        0x4 /opt/sourcery-arm-201203/bin/../lib/gcc/arm-none-linux-gnueabi/4.6.3/crtbegin.o
                0x0009d0c4                __dso_handle
 .data          0x0009d0c8       0x1c ./natsemi_util/epl_1588_gps.o
 .data          0x0009d0e4        0x0 ./timestamper_if/sc_timestamp_gps.o
 .data          0x0009d0e4        0xc ./clock_if/sc_clock_if_gps.o
 .data          0x0009d0f0        0x2 ../common/network_if/sc_network_if_gps.o
 .data          0x0009d0f2        0x0 ../common/log/sc_log_gps.o
 *fill*         0x0009d0f2        0x2 00
 .data          0x0009d0f4        0x4 ../common/user_if/sc_ui_gps.o
 .data          0x0009d0f8       0x3c ../common/config_if/sc_readconfig_gps.o
                0x0009d0f8                kAccessTransportName
 .data          0x0009d134        0x0 ../common/chan_processing_if/sc_SSM_handling_gps.o